Component: ARM Compiler 5.06 (build 20) Tool: armlink [4d35a3]

==============================================================================

Section Cross References

    startup_stm32f0xx.o(STACK) refers (Special) to heapauxi.o(.text) for __use_two_region_memory
    startup_stm32f0xx.o(HEAP) refers (Special) to heapauxi.o(.text) for __use_two_region_memory
    startup_stm32f0xx.o(RESET) refers (Special) to heapauxi.o(.text) for __use_two_region_memory
    startup_stm32f0xx.o(RESET) refers to startup_stm32f0xx.o(STACK) for __initial_sp
    startup_stm32f0xx.o(RESET) refers to startup_stm32f0xx.o(.text) for Reset_Handler
    startup_stm32f0xx.o(RESET) refers to systick.o(i.SysTick_Handler) for SysTick_Handler
    startup_stm32f0xx.o(RESET) refers to usart.o(i.USART1_IRQHandler) for USART1_IRQHandler
    startup_stm32f0xx.o(.text) refers (Special) to heapauxi.o(.text) for __use_two_region_memory
    startup_stm32f0xx.o(.text) refers to startup_stm32f0xx.o(STACK) for __initial_sp
    startup_stm32f0xx.o(.text) refers to __main.o(!!!main) for __main
    startup_stm32f0xx.o(.text) refers to startup_stm32f0xx.o(HEAP) for Heap_Mem
    gpio_driver.o(i.ConfigVirualPort) refers to gpio_driver.o(i.TalkPort) for TalkPort
    gpio_driver.o(i.ConfigVirualPort) refers to gpio_driver.o(i.PinMode) for PinMode
    gpio_driver.o(i.ConfigVirualPort) refers to gpio_driver.o(i.SetSpeedPin) for SetSpeedPin
    gpio_driver.o(i.ConfigVirualPort) refers to gpio_driver.o(i.PinPUPD) for PinPUPD
    gpio_driver.o(i.ConfigVirualPort) refers to gpio_driver.o(i.PinPPorOD) for PinPPorOD
    gpio_driver.o(i.ConfigVirualPortDinamic) refers to gpio_driver.o(i.TalkPort) for TalkPort
    gpio_driver.o(i.ConfigVirualPortDinamic) refers to gpio_driver.o(i.PinMode) for PinMode
    gpio_driver.o(i.ConfigVirualPortDinamic) refers to gpio_driver.o(i.SetSpeedPin) for SetSpeedPin
    gpio_driver.o(i.ConfigVirualPortDinamic) refers to gpio_driver.o(i.PinPUPD) for PinPUPD
    gpio_driver.o(i.ConfigVirualPortDinamic) refers to gpio_driver.o(i.PinPPorOD) for PinPPorOD
    gpio_driver.o(i.PinModeVirtualPort) refers to gpio_driver.o(i.PinMode) for PinMode
    gpio_driver.o(i.WriteToVirtualPort) refers to gpio_driver.o(i.output_hight) for output_hight
    gpio_driver.o(i.WriteToVirtualPort) refers to gpio_driver.o(i.output_low) for output_low
    keyboard.o(i.DecodingScanCode) refers to keyboard.o(.bss) for KeyStatus
    keyboard.o(i.KeyboardInit) refers to gpio_driver.o(i.ConfigVirualPort) for ConfigVirualPort
    keyboard.o(i.KeyboardInit) refers to h1_alloc.o(.text) for malloc
    keyboard.o(i.KeyboardInit) refers to keyboard.o(.data) for KeyboardParametrs
    keyboard.o(i.KeyboardInit) refers to keyboard.o(.bss) for KeyStatus
    keyboard.o(i.KeyboardScan) refers to gpio_driver.o(i.PinModeVirtualPort) for PinModeVirtualPort
    keyboard.o(i.KeyboardScan) refers to gpio_driver.o(i.PinMode) for PinMode
    keyboard.o(i.KeyboardScan) refers to gpio_driver.o(i.output_low) for output_low
    keyboard.o(i.KeyboardScan) refers to gpio_driver.o(i.Pin_Value) for Pin_Value
    keyboard.o(i.KeyboardScan) refers to aeabi_sdiv.o(.text) for __aeabi_idivmod
    keyboard.o(i.KeyboardScan) refers to keyboard.o(.data) for i
    keyboard.o(i.KeyboardScan) refers to keyboard.o(.bss) for KeyStatus
    keyboard.o(.data) refers to keyboard.o(.constdata) for Row0
    platform_delay.o(i.delay_ms) refers to platform_delay.o(i.delay_us) for delay_us
    platform_delay.o(i.delay_us) refers to dflti.o(.text) for __aeabi_ui2d
    platform_delay.o(i.delay_us) refers to clock.o(i.clock_GetSYS) for clock_GetSYS
    platform_delay.o(i.delay_us) refers to ddiv.o(.text) for __aeabi_ddiv
    platform_delay.o(i.delay_us) refers to dmul.o(.text) for __aeabi_dmul
    platform_delay.o(i.delay_us) refers to dfixui.o(.text) for __aeabi_d2uiz
    pwm.o(i.CalculationStartValue) refers to pwm.o(i.GammaCorrection) for GammaCorrection
    pwm.o(i.CalculationStartValue) refers to fflti.o(.text) for __aeabi_ui2f
    pwm.o(i.CalculationStartValue) refers to fmul.o(x$fpl$fmul) for __aeabi_fmul
    pwm.o(i.CalculationStartValue) refers to ffixui.o(.text) for __aeabi_f2uiz
    pwm.o(i.GammaCorrection) refers to fflti.o(.text) for __aeabi_ui2f
    pwm.o(i.GammaCorrection) refers to f2d.o(.text) for __aeabi_f2d
    pwm.o(i.GammaCorrection) refers to dflti.o(.text) for __aeabi_ui2d
    pwm.o(i.GammaCorrection) refers to ddiv.o(.text) for __aeabi_ddiv
    pwm.o(i.GammaCorrection) refers to dmul.o(.text) for __aeabi_dmul
    pwm.o(i.GammaCorrection) refers to d2f.o(.text) for __aeabi_d2f
    pwm.o(i.PwmSetPersent) refers to pwm.o(i.pwm_GetChannel) for pwm_GetChannel
    pwm.o(i.PwmSetPersent) refers to pwm.o(i.pwm_SetValue) for pwm_SetValue
    pwm.o(i.PwmSetPersent) refers to pwm.o(i.GammaCorrection) for GammaCorrection
    pwm.o(i.PwmSetPersent) refers to fflti.o(.text) for __aeabi_ui2f
    pwm.o(i.PwmSetPersent) refers to fmul.o(x$fpl$fmul) for __aeabi_fmul
[...]
    Removing stm32f0xx_rcc.o(.revsh_text), (4 bytes).
    Removing stm32f0xx_rcc.o(i.RCC_ADCCLKConfig), (56 bytes).
    Removing stm32f0xx_rcc.o(i.RCC_AHBPeriphClockCmd), (32 bytes).
    Removing stm32f0xx_rcc.o(i.RCC_AHBPeriphResetCmd), (32 bytes).
    Removing stm32f0xx_rcc.o(i.RCC_APB1PeriphClockCmd), (32 bytes).
    Removing stm32f0xx_rcc.o(i.RCC_APB1PeriphResetCmd), (32 bytes).
    Removing stm32f0xx_rcc.o(i.RCC_APB2PeriphResetCmd), (32 bytes).
    Removing stm32f0xx_rcc.o(i.RCC_AdjustHSI14CalibrationValue), (32 bytes).
    Removing stm32f0xx_rcc.o(i.RCC_AdjustHSICalibrationValue), (32 bytes).
    Removing stm32f0xx_rcc.o(i.RCC_BackupResetCmd), (40 bytes).
    Removing stm32f0xx_rcc.o(i.RCC_CECCLKConfig), (28 bytes).
    Removing stm32f0xx_rcc.o(i.RCC_ClearFlag), (20 bytes).
    Removing stm32f0xx_rcc.o(i.RCC_ClearITPendingBit), (12 bytes).
    Removing stm32f0xx_rcc.o(i.RCC_ClockSecuritySystemCmd), (40 bytes).
    Removing stm32f0xx_rcc.o(i.RCC_DeInit), (120 bytes).
    Removing stm32f0xx_rcc.o(i.RCC_GetFlagStatus), (72 bytes).
    Removing stm32f0xx_rcc.o(i.RCC_GetITStatus), (28 bytes).
    Removing stm32f0xx_rcc.o(i.RCC_GetSYSCLKSource), (16 bytes).
    Removing stm32f0xx_rcc.o(i.RCC_HCLKConfig), (32 bytes).
    Removing stm32f0xx_rcc.o(i.RCC_HSEConfig), (16 bytes).
    Removing stm32f0xx_rcc.o(i.RCC_HSI14ADCRequestCmd), (36 bytes).
    Removing stm32f0xx_rcc.o(i.RCC_HSI14Cmd), (36 bytes).
    Removing stm32f0xx_rcc.o(i.RCC_HSI48Cmd), (40 bytes).
    Removing stm32f0xx_rcc.o(i.RCC_HSICmd), (36 bytes).
    Removing stm32f0xx_rcc.o(i.RCC_I2CCLKConfig), (28 bytes).
    Removing stm32f0xx_rcc.o(i.RCC_ITConfig), (32 bytes).
    Removing stm32f0xx_rcc.o(i.RCC_LSEConfig), (40 bytes).
    Removing stm32f0xx_rcc.o(i.RCC_LSEDriveConfig), (28 bytes).
    Removing stm32f0xx_rcc.o(i.RCC_LSICmd), (36 bytes).
    Removing stm32f0xx_rcc.o(i.RCC_MCOConfig), (28 bytes).
    Removing stm32f0xx_rcc.o(i.RCC_PCLKConfig), (36 bytes).
    Removing stm32f0xx_rcc.o(i.RCC_PLLCmd), (40 bytes).
    Removing stm32f0xx_rcc.o(i.RCC_PLLConfig), (36 bytes).
    Removing stm32f0xx_rcc.o(i.RCC_PREDIV1Config), (28 bytes).
    Removing stm32f0xx_rcc.o(i.RCC_RTCCLKCmd), (40 bytes).
    Removing stm32f0xx_rcc.o(i.RCC_RTCCLKConfig), (16 bytes).
    Removing stm32f0xx_rcc.o(i.RCC_SYSCLKConfig), (28 bytes).
    Removing stm32f0xx_rcc.o(i.RCC_USARTCLKConfig), (72 bytes).
    Removing stm32f0xx_rcc.o(i.RCC_USBCLKConfig), (28 bytes).
    Removing stm32f0xx_rcc.o(i.RCC_WaitForHSEStartUp), (60 bytes).
    Removing stm32f0xx_usart.o(.rev16_text), (4 bytes).
    Removing stm32f0xx_usart.o(.revsh_text), (4 bytes).
    Removing stm32f0xx_usart.o(i.USART_AddressDetectionConfig), (16 bytes).
    Removing stm32f0xx_usart.o(i.USART_AutoBaudRateCmd), (28 bytes).
    Removing stm32f0xx_usart.o(i.USART_AutoBaudRateConfig), (18 bytes).
    Removing stm32f0xx_usart.o(i.USART_ClearFlag), (4 bytes).
    Removing stm32f0xx_usart.o(i.USART_ClearITPendingBit), (18 bytes).
    Removing stm32f0xx_usart.o(i.USART_ClockInit), (36 bytes).
    Removing stm32f0xx_usart.o(i.USART_ClockStructInit), (12 bytes).
    Removing stm32f0xx_usart.o(i.USART_DECmd), (28 bytes).
    Removing stm32f0xx_usart.o(i.USART_DEPolarityConfig), (18 bytes).
    Removing stm32f0xx_usart.o(i.USART_DMACmd), (20 bytes).
    Removing stm32f0xx_usart.o(i.USART_DMAReceptionErrorConfig), (18 bytes).
    Removing stm32f0xx_usart.o(i.USART_DataInvCmd), (28 bytes).
    Removing stm32f0xx_usart.o(i.USART_DeInit), (240 bytes).
    Removing stm32f0xx_usart.o(i.USART_DirectionModeCmd), (20 bytes).
    Removing stm32f0xx_usart.o(i.USART_HalfDuplexCmd), (24 bytes).
    Removing stm32f0xx_usart.o(i.USART_InvPinCmd), (20 bytes).
    Removing stm32f0xx_usart.o(i.USART_IrDACmd), (24 bytes).
    Removing stm32f0xx_usart.o(i.USART_IrDAConfig), (16 bytes).
    Removing stm32f0xx_usart.o(i.USART_LINBreakDetectLengthConfig), (16 bytes).
    Removing stm32f0xx_usart.o(i.USART_LINCmd), (28 bytes).
    Removing stm32f0xx_usart.o(i.USART_MSBFirstCmd), (28 bytes).
    Removing stm32f0xx_usart.o(i.USART_MuteModeCmd), (28 bytes).
    Removing stm32f0xx_usart.o(i.USART_MuteModeWakeUpConfig), (18 bytes).
    Removing stm32f0xx_usart.o(i.USART_OneBitMethodCmd), (28 bytes).
    Removing stm32f0xx_usart.o(i.USART_OverSampling8Cmd), (28 bytes).
    Removing stm32f0xx_usart.o(i.USART_OverrunDetectionConfig), (18 bytes).
    Removing stm32f0xx_usart.o(i.USART_ReceiverTimeOutCmd), (28 bytes).
    Removing stm32f0xx_usart.o(i.USART_RequestCmd), (20 bytes).
    Removing stm32f0xx_usart.o(i.USART_STOPModeCmd), (24 bytes).
    Removing stm32f0xx_usart.o(i.USART_SWAPPinCmd), (28 bytes).
    Removing stm32f0xx_usart.o(i.USART_SetAddress), (18 bytes).
    Removing stm32f0xx_usart.o(i.USART_SetAutoRetryCount), (20 bytes).
    Removing stm32f0xx_usart.o(i.USART_SetBlockLength), (18 bytes).
    Removing stm32f0xx_usart.o(i.USART_SetDEAssertionTime), (20 bytes).
    Removing stm32f0xx_usart.o(i.USART_SetDEDeassertionTime), (20 bytes).
    Removing stm32f0xx_usart.o(i.USART_SetGuardTime), (16 bytes).
    Removing stm32f0xx_usart.o(i.USART_SetPrescaler), (18 bytes).
    Removing stm32f0xx_usart.o(i.USART_SetReceiverTimeOut), (16 bytes).
    Removing stm32f0xx_usart.o(i.USART_SmartCardCmd), (24 bytes).
    Removing stm32f0xx_usart.o(i.USART_SmartCardNACKCmd), (24 bytes).
    Removing stm32f0xx_usart.o(i.USART_StopModeWakeUpSourceConfig), (18 bytes).
    Removing stm32f0xx_usart.o(i.USART_StructInit), (24 bytes).
    Removing stm32f0xx_misc.o(.rev16_text), (4 bytes).
    Removing stm32f0xx_misc.o(.revsh_text), (4 bytes).
    Removing stm32f0xx_misc.o(i.NVIC_SystemLPConfig), (32 bytes).
    Removing stm32f0xx_misc.o(i.SysTick_CLKSourceConfig), (36 bytes).

150 unused section(s) (total 4076 bytes) removed from the image.

==============================================================================

Image Symbol Table

    Local Symbols

    Symbol Name                              Value     Ov Type        Size  Object(Section)

    ../clib/../cmprslib/zerorunl2.c          0x00000000   Number         0  __dczerorl2.o ABSOLUTE
    ../clib/angel/boardlib.s                 0x00000000   Number         0  boardinit1.o ABSOLUTE
    ../clib/angel/boardlib.s                 0x00000000   Number         0  boardinit3.o ABSOLUTE
    ../clib/angel/boardlib.s                 0x00000000   Number         0  boardinit2.o ABSOLUTE
    ../clib/angel/boardlib.s                 0x00000000   Number         0  boardshut.o ABSOLUTE
    ../clib/angel/handlers.s                 0x00000000   Number         0  __scatter_zi.o ABSOLUTE
    ../clib/angel/kernel.s                   0x00000000   Number         0  rtexit2.o ABSOLUTE
    ../clib/angel/kernel.s                   0x00000000   Number         0  __rtentry2.o ABSOLUTE
    ../clib/angel/kernel.s                   0x00000000   Number         0  rtexit.o ABSOLUTE
    ../clib/angel/kernel.s                   0x00000000   Number         0  __rtentry.o ABSOLUTE
    ../clib/angel/kernel.s                   0x00000000   Number         0  __rtentry4.o ABSOLUTE
    ../clib/angel/rt.s                       0x00000000   Number         0  rt_raise.o ABSOLUTE
    ../clib/angel/rt.s                       0x00000000   Number         0  rt_heap_descriptor_intlibspace.o ABSOLUTE
    ../clib/angel/rt.s                       0x00000000   Number         0  rt_heap_descriptor.o ABSOLUTE
    ../clib/angel/rt.s                       0x00000000   Number         0  aeabi_idiv0_sigfpe.o ABSOLUTE
    ../clib/angel/rt.s                       0x00000000   Number         0  aeabi_idiv0.o ABSOLUTE
    ../clib/angel/rt.s                       0x00000000   Number         0  rt_div0.o ABSOLUTE
    ../clib/angel/scatterp.s                 0x00000000   Number         0  __scatter.o ABSOLUTE
    ../clib/angel/startup.s                  0x00000000   Number         0  __main.o ABSOLUTE
    ../clib/angel/sys.s                      0x00000000   Number         0  mutex_dummy.o ABSOLUTE
    ../clib/angel/sys.s                      0x00000000   Number         0  libspace.o ABSOLUTE
    ../clib/angel/sys.s                      0x00000000   Number         0  sys_stackheap_outer.o ABSOLUTE
    ../clib/angel/sys.s                      0x00000000   Number         0  indicate_semi.o ABSOLUTE
    ../clib/angel/sys.s                      0x00000000   Number         0  use_no_semi.o ABSOLUTE
    ../clib/angel/sys.s                      0x00000000   Number         0  tempstk.o ABSOLUTE
    ../clib/angel/sysapp.c                   0x00000000   Number         0  sys_wrch.o ABSOLUTE
    ../clib/angel/sysapp.c                   0x00000000   Number         0  sys_command.o ABSOLUTE
    ../clib/angel/sysapp.c                   0x00000000   Number         0  sys_exit.o ABSOLUTE
    ../clib/armsys.c                         0x00000000   Number         0  _get_argv.o ABSOLUTE
    ../clib/armsys.c                         0x00000000   Number         0  no_argv.o ABSOLUTE
    ../clib/armsys.c                         0x00000000   Number         0  _get_argv_nomalloc.o ABSOLUTE
    ../clib/armsys.c                         0x00000000   Number         0  argv_veneer.o ABSOLUTE
    ../clib/division.s                       0x00000000   Number         0  aeabi_sdiv.o ABSOLUTE
    ../clib/division.s                       0x00000000   Number         0  aeabi_sdiv_div0.o ABSOLUTE
    ../clib/heap1.c                          0x00000000   Number         0  h1_init.o ABSOLUTE
    ../clib/heap1.c                          0x00000000   Number         0  h1_free_mt.o ABSOLUTE
    ../clib/heap1.c                          0x00000000   Number         0  h1_final_mt.o ABSOLUTE
    ../clib/heap1.c                          0x00000000   Number         0  h1_final.o ABSOLUTE
    ../clib/heap1.c                          0x00000000   Number         0  h1_init_mt.o ABSOLUTE
    ../clib/heap1.c                          0x00000000   Number         0  h1_free.o ABSOLUTE
    ../clib/heap1.c                          0x00000000   Number         0  h1_alloc_mt.o ABSOLUTE
    ../clib/heap1.c                          0x00000000   Number         0  h1_extend_mt.o ABSOLUTE
    ../clib/heap1.c                          0x00000000   Number         0  h1_alloc.o ABSOLUTE
    ../clib/heap1.c                          0x00000000   Number         0  h1_extend.o ABSOLUTE
    ../clib/heap2.c                          0x00000000   Number         0  heap2.o ABSOLUTE
    ../clib/heap2.c                          0x00000000   Number         0  fdtree.o ABSOLUTE
    ../clib/heap2.c                          0x00000000   Number         0  heap2mt.o ABSOLUTE
    ../clib/heapalloc.c                      0x00000000   Number         0  maybetermalloc1.o ABSOLUTE
    ../clib/heapalloc.c                      0x00000000   Number         0  malloc.o ABSOLUTE
    ../clib/heapalloc.c                      0x00000000   Number         0  maybetermalloc2.o ABSOLUTE
    ../clib/heapalloc.c                      0x00000000   Number         0  heapstubs.o ABSOLUTE
    ../clib/heapalloc.c                      0x00000000   Number         0  init_alloc.o ABSOLUTE
    ../clib/heapalloc.c                      0x00000000   Number         0  maybetermalloc1.o ABSOLUTE
    ../clib/heapalloc.c                      0x00000000   Number         0  hrguard.o ABSOLUTE
    ../clib/heapalloc.c                      0x00000000   Number         0  term_alloc.o ABSOLUTE
    ../clib/heapalloc.c                      0x00000000   Number         0  maybetermalloc2.o ABSOLUTE
    ../clib/heapalloc.c                      0x00000000   Number         0  free.o ABSOLUTE
    ../clib/heapalloc.c                      0x00000000   Number         0  hguard.o ABSOLUTE
    ../clib/heapaux.c                        0x00000000   Number         0  heapauxi.o ABSOLUTE
    ../clib/heapaux.c                        0x00000000   Number         0  heapauxa.o ABSOLUTE
    ../clib/libinit.s                        0x00000000   Number         0  libshutdown.o ABSOLUTE
    ../clib/libinit.s                        0x00000000   Number         0  libinit2.o ABSOLUTE
    ../clib/libinit.s                        0x00000000   Number         0  libinit.o ABSOLUTE
    ../clib/libinit.s                        0x00000000   Number         0  libshutdown2.o ABSOLUTE
    ../clib/memcpset.c                       0x00000000   Number         0  rt_memcpy.o ABSOLUTE
    ../clib/memcpset.c                       0x00000000   Number         0  rt_memcpy.o ABSOLUTE
    ../clib/memcpset.c                       0x00000000   Number         0  rt_memclr.o ABSOLUTE
    ../clib/signal.c                         0x00000000   Number         0  defsig_stak_inner.o ABSOLUTE
    ../clib/signal.c                         0x00000000   Number         0  defsig_rtred_inner.o ABSOLUTE
    ../clib/signal.c                         0x00000000   Number         0  defsig_abrt_inner.o ABSOLUTE
    ../clib/signal.c                         0x00000000   Number         0  defsig_fpe_outer.o ABSOLUTE
    ../clib/signal.c                         0x00000000   Number         0  defsig_fpe_inner.o ABSOLUTE
    ../clib/signal.c                         0x00000000   Number         0  defsig_general.o ABSOLUTE
    ../clib/signal.c                         0x00000000   Number         0  __raise.o ABSOLUTE
    ../clib/signal.c                         0x00000000   Number         0  defsig_cppl_inner.o ABSOLUTE
    ../clib/signal.c                         0x00000000   Number         0  defsig_exit.o ABSOLUTE
    ../clib/signal.c                         0x00000000   Number         0  defsig_fpe_formal.o ABSOLUTE
    ../clib/signal.c                         0x00000000   Number         0  defsig_rtmem_inner.o ABSOLUTE
    ../clib/signal.c                         0x00000000   Number         0  defsig_pvfn_inner.o ABSOLUTE
    ../clib/signal.c                         0x00000000   Number         0  defsig_rtmem_formal.o ABSOLUTE
    ../clib/signal.c                         0x00000000   Number         0  defsig_rtmem_outer.o ABSOLUTE
    ../clib/signal.c                         0x00000000   Number         0  defsig_segv_inner.o ABSOLUTE
    ../clib/signal.c                         0x00000000   Number         0  defsig_other.o ABSOLUTE
    ../clib/signal.s                         0x00000000   Number         0  defsig.o ABSOLUTE
    ../clib/stdlib.c                         0x00000000   Number         0  exit.o ABSOLUTE
    ../fplib/cfplib/d2f.c                    0x00000000   Number         0  d2f.o ABSOLUTE
    ../fplib/cfplib/ddiv.c                   0x00000000   Number         0  ddiv.o ABSOLUTE
    ../fplib/cfplib/dmul.c                   0x00000000   Number         0  dmul.o ABSOLUTE
    ../fplib/cfplib/f2d.c                    0x00000000   Number         0  f2d.o ABSOLUTE
    ../fplib/cfplib/ffix.c                   0x00000000   Number         0  ffixui.o ABSOLUTE
    ../fplib/cfplib/ffix.c                   0x00000000   Number         0  dfixui.o ABSOLUTE
    ../fplib/cfplib/fflt.c                   0x00000000   Number         0  dflti.o ABSOLUTE
    ../fplib/cfplib/fflt.c                   0x00000000   Number         0  fflti.o ABSOLUTE
    ../fplib/cfplib/fpinit.c                 0x00000000   Number         0  fpinit.o ABSOLUTE
    ../fplib/fmul6m.s                        0x00000000   Number         0  fmul.o ABSOLUTE
    ../fplib/usenofp.s                       0x00000000   Number         0  usenofp.o ABSOLUTE
    CMSIS\Device\ST\STM32F0xx\Source\Templates\arm\startup_stm32f0xx.s 0x00000000   Number         0  startup_stm32f0xx.o ABSOLUTE
    STM32F0xx_StdPeriph_Driver\\src\\stm32f0xx_gpio.c 0x00000000   Number         0  stm32f0xx_gpio.o ABSOLUTE
    STM32F0xx_StdPeriph_Driver\\src\\stm32f0xx_misc.c 0x00000000   Number         0  stm32f0xx_misc.o ABSOLUTE
    STM32F0xx_StdPeriph_Driver\\src\\stm32f0xx_rcc.c 0x00000000   Number         0  stm32f0xx_rcc.o ABSOLUTE
    STM32F0xx_StdPeriph_Driver\\src\\stm32f0xx_usart.c 0x00000000   Number         0  stm32f0xx_usart.o ABSOLUTE
    STM32F0xx_StdPeriph_Driver\src\stm32f0xx_gpio.c 0x00000000   Number         0  stm32f0xx_gpio.o ABSOLUTE
    STM32F0xx_StdPeriph_Driver\src\stm32f0xx_misc.c 0x00000000   Number         0  stm32f0xx_misc.o ABSOLUTE
    STM32F0xx_StdPeriph_Driver\src\stm32f0xx_rcc.c 0x00000000   Number         0  stm32f0xx_rcc.o ABSOLUTE
    STM32F0xx_StdPeriph_Driver\src\stm32f0xx_usart.c 0x00000000   Number         0  stm32f0xx_usart.o ABSOLUTE
    User\\src\\Keyboard.c                    0x00000000   Number         0  keyboard.o ABSOLUTE
    User\\src\\RingBuffer.c                  0x00000000   Number         0  ringbuffer.o ABSOLUTE
    User\\src\\Spi.c                         0x00000000   Number         0  spi.o ABSOLUTE
    User\\src\\WDT.c                         0x00000000   Number         0  wdt.o ABSOLUTE
    User\\src\\clock.c                       0x00000000   Number         0  clock.o ABSOLUTE
    User\\src\\crc_calc.c                    0x00000000   Number         0  crc_calc.o ABSOLUTE
    User\\src\\gpio_driver.c                 0x00000000   Number         0  gpio_driver.o ABSOLUTE
    User\\src\\main.c                        0x00000000   Number         0  main.o ABSOLUTE
    User\\src\\platform_delay.c              0x00000000   Number         0  platform_delay.o ABSOLUTE
    User\\src\\pwm.c                         0x00000000   Number         0  pwm.o ABSOLUTE
    User\\src\\systick.c                     0x00000000   Number         0  systick.o ABSOLUTE
    User\\src\\usart.c                       0x00000000   Number         0  usart.o ABSOLUTE
    User\src\Keyboard.c                      0x00000000   Number         0  keyboard.o ABSOLUTE
    User\src\RingBuffer.c                    0x00000000   Number         0  ringbuffer.o ABSOLUTE
    User\src\Spi.c                           0x00000000   Number         0  spi.o ABSOLUTE
    User\src\WDT.c                           0x00000000   Number         0  wdt.o ABSOLUTE
    User\src\clock.c                         0x00000000   Number         0  clock.o ABSOLUTE
    User\src\crc_calc.c                      0x00000000   Number         0  crc_calc.o ABSOLUTE
    User\src\gpio_driver.c                   0x00000000   Number         0  gpio_driver.o ABSOLUTE
    User\src\main.c                          0x00000000   Number         0  main.o ABSOLUTE
    User\src\platform_delay.c                0x00000000   Number         0  platform_delay.o ABSOLUTE
    User\src\pwm.c                           0x00000000   Number         0  pwm.o ABSOLUTE
    User\src\systick.c                       0x00000000   Number         0  systick.o ABSOLUTE
    User\src\usart.c                         0x00000000   Number         0  usart.o ABSOLUTE
    dc.s                                     0x00000000   Number         0  dc.o ABSOLUTE
    RESET                                    0x08000000   Section      192  startup_stm32f0xx.o(RESET)
    !!!main                                  0x080000c0   Section        8  __main.o(!!!main)
    !!!scatter                               0x080000c8   Section       60  __scatter.o(!!!scatter)
    !!handler_zi                             0x08000104   Section       28  __scatter_zi.o(!!handler_zi)
    .ARM.Collect$$libinit$$00000000          0x08000120   Section        2  libinit.o(.ARM.Collect$$libinit$$00000000)
    .ARM.Collect$$libinit$$00000002          0x08000122   Section        0  libinit2.o(.ARM.Collect$$libinit$$00000002)
    .ARM.Collect$$libinit$$00000004          0x08000122   Section        0  libinit2.o(.ARM.Collect$$libinit$$00000004)
    .ARM.Collect$$libinit$$00000005          0x08000122   Section        8  libinit2.o(.ARM.Collect$$libinit$$00000005)
    .ARM.Collect$$libinit$$0000000A          0x0800012a   Section        0  libinit2.o(.ARM.Collect$$libinit$$0000000A)
    .ARM.Collect$$libinit$$0000000C          0x0800012a   Section        0  libinit2.o(.ARM.Collect$$libinit$$0000000C)
    .ARM.Collect$$libinit$$0000000E          0x0800012a   Section        0  libinit2.o(.ARM.Collect$$libinit$$0000000E)
    .ARM.Collect$$libinit$$00000011          0x0800012a   Section        0  libinit2.o(.ARM.Collect$$libinit$$00000011)
    .ARM.Collect$$libinit$$00000013          0x0800012a   Section        0  libinit2.o(.ARM.Collect$$libinit$$00000013)
    .ARM.Collect$$libinit$$00000015          0x0800012a   Section        0  libinit2.o(.ARM.Collect$$libinit$$00000015)
    .ARM.Collect$$libinit$$00000017          0x0800012a   Section        0  libinit2.o(.ARM.Collect$$libinit$$00000017)
    .ARM.Collect$$libinit$$00000019          0x0800012a   Section        0  libinit2.o(.ARM.Collect$$libinit$$00000019)
    .ARM.Collect$$libinit$$0000001B          0x0800012a   Section        0  libinit2.o(.ARM.Collect$$libinit$$0000001B)
    .ARM.Collect$$libinit$$0000001D          0x0800012a   Section        0  libinit2.o(.ARM.Collect$$libinit$$0000001D)
    .ARM.Collect$$libinit$$0000001F          0x0800012a   Section        0  libinit2.o(.ARM.Collect$$libinit$$0000001F)
    .ARM.Collect$$libinit$$00000021          0x0800012a   Section        0  libinit2.o(.ARM.Collect$$libinit$$00000021)
    .ARM.Collect$$libinit$$00000023          0x0800012a   Section        0  libinit2.o(.ARM.Collect$$libinit$$00000023)
    .ARM.Collect$$libinit$$00000025          0x0800012a   Section        0  libinit2.o(.ARM.Collect$$libinit$$00000025)
    .ARM.Collect$$libinit$$0000002C          0x0800012a   Section        0  libinit2.o(.ARM.Collect$$libinit$$0000002C)
    .ARM.Collect$$libinit$$0000002E          0x0800012a   Section        0  libinit2.o(.ARM.Collect$$libinit$$0000002E)
    .ARM.Collect$$libinit$$00000030          0x0800012a   Section        0  libinit2.o(.ARM.Collect$$libinit$$00000030)
    .ARM.Collect$$libinit$$00000032          0x0800012a   Section        0  libinit2.o(.ARM.Collect$$libinit$$00000032)
    .ARM.Collect$$libinit$$00000033          0x0800012a   Section        2  libinit2.o(.ARM.Collect$$libinit$$00000033)
    .ARM.Collect$$libshutdown$$00000000      0x0800012c   Section        2  libshutdown.o(.ARM.Collect$$libshutdown$$00000000)
    .ARM.Collect$$libshutdown$$00000002      0x0800012e   Section        0  libshutdown2.o(.ARM.Collect$$libshutdown$$00000002)
    .ARM.Collect$$libshutdown$$00000004      0x0800012e   Section        0  libshutdown2.o(.ARM.Collect$$libshutdown$$00000004)
    .ARM.Collect$$libshutdown$$00000007      0x0800012e   Section        0  libshutdown2.o(.ARM.Collect$$libshutdown$$00000007)
    .ARM.Collect$$libshutdown$$0000000A      0x0800012e   Section        0  libshutdown2.o(.ARM.Collect$$libshutdown$$0000000A)
    .ARM.Collect$$libshutdown$$0000000C      0x0800012e   Section        0  libshutdown2.o(.ARM.Collect$$libshutdown$$0000000C)
    .ARM.Collect$$libshutdown$$0000000F      0x0800012e   Section        0  libshutdown2.o(.ARM.Collect$$libshutdown$$0000000F)
    .ARM.Collect$$libshutdown$$00000010      0x0800012e   Section        2  libshutdown2.o(.ARM.Collect$$libshutdown$$00000010)
    .ARM.Collect$$rtentry$$00000000          0x08000130   Section        0  __rtentry.o(.ARM.Collect$$rtentry$$00000000)
    .ARM.Collect$$rtentry$$00000002          0x08000130   Section        0  __rtentry2.o(.ARM.Collect$$rtentry$$00000002)
    .ARM.Collect$$rtentry$$00000004          0x08000130   Section        6  __rtentry4.o(.ARM.Collect$$rtentry$$00000004)
    .ARM.Collect$$rtentry$$00000009          0x08000136   Section        0  __rtentry2.o(.ARM.Collect$$rtentry$$00000009)
    .ARM.Collect$$rtentry$$0000000A          0x08000136   Section        4  __rtentry2.o(.ARM.Collect$$rtentry$$0000000A)
    .ARM.Collect$$rtentry$$0000000C          0x0800013a   Section        0  __rtentry2.o(.ARM.Collect$$rtentry$$0000000C)
    .ARM.Collect$$rtentry$$0000000D          0x0800013a   Section        8  __rtentry2.o(.ARM.Collect$$rtentry$$0000000D)
    .ARM.Collect$$rtexit$$00000000           0x08000142   Section        2  rtexit.o(.ARM.Collect$$rtexit$$00000000)
    .ARM.Collect$$rtexit$$00000002           0x08000144   Section        0  rtexit2.o(.ARM.Collect$$rtexit$$00000002)
    .ARM.Collect$$rtexit$$00000003           0x08000144   Section        4  rtexit2.o(.ARM.Collect$$rtexit$$00000003)
    .ARM.Collect$$rtexit$$00000004           0x08000148   Section        6  rtexit2.o(.ARM.Collect$$rtexit$$00000004)
    .emb_text                                0x08000150   Section        0  maybetermalloc1.o(.emb_text)
    .text                                    0x08000150   Section      108  startup_stm32f0xx.o(.text)
    .text                                    0x080001bc   Section        0  h1_alloc.o(.text)
    .text                                    0x0800021e   Section        0  rt_memclr.o(.text)
    .text                                    0x0800025e   Section      346  aeabi_sdiv.o(.text)
    .text                                    0x080003b8   Section        0  heapauxi.o(.text)
    .text                                    0x080003c0   Section        0  d2f.o(.text)
    .text                                    0x0800043c   Section        0  ddiv.o(.text)
    .text                                    0x08000884   Section        0  dflti.o(.text)
    .text                                    0x080008dc   Section        0  dmul.o(.text)
    .text                                    0x08000b24   Section        0  f2d.o(.text)
    .text                                    0x08000b78   Section        0  ffixui.o(.text)
    .text                                    0x08000ba8   Section        0  fflti.o(.text)
    .text                                    0x08000c08   Section        8  rt_heap_descriptor_intlibspace.o(.text)
    .text                                    0x08000c10   Section        0  hguard.o(.text)
    .text                                    0x08000c14   Section        0  init_alloc.o(.text)
    .text                                    0x08000c9c   Section        0  h1_init.o(.text)
    .text                                    0x08000caa   Section        0  h1_free.o(.text)
    .text                                    0x08000cf8   Section        8  libspace.o(.text)
    .text                                    0x08000d00   Section        0  h1_extend.o(.text)
    .text                                    0x08000d34   Section        0  defsig_rtmem_outer.o(.text)
    .text                                    0x08000d40   Section        2  use_no_semi.o(.text)
    .text                                    0x08000d42   Section       62  sys_stackheap_outer.o(.text)
    .text                                    0x08000d42   Section        0  indicate_semi.o(.text)
    .text                                    0x08000d80   Section        0  exit.o(.text)
    .text                                    0x08000d90   Section        0  defsig_exit.o(.text)
    .text                                    0x08000d9c   Section        0  defsig_rtmem_inner.o(.text)
    .text                                    0x08000dec   Section        0  sys_exit.o(.text)
    .text                                    0x08000df8   Section        0  defsig_general.o(.text)
    .text                                    0x08000e2c   Section        0  sys_wrch.o(.text)
    .text                                    0x08000e38   Section        0  __dczerorl2.o(.text)
    i.AHBPrescaler                           0x08000e90   Section        0  clock.o(i.AHBPrescaler)
    i.APBPrescaler                           0x08000ea0   Section        0  clock.o(i.APBPrescaler)
    i.CalculationStartValue                  0x08000eb0   Section        0  pwm.o(i.CalculationStartValue)
    CalculationStartValue                    0x08000eb1   Thumb Code    78  pwm.o(i.CalculationStartValue)
    i.CheckPressButton                       0x08000efe   Section        0  spi.o(i.CheckPressButton)
    i.ClockInit                              0x08000f00   Section        0  clock.o(i.ClockInit)
    i.ClockReset                             0x08000f4c   Section        0  clock.o(i.ClockReset)
    ClockReset                               0x08000f4d   Thumb Code   104  clock.o(i.ClockReset)
    i.ConfigVirualPort                       0x08000fc0   Section        0  gpio_driver.o(i.ConfigVirualPort)
    i.DecodingScanCode                       0x0800100c   Section        0  keyboard.o(i.DecodingScanCode)
    i.DirectLed                              0x08001090   Section        0  spi.o(i.DirectLed)
    i.GammaCorrection                        0x080010f0   Section        0  pwm.o(i.GammaCorrection)
    i.InitClockStruct                        0x08001144   Section        0  clock.o(i.InitClockStruct)
    InitClockStruct                          0x08001145   Thumb Code    18  clock.o(i.InitClockStruct)
    i.InitHSE                                0x0800115c   Section        0  clock.o(i.InitHSE)
    InitHSE                                  0x0800115d   Thumb Code   172  clock.o(i.InitHSE)
    i.InitHSI                                0x08001210   Section        0  clock.o(i.InitHSI)
    InitHSI                                  0x08001211   Thumb Code   102  clock.o(i.InitHSI)
    i.InitWhiteLed                           0x08001280   Section        0  main.o(i.InitWhiteLed)
    i.KeyboardInit                           0x080012d8   Section        0  keyboard.o(i.KeyboardInit)
    i.KeyboardScan                           0x08001400   Section        0  keyboard.o(i.KeyboardScan)
    i.NVIC_Init                              0x080015f0   Section        0  stm32f0xx_misc.o(i.NVIC_Init)
    i.NVIC_SetPriority                       0x08001660   Section        0  systick.o(i.NVIC_SetPriority)
    NVIC_SetPriority                         0x08001661   Thumb Code   110  systick.o(i.NVIC_SetPriority)
    i.PinAltFunc                             0x080016d8   Section        0  gpio_driver.o(i.PinAltFunc)
    i.PinMode                                0x0800172c   Section        0  gpio_driver.o(i.PinMode)
    i.PinModeVirtualPort                     0x08001754   Section        0  gpio_driver.o(i.PinModeVirtualPort)
    i.PinPPorOD                              0x08001776   Section        0  gpio_driver.o(i.PinPPorOD)
    i.PinPUPD                                0x080017a0   Section        0  gpio_driver.o(i.PinPUPD)
    i.Pin_Value                              0x080017c6   Section        0  gpio_driver.o(i.Pin_Value)
    i.PwmSetPersent                          0x080017e4   Section        0  pwm.o(i.PwmSetPersent)
    i.RCC_APB2PeriphClockCmd                 0x08001864   Section        0  stm32f0xx_rcc.o(i.RCC_APB2PeriphClockCmd)
    i.RCC_GetClocksFreq                      0x08001884   Section        0  stm32f0xx_rcc.o(i.RCC_GetClocksFreq)
    i.SPI1_ini                               0x08001acc   Section        0  spi.o(i.SPI1_ini)
    i.SelectBaseSystemSource                 0x08001b1c   Section        0  clock.o(i.SelectBaseSystemSource)
    SelectBaseSystemSource                   0x08001b1d   Thumb Code   116  clock.o(i.SelectBaseSystemSource)
    i.SelectMultPLL                          0x08001b94   Section        0  clock.o(i.SelectMultPLL)
    SelectMultPLL                            0x08001b95   Thumb Code    28  clock.o(i.SelectMultPLL)
    i.SelectPredivForPLL                     0x08001bb8   Section        0  clock.o(i.SelectPredivForPLL)
    SelectPredivForPLL                       0x08001bb9   Thumb Code    12  clock.o(i.SelectPredivForPLL)
    i.SelectSourceForPLL                     0x08001bc8   Section        0  clock.o(i.SelectSourceForPLL)
    SelectSourceForPLL                       0x08001bc9   Thumb Code    62  clock.o(i.SelectSourceForPLL)
    i.SetBR                                  0x08001c0c   Section        0  main.o(i.SetBR)
    i.SetSpeedPin                            0x08001c38   Section        0  gpio_driver.o(i.SetSpeedPin)
    i.SysTick_Handler                        0x08001c60   Section        0  systick.o(i.SysTick_Handler)
    i.SystickAddFunction                     0x08001cb4   Section        0  systick.o(i.SystickAddFunction)
    i.SystickInit                            0x08001d34   Section        0  systick.o(i.SystickInit)
    i.SystickScanEvent                       0x08001db4   Section        0  systick.o(i.SystickScanEvent)
    i.TalkPort                               0x08001de8   Section        0  gpio_driver.o(i.TalkPort)
    i.TogglePin                              0x08001f08   Section        0  gpio_driver.o(i.TogglePin)
    i.USART1_IRQHandler                      0x08001f1c   Section        0  usart.o(i.USART1_IRQHandler)
    i.USART_Cmd                              0x08002018   Section        0  stm32f0xx_usart.o(i.USART_Cmd)
    i.USART_GetFlagStatus                    0x08002030   Section        0  stm32f0xx_usart.o(i.USART_GetFlagStatus)
    i.USART_GetITStatus                      0x08002044   Section        0  stm32f0xx_usart.o(i.USART_GetITStatus)
    i.USART_ITConfig                         0x08002092   Section        0  stm32f0xx_usart.o(i.USART_ITConfig)
    i.USART_Init                             0x080020d4   Section        0  stm32f0xx_usart.o(i.USART_Init)
    i.USART_ReceiveData                      0x080021cc   Section        0  stm32f0xx_usart.o(i.USART_ReceiveData)
    i.USART_SendData                         0x080021d6   Section        0  stm32f0xx_usart.o(i.USART_SendData)
    i.UsartInit                              0x080021e0   Section        0  usart.o(i.UsartInit)
    i.UsartProcessing                        0x08002270   Section        0  main.o(i.UsartProcessing)
    i.WDTReset                               0x080026d4   Section        0  wdt.o(i.WDTReset)
    i.WDTStart                               0x080026e4   Section        0  wdt.o(i.WDTStart)
    i.WriteShiftReg                          0x08002758   Section        0  spi.o(i.WriteShiftReg)
    i.Write_SPI                              0x0800279c   Section        0  spi.o(i.Write_SPI)
    i.clock_GetAPB                           0x080027d4   Section        0  clock.o(i.clock_GetAPB)
    i.clock_GetSYS                           0x08002808   Section        0  clock.o(i.clock_GetSYS)
    i.crc16                                  0x08002814   Section        0  crc_calc.o(i.crc16)
    i.get_char                               0x0800284c   Section        0  usart.o(i.get_char)
    i.main                                   0x080028b0   Section        0  main.o(i.main)
    i.output_hight                           0x08002960   Section        0  gpio_driver.o(i.output_hight)
    i.output_low                             0x08002970   Section        0  gpio_driver.o(i.output_low)
    i.put_char                               0x08002984   Section        0  usart.o(i.put_char)
    i.pwm_GetChannel                         0x08002a08   Section        0  pwm.o(i.pwm_GetChannel)
    pwm_GetChannel                           0x08002a09   Thumb Code    20  pwm.o(i.pwm_GetChannel)
    i.pwm_Init                               0x08002a20   Section        0  pwm.o(i.pwm_Init)
    i.pwm_InitChannel                        0x08002a42   Section        0  pwm.o(i.pwm_InitChannel)
    pwm_InitChannel                          0x08002a43   Thumb Code   434  pwm.o(i.pwm_InitChannel)
    i.pwm_InitTimer                          0x08002bf4   Section        0  pwm.o(i.pwm_InitTimer)
    pwm_InitTimer                            0x08002bf5   Thumb Code   100  pwm.o(i.pwm_InitTimer)
    i.pwm_SetValue                           0x08002c60   Section        0  pwm.o(i.pwm_SetValue)
    pwm_SetValue                             0x08002c61   Thumb Code    48  pwm.o(i.pwm_SetValue)
    i.test                                   0x08002c90   Section        0  main.o(i.test)
    x$fpl$fmul                               0x08002ca0   Section      176  fmul.o(x$fpl$fmul)
    .constdata                               0x08002d50   Section       48  keyboard.o(.constdata)
    x$fpl$usenofp                            0x08002d50   Section        0  usenofp.o(x$fpl$usenofp)
    .constdata                               0x08002d80   Section       72  pwm.o(.constdata)
    Channels                                 0x08002d80   Data          72  pwm.o(.constdata)
    .constdata                               0x08002dc8   Section       60  clock.o(.constdata)
    .constdata                               0x08002e04   Section      168  spi.o(.constdata)
    .constdata                               0x08002eac   Section       16  usart.o(.constdata)
    .constdata                               0x08002ebc   Section        8  main.o(.constdata)
    .constdata                               0x08002ec4   Section      128  ddiv.o(.constdata)
    ddiv_reciptbl                            0x08002ec4   Data         128  ddiv.o(.constdata)
    .data                                    0x20000000   Section       46  keyboard.o(.data)
    i                                        0x2000002c   Data           1  keyboard.o(.data)
    k                                        0x2000002d   Data           1  keyboard.o(.data)
    .data                                    0x2000002e   Section        2  pwm.o(.data)
    StartValue                               0x2000002e   Data           2  pwm.o(.data)
    .data                                    0x20000030   Section        8  systick.o(.data)
    TimerFrequency                           0x20000030   Data           4  systick.o(.data)
    TimerCount                               0x20000034   Data           4  systick.o(.data)
    .data                                    0x20000038   Section        4  clock.o(.data)
    .data                                    0x2000003c   Section      104  spi.o(.data)
    .data                                    0x200000a4   Section       44  usart.o(.data)
    .data                                    0x200000d0   Section       27  main.o(.data)
    i                                        0x200000ea   Data           1  main.o(.data)
    .data                                    0x200000eb   Section      512  crc_calc.o(.data)
    .data                                    0x200002eb   Section       16  stm32f0xx_rcc.o(.data)
    APBAHBPrescTable                         0x200002eb   Data          16  stm32f0xx_rcc.o(.data)
    .bss                                     0x200002fc   Section       16  keyboard.o(.bss)
    .bss                                     0x2000030c   Section      180  systick.o(.bss)
    Handlers                                 0x2000030c   Data         180  systick.o(.bss)
    .bss                                     0x200003c0   Section       12  clock.o(.bss)
    .bss                                     0x200003cc   Section      536  usart.o(.bss)
    .bss                                     0x200005e4   Section       96  libspace.o(.bss)
    HEAP                                     0x20000648   Section      512  startup_stm32f0xx.o(HEAP)
    Heap_Mem                                 0x20000648   Data         512  startup_stm32f0xx.o(HEAP)
    STACK                                    0x20000848   Section     1024  startup_stm32f0xx.o(STACK)
    Stack_Mem                                0x20000848   Data        1024  startup_stm32f0xx.o(STACK)
    __initial_sp                             0x20000c48   Data           0  startup_stm32f0xx.o(STACK)

    Global Symbols

    Symbol Name                              Value     Ov Type        Size  Object(Section)

    BuildAttributes$$THM_ISAv3M$S$PE$A:L22$X:L11$S22$IEEE1$IW$USESV6$~STKCKD$USESV7$~SHL$OTIME$ROPI$EBA8$UX$STANDARDLIB$REQ8$PRES8$EABIv2 0x00000000   Number         0  anon$$obj.o ABSOLUTE
    __ARM_use_no_argv                        0x00000000   Number         0  main.o ABSOLUTE
    __ARM_exceptions_init                     - Undefined Weak Reference
    __alloca_initialize                       - Undefined Weak Reference
    __arm_preinit_                            - Undefined Weak Reference
    __cpp_initialize__aeabi_                  - Undefined Weak Reference
    __cxa_finalize                            - Undefined Weak Reference
    __rt_locale                               - Undefined Weak Reference
    __sigvec_lookup                           - Undefined Weak Reference
    __user_heap_extent                        - Undefined Weak Reference
    _atexit_init                              - Undefined Weak Reference
    _call_atexit_fns                          - Undefined Weak Reference
    _clock_init                               - Undefined Weak Reference
    _fp_trap_init                             - Undefined Weak Reference
    _fp_trap_shutdown                         - Undefined Weak Reference
    _get_lc_collate                           - Undefined Weak Reference
    _get_lc_ctype                             - Undefined Weak Reference
    _get_lc_monetary                          - Undefined Weak Reference
    _get_lc_numeric                           - Undefined Weak Reference
    _get_lc_time                              - Undefined Weak Reference
    _getenv_init                              - Undefined Weak Reference
    _handle_redirection                       - Undefined Weak Reference
    _initio                                   - Undefined Weak Reference
    _mutex_acquire                            - Undefined Weak Reference
    _mutex_free                               - Undefined Weak Reference
    _mutex_release                            - Undefined Weak Reference
    _rand_init                                - Undefined Weak Reference
    _signal_finish                            - Undefined Weak Reference
    _signal_init                              - Undefined Weak Reference
    _terminateio                              - Undefined Weak Reference
    __Vectors_Size                           0x000000c0   Number         0  startup_stm32f0xx.o ABSOLUTE
    __Vectors                                0x08000000   Data           4  startup_stm32f0xx.o(RESET)
    __Vectors_End                            0x080000c0   Data           0  startup_stm32f0xx.o(RESET)
    __main                                   0x080000c1   Thumb Code     8  __main.o(!!!main)
    __scatterload                            0x080000c9   Thumb Code     0  __scatter.o(!!!scatter)
    __scatterload_rt2                        0x080000c9   Thumb Code    52  __scatter.o(!!!scatter)
    __scatterload_rt2_thumb_only             0x080000c9   Thumb Code     0  __scatter.o(!!!scatter)
    __scatterload_null                       0x080000d9   Thumb Code     0  __scatter.o(!!!scatter)
    __scatterload_zeroinit                   0x08000105   Thumb Code    28  __scatter_zi.o(!!handler_zi)
    __rt_lib_init                            0x08000121   Thumb Code     0  libinit.o(.ARM.Collect$$libinit$$00000000)
    __rt_lib_init_fp_1                       0x08000123   Thumb Code     0  libinit2.o(.ARM.Collect$$libinit$$00000002)
    __rt_lib_init_heap_2                     0x08000123   Thumb Code     0  libinit2.o(.ARM.Collect$$libinit$$00000005)
    __rt_lib_init_preinit_1                  0x08000123   Thumb Code     0  libinit2.o(.ARM.Collect$$libinit$$00000004)
    __rt_lib_init_alloca_1                   0x0800012b   Thumb Code     0  libinit2.o(.ARM.Collect$$libinit$$0000002E)
    __rt_lib_init_argv_1                     0x0800012b   Thumb Code     0  libinit2.o(.ARM.Collect$$libinit$$0000002C)
    __rt_lib_init_atexit_1                   0x0800012b   Thumb Code     0  libinit2.o(.ARM.Collect$$libinit$$0000001B)
    __rt_lib_init_clock_1                    0x0800012b   Thumb Code     0  libinit2.o(.ARM.Collect$$libinit$$00000021)
    __rt_lib_init_cpp_1                      0x0800012b   Thumb Code     0  libinit2.o(.ARM.Collect$$libinit$$00000032)
    __rt_lib_init_exceptions_1               0x0800012b   Thumb Code     0  libinit2.o(.ARM.Collect$$libinit$$00000030)
    __rt_lib_init_fp_trap_1                  0x0800012b   Thumb Code     0  libinit2.o(.ARM.Collect$$libinit$$0000001F)
    __rt_lib_init_getenv_1                   0x0800012b   Thumb Code     0  libinit2.o(.ARM.Collect$$libinit$$00000023)
    __rt_lib_init_heap_1                     0x0800012b   Thumb Code     0  libinit2.o(.ARM.Collect$$libinit$$0000000A)
    __rt_lib_init_lc_collate_1               0x0800012b   Thumb Code     0  libinit2.o(.ARM.Collect$$libinit$$00000011)
    __rt_lib_init_lc_ctype_1                 0x0800012b   Thumb Code     0  libinit2.o(.ARM.Collect$$libinit$$00000013)
    __rt_lib_init_lc_monetary_1              0x0800012b   Thumb Code     0  libinit2.o(.ARM.Collect$$libinit$$00000015)
    __rt_lib_init_lc_numeric_1               0x0800012b   Thumb Code     0  libinit2.o(.ARM.Collect$$libinit$$00000017)
    __rt_lib_init_lc_time_1                  0x0800012b   Thumb Code     0  libinit2.o(.ARM.Collect$$libinit$$00000019)
    __rt_lib_init_rand_1                     0x0800012b   Thumb Code     0  libinit2.o(.ARM.Collect$$libinit$$0000000E)
    __rt_lib_init_return                     0x0800012b   Thumb Code     0  libinit2.o(.ARM.Collect$$libinit$$00000033)
    __rt_lib_init_signal_1                   0x0800012b   Thumb Code     0  libinit2.o(.ARM.Collect$$libinit$$0000001D)
    __rt_lib_init_stdio_1                    0x0800012b   Thumb Code     0  libinit2.o(.ARM.Collect$$libinit$$00000025)
    __rt_lib_init_user_alloc_1               0x0800012b   Thumb Code     0  libinit2.o(.ARM.Collect$$libinit$$0000000C)
    __rt_lib_shutdown                        0x0800012d   Thumb Code     0  libshutdown.o(.ARM.Collect$$libshutdown$$00000000)
    __rt_lib_shutdown_cpp_1                  0x0800012f   Thumb Code     0  libshutdown2.o(.ARM.Collect$$libshutdown$$00000002)
    __rt_lib_shutdown_fp_trap_1              0x0800012f   Thumb Code     0  libshutdown2.o(.ARM.Collect$$libshutdown$$00000007)
    __rt_lib_shutdown_heap_1                 0x0800012f   Thumb Code     0  libshutdown2.o(.ARM.Collect$$libshutdown$$0000000F)
    __rt_lib_shutdown_return                 0x0800012f   Thumb Code     0  libshutdown2.o(.ARM.Collect$$libshutdown$$00000010)
    __rt_lib_shutdown_signal_1               0x0800012f   Thumb Code     0  libshutdown2.o(.ARM.Collect$$libshutdown$$0000000A)
    __rt_lib_shutdown_stdio_1                0x0800012f   Thumb Code     0  libshutdown2.o(.ARM.Collect$$libshutdown$$00000004)
    __rt_lib_shutdown_user_alloc_1           0x0800012f   Thumb Code     0  libshutdown2.o(.ARM.Collect$$libshutdown$$0000000C)
    __rt_entry                               0x08000131   Thumb Code     0  __rtentry.o(.ARM.Collect$$rtentry$$00000000)
    __rt_entry_presh_1                       0x08000131   Thumb Code     0  __rtentry2.o(.ARM.Collect$$rtentry$$00000002)
    __rt_entry_sh                            0x08000131   Thumb Code     0  __rtentry4.o(.ARM.Collect$$rtentry$$00000004)
    __rt_entry_li                            0x08000137   Thumb Code     0  __rtentry2.o(.ARM.Collect$$rtentry$$0000000A)
    __rt_entry_postsh_1                      0x08000137   Thumb Code     0  __rtentry2.o(.ARM.Collect$$rtentry$$00000009)
    __rt_entry_main                          0x0800013b   Thumb Code     0  __rtentry2.o(.ARM.Collect$$rtentry$$0000000D)
    __rt_entry_postli_1                      0x0800013b   Thumb Code     0  __rtentry2.o(.ARM.Collect$$rtentry$$0000000C)
    __rt_exit                                0x08000143   Thumb Code     0  rtexit.o(.ARM.Collect$$rtexit$$00000000)
    __rt_exit_ls                             0x08000145   Thumb Code     0  rtexit2.o(.ARM.Collect$$rtexit$$00000003)
    __rt_exit_prels_1                        0x08000145   Thumb Code     0  rtexit2.o(.ARM.Collect$$rtexit$$00000002)
    __rt_exit_exit                           0x08000149   Thumb Code     0  rtexit2.o(.ARM.Collect$$rtexit$$00000004)
    Reset_Handler                            0x08000151   Thumb Code    34  startup_stm32f0xx.o(.text)
    _maybe_terminate_alloc                   0x08000151   Thumb Code     0  maybetermalloc1.o(.emb_text)
    NMI_Handler                              0x08000173   Thumb Code     2  startup_stm32f0xx.o(.text)
    HardFault_Handler                        0x08000175   Thumb Code     2  startup_stm32f0xx.o(.text)
    SVC_Handler                              0x08000177   Thumb Code     2  startup_stm32f0xx.o(.text)
    PendSV_Handler                           0x08000179   Thumb Code     2  startup_stm32f0xx.o(.text)
    ADC1_COMP_IRQHandler                     0x0800017d   Thumb Code     0  startup_stm32f0xx.o(.text)
    CEC_IRQHandler                           0x0800017d   Thumb Code     0  startup_stm32f0xx.o(.text)
    DMA1_Channel1_IRQHandler                 0x0800017d   Thumb Code     0  startup_stm32f0xx.o(.text)
    DMA1_Channel2_3_IRQHandler               0x0800017d   Thumb Code     0  startup_stm32f0xx.o(.text)
    DMA1_Channel4_5_IRQHandler               0x0800017d   Thumb Code     0  startup_stm32f0xx.o(.text)
    EXTI0_1_IRQHandler                       0x0800017d   Thumb Code     0  startup_stm32f0xx.o(.text)
    EXTI2_3_IRQHandler                       0x0800017d   Thumb Code     0  startup_stm32f0xx.o(.text)
    EXTI4_15_IRQHandler                      0x0800017d   Thumb Code     0  startup_stm32f0xx.o(.text)
    FLASH_IRQHandler                         0x0800017d   Thumb Code     0  startup_stm32f0xx.o(.text)
    I2C1_IRQHandler                          0x0800017d   Thumb Code     0  startup_stm32f0xx.o(.text)
    I2C2_IRQHandler                          0x0800017d   Thumb Code     0  startup_stm32f0xx.o(.text)
    PVD_IRQHandler                           0x0800017d   Thumb Code     0  startup_stm32f0xx.o(.text)
    RCC_IRQHandler                           0x0800017d   Thumb Code     0  startup_stm32f0xx.o(.text)
    RTC_IRQHandler                           0x0800017d   Thumb Code     0  startup_stm32f0xx.o(.text)
    SPI1_IRQHandler                          0x0800017d   Thumb Code     0  startup_stm32f0xx.o(.text)
    SPI2_IRQHandler                          0x0800017d   Thumb Code     0  startup_stm32f0xx.o(.text)
    TIM14_IRQHandler                         0x0800017d   Thumb Code     0  startup_stm32f0xx.o(.text)
    TIM15_IRQHandler                         0x0800017d   Thumb Code     0  startup_stm32f0xx.o(.text)
    TIM16_IRQHandler                         0x0800017d   Thumb Code     0  startup_stm32f0xx.o(.text)
    TIM17_IRQHandler                         0x0800017d   Thumb Code     0  startup_stm32f0xx.o(.text)
    TIM1_BRK_UP_TRG_COM_IRQHandler           0x0800017d   Thumb Code     0  startup_stm32f0xx.o(.text)
    TIM1_CC_IRQHandler                       0x0800017d   Thumb Code     0  startup_stm32f0xx.o(.text)
    TIM2_IRQHandler                          0x0800017d   Thumb Code     0  startup_stm32f0xx.o(.text)
    TIM3_IRQHandler                          0x0800017d   Thumb Code     0  startup_stm32f0xx.o(.text)
    TIM6_DAC_IRQHandler                      0x0800017d   Thumb Code     0  startup_stm32f0xx.o(.text)
    TS_IRQHandler                            0x0800017d   Thumb Code     0  startup_stm32f0xx.o(.text)
    USART2_IRQHandler                        0x0800017d   Thumb Code     0  startup_stm32f0xx.o(.text)
    WWDG_IRQHandler                          0x0800017d   Thumb Code     0  startup_stm32f0xx.o(.text)
    __user_initial_stackheap                 0x08000181   Thumb Code     0  startup_stm32f0xx.o(.text)
    malloc                                   0x080001bd   Thumb Code    98  h1_alloc.o(.text)
    _memset_w                                0x0800021f   Thumb Code    26  rt_memclr.o(.text)
    _memset                                  0x08000239   Thumb Code    30  rt_memclr.o(.text)
    __aeabi_memclr                           0x08000257   Thumb Code     4  rt_memclr.o(.text)
    __rt_memclr                              0x08000257   Thumb Code     0  rt_memclr.o(.text)
    __aeabi_memclr4                          0x0800025b   Thumb Code     0  rt_memclr.o(.text)
    __aeabi_memclr8                          0x0800025b   Thumb Code     0  rt_memclr.o(.text)
    __rt_memclr_w                            0x0800025b   Thumb Code     4  rt_memclr.o(.text)
    __aeabi_uidiv                            0x0800025f   Thumb Code     0  aeabi_sdiv.o(.text)
    __aeabi_uidivmod                         0x0800025f   Thumb Code    20  aeabi_sdiv.o(.text)
    __aeabi_idiv                             0x08000273   Thumb Code     0  aeabi_sdiv.o(.text)
    __aeabi_idivmod                          0x08000273   Thumb Code   326  aeabi_sdiv.o(.text)
    __use_two_region_memory                  0x080003b9   Thumb Code     2  heapauxi.o(.text)
    __rt_heap_escrow                         0x080003bb   Thumb Code     2  heapauxi.o(.text)
    __rt_heap_expand                         0x080003bd   Thumb Code     2  heapauxi.o(.text)
    __aeabi_d2f                              0x080003c1   Thumb Code     0  d2f.o(.text)
    _d2f                                     0x080003c1   Thumb Code   120  d2f.o(.text)
    __aeabi_ddiv                             0x0800043d   Thumb Code     0  ddiv.o(.text)
    _ddiv                                    0x0800043d   Thumb Code  1072  ddiv.o(.text)
    _drdiv                                   0x0800086d   Thumb Code    20  ddiv.o(.text)
    __aeabi_i2d_normalise                    0x08000885   Thumb Code    66  dflti.o(.text)
    __aeabi_i2d                              0x080008c7   Thumb Code    16  dflti.o(.text)
    _dflt                                    0x080008c7   Thumb Code     0  dflti.o(.text)
    __aeabi_ui2d                             0x080008d7   Thumb Code     6  dflti.o(.text)
    _dfltu                                   0x080008d7   Thumb Code     0  dflti.o(.text)
    __aeabi_dmul                             0x080008dd   Thumb Code     0  dmul.o(.text)
    _dmul                                    0x080008dd   Thumb Code   558  dmul.o(.text)
    __aeabi_f2d                              0x08000b25   Thumb Code     0  f2d.o(.text)
    _f2d                                     0x08000b25   Thumb Code    80  f2d.o(.text)
    __aeabi_f2uiz                            0x08000b79   Thumb Code     0  ffixui.o(.text)
    _ffixu                                   0x08000b79   Thumb Code    48  ffixui.o(.text)
    __aeabi_i2f_normalise                    0x08000ba9   Thumb Code    72  fflti.o(.text)
    __aeabi_i2f                              0x08000bf1   Thumb Code    16  fflti.o(.text)
    _fflt                                    0x08000bf1   Thumb Code     0  fflti.o(.text)
    __aeabi_ui2f                             0x08000c01   Thumb Code     6  fflti.o(.text)
    _ffltu                                   0x08000c01   Thumb Code     0  fflti.o(.text)
    __rt_heap_descriptor                     0x08000c09   Thumb Code     8  rt_heap_descriptor_intlibspace.o(.text)
    __use_no_heap                            0x08000c11   Thumb Code     2  hguard.o(.text)
    __heap$guard                             0x08000c13   Thumb Code     2  hguard.o(.text)
    _terminate_user_alloc                    0x08000c15   Thumb Code     2  init_alloc.o(.text)
    _init_user_alloc                         0x08000c17   Thumb Code     2  init_alloc.o(.text)
    __Heap_Full                              0x08000c19   Thumb Code    32  init_alloc.o(.text)
    __Heap_Broken                            0x08000c39   Thumb Code    10  init_alloc.o(.text)
    _init_alloc                              0x08000c43   Thumb Code    90  init_alloc.o(.text)
    __Heap_Initialize                        0x08000c9d   Thumb Code    10  h1_init.o(.text)
    __Heap_DescSize                          0x08000ca7   Thumb Code     4  h1_init.o(.text)
    free                                     0x08000cab   Thumb Code    76  h1_free.o(.text)
    __user_libspace                          0x08000cf9   Thumb Code     8  libspace.o(.text)
    __user_perproc_libspace                  0x08000cf9   Thumb Code     0  libspace.o(.text)
    __user_perthread_libspace                0x08000cf9   Thumb Code     0  libspace.o(.text)
    __Heap_ProvideMemory                     0x08000d01   Thumb Code    52  h1_extend.o(.text)
    __rt_SIGRTMEM                            0x08000d35   Thumb Code    12  defsig_rtmem_outer.o(.text)
    __I$use$semihosting                      0x08000d41   Thumb Code     0  use_no_semi.o(.text)
    __use_no_semihosting_swi                 0x08000d41   Thumb Code     2  use_no_semi.o(.text)
    __semihosting_library_function           0x08000d43   Thumb Code     0  indicate_semi.o(.text)
    __user_setup_stackheap                   0x08000d43   Thumb Code    62  sys_stackheap_outer.o(.text)
    exit                                     0x08000d81   Thumb Code    16  exit.o(.text)
    __sig_exit                               0x08000d91   Thumb Code    12  defsig_exit.o(.text)
    __rt_SIGRTMEM_inner                      0x08000d9d   Thumb Code    22  defsig_rtmem_inner.o(.text)
    _sys_exit                                0x08000ded   Thumb Code     8  sys_exit.o(.text)
    __default_signal_display                 0x08000df9   Thumb Code    52  defsig_general.o(.text)
    _ttywrch                                 0x08000e2d   Thumb Code    12  sys_wrch.o(.text)
    __decompress                             0x08000e39   Thumb Code     0  __dczerorl2.o(.text)
    __decompress1                            0x08000e39   Thumb Code    86  __dczerorl2.o(.text)
    AHBPrescaler                             0x08000e91   Thumb Code    12  clock.o(i.AHBPrescaler)
    APBPrescaler                             0x08000ea1   Thumb Code    12  clock.o(i.APBPrescaler)
    CheckPressButton                         0x08000eff   Thumb Code     2  spi.o(i.CheckPressButton)
    ClockInit                                0x08000f01   Thumb Code    66  clock.o(i.ClockInit)
    ConfigVirualPort                         0x08000fc1   Thumb Code    74  gpio_driver.o(i.ConfigVirualPort)
    DecodingScanCode                         0x0800100d   Thumb Code   128  keyboard.o(i.DecodingScanCode)
    DirectLed                                0x08001091   Thumb Code    92  spi.o(i.DirectLed)
    GammaCorrection                          0x080010f1   Thumb Code    82  pwm.o(i.GammaCorrection)
    InitWhiteLed                             0x08001281   Thumb Code    84  main.o(i.InitWhiteLed)
    KeyboardInit                             0x080012d9   Thumb Code   278  keyboard.o(i.KeyboardInit)
    KeyboardScan                             0x08001401   Thumb Code   470  keyboard.o(i.KeyboardScan)
    NVIC_Init                                0x080015f1   Thumb Code   106  stm32f0xx_misc.o(i.NVIC_Init)
    PinAltFunc                               0x080016d9   Thumb Code    84  gpio_driver.o(i.PinAltFunc)
    PinMode                                  0x0800172d   Thumb Code    40  gpio_driver.o(i.PinMode)
    PinModeVirtualPort                       0x08001755   Thumb Code    34  gpio_driver.o(i.PinModeVirtualPort)
    PinPPorOD                                0x08001777   Thumb Code    42  gpio_driver.o(i.PinPPorOD)
    PinPUPD                                  0x080017a1   Thumb Code    38  gpio_driver.o(i.PinPUPD)
    Pin_Value                                0x080017c7   Thumb Code    30  gpio_driver.o(i.Pin_Value)
    PwmSetPersent                            0x080017e5   Thumb Code   118  pwm.o(i.PwmSetPersent)
    RCC_APB2PeriphClockCmd                   0x08001865   Thumb Code    28  stm32f0xx_rcc.o(i.RCC_APB2PeriphClockCmd)
    RCC_GetClocksFreq                        0x08001885   Thumb Code   554  stm32f0xx_rcc.o(i.RCC_GetClocksFreq)
    SPI1_ini                                 0x08001acd   Thumb Code    68  spi.o(i.SPI1_ini)
    SetBR                                    0x08001c0d   Thumb Code    44  main.o(i.SetBR)
    SetSpeedPin                              0x08001c39   Thumb Code    40  gpio_driver.o(i.SetSpeedPin)
    SysTick_Handler                          0x08001c61   Thumb Code    80  systick.o(i.SysTick_Handler)
    SystickAddFunction                       0x08001cb5   Thumb Code   114  systick.o(i.SystickAddFunction)
    SystickInit                              0x08001d35   Thumb Code   102  systick.o(i.SystickInit)
    SystickScanEvent                         0x08001db5   Thumb Code    48  systick.o(i.SystickScanEvent)
    TalkPort                                 0x08001de9   Thumb Code   264  gpio_driver.o(i.TalkPort)
    TogglePin                                0x08001f09   Thumb Code    18  gpio_driver.o(i.TogglePin)
    USART1_IRQHandler                        0x08001f1d   Thumb Code   206  usart.o(i.USART1_IRQHandler)
    USART_Cmd                                0x08002019   Thumb Code    24  stm32f0xx_usart.o(i.USART_Cmd)
    USART_GetFlagStatus                      0x08002031   Thumb Code    20  stm32f0xx_usart.o(i.USART_GetFlagStatus)
    USART_GetITStatus                        0x08002045   Thumb Code    78  stm32f0xx_usart.o(i.USART_GetITStatus)
    USART_ITConfig                           0x08002093   Thumb Code    66  stm32f0xx_usart.o(i.USART_ITConfig)
    USART_Init                               0x080020d5   Thumb Code   226  stm32f0xx_usart.o(i.USART_Init)
    USART_ReceiveData                        0x080021cd   Thumb Code    10  stm32f0xx_usart.o(i.USART_ReceiveData)
    USART_SendData                           0x080021d7   Thumb Code     8  stm32f0xx_usart.o(i.USART_SendData)
    UsartInit                                0x080021e1   Thumb Code   114  usart.o(i.UsartInit)
    UsartProcessing                          0x08002271   Thumb Code  1112  main.o(i.UsartProcessing)
    WDTReset                                 0x080026d5   Thumb Code     8  wdt.o(i.WDTReset)
    WDTStart                                 0x080026e5   Thumb Code    92  wdt.o(i.WDTStart)
    WriteShiftReg                            0x08002759   Thumb Code    62  spi.o(i.WriteShiftReg)
    Write_SPI                                0x0800279d   Thumb Code    46  spi.o(i.Write_SPI)
    clock_GetAPB                             0x080027d5   Thumb Code    42  clock.o(i.clock_GetAPB)
    clock_GetSYS                             0x08002809   Thumb Code     6  clock.o(i.clock_GetSYS)
    crc16                                    0x08002815   Thumb Code    46  crc_calc.o(i.crc16)
    get_char                                 0x0800284d   Thumb Code    78  usart.o(i.get_char)
    main                                     0x080028b1   Thumb Code   140  main.o(i.main)
    output_hight                             0x08002961   Thumb Code    16  gpio_driver.o(i.output_hight)
    output_low                               0x08002971   Thumb Code    18  gpio_driver.o(i.output_low)
    put_char                                 0x08002985   Thumb Code   112  usart.o(i.put_char)
    pwm_Init                                 0x08002a21   Thumb Code    34  pwm.o(i.pwm_Init)
    test                                     0x08002c91   Thumb Code    10  main.o(i.test)
    __aeabi_fmul                             0x08002ca1   Thumb Code     0  fmul.o(x$fpl$fmul)
    _fmul                                    0x08002ca1   Thumb Code   172  fmul.o(x$fpl$fmul)
    Row0                                     0x08002d50   Data           8  keyboard.o(.constdata)
    __I$use$fp                               0x08002d50   Number         0  usenofp.o(x$fpl$usenofp)
    Row1                                     0x08002d58   Data           8  keyboard.o(.constdata)
    Row2                                     0x08002d60   Data           8  keyboard.o(.constdata)
    Col0                                     0x08002d68   Data           8  keyboard.o(.constdata)
    Col1                                     0x08002d70   Data           8  keyboard.o(.constdata)
    Col2                                     0x08002d78   Data           8  keyboard.o(.constdata)
    massMultPLL                              0x08002dc8   Data          60  clock.o(.constdata)
    MaskSB1W                                 0x08002e04   Data           8  spi.o(.constdata)
    MaskSB1Y                                 0x08002e0c   Data           8  spi.o(.constdata)
    MaskSB2W                                 0x08002e14   Data           8  spi.o(.constdata)
    MaskSB2Y                                 0x08002e1c   Data           8  spi.o(.constdata)
    MaskSB3W                                 0x08002e24   Data           8  spi.o(.constdata)
    MaskSB3Y                                 0x08002e2c   Data           8  spi.o(.constdata)
    MaskSB4W                                 0x08002e34   Data           8  spi.o(.constdata)
    MaskSB4Y                                 0x08002e3c   Data           8  spi.o(.constdata)
    MaskSB5W                                 0x08002e44   Data           8  spi.o(.constdata)
    MaskSB5Y                                 0x08002e4c   Data           8  spi.o(.constdata)
    MaskSB6W                                 0x08002e54   Data           8  spi.o(.constdata)
    MaskSB6Y                                 0x08002e5c   Data           8  spi.o(.constdata)
    MaskSB7W                                 0x08002e64   Data           8  spi.o(.constdata)
    MaskSB7Y                                 0x08002e6c   Data           8  spi.o(.constdata)
    MaskSB8W                                 0x08002e74   Data           8  spi.o(.constdata)
    MaskSB8Y                                 0x08002e7c   Data           8  spi.o(.constdata)
    SPI1MOSI                                 0x08002e84   Data           8  spi.o(.constdata)
    SPI1SCK                                  0x08002e8c   Data           8  spi.o(.constdata)
    SPI1LE                                   0x08002e94   Data           8  spi.o(.constdata)
    BR_W                                     0x08002e9c   Data           8  spi.o(.constdata)
    BR_Y                                     0x08002ea4   Data           8  spi.o(.constdata)
    TX                                       0x08002eac   Data           8  usart.o(.constdata)
    RX                                       0x08002eb4   Data           8  usart.o(.constdata)
    Led                                      0x08002ebc   Data           8  main.o(.constdata)
    Region$$Table$$Base                      0x08002f44   Number         0  anon$$obj.o(Region$$Table)
    Region$$Table$$Limit                     0x08002f64   Number         0  anon$$obj.o(Region$$Table)
    flag1                                    0x20000000   Data           1  keyboard.o(.data)
    generalflag                              0x20000001   Data           1  keyboard.o(.data)
    StateButton                              0x20000002   Data           1  keyboard.o(.data)
    KeyboardParametrs                        0x20000004   Data          12  keyboard.o(.data)
    ScanCode                                 0x20000010   Data           1  keyboard.o(.data)
    tempValue                                0x20000011   Data           1  keyboard.o(.data)
    ValuePwm                                 0x20000012   Data           2  keyboard.o(.data)
    Row                                      0x20000014   Data          12  keyboard.o(.data)
    Column                                   0x20000020   Data          12  keyboard.o(.data)
    CoreValue                                0x20000038   Data           4  clock.o(.data)
    LedInDD3                                 0x2000003c   Data           1  spi.o(.data)
    LedInDD2                                 0x2000003d   Data           1  spi.o(.data)
    Spi_Led                                  0x20000040   Data           8  spi.o(.data)
    MassButLedGreen                          0x20000048   Data          36  spi.o(.data)
    MassButLedWhite                          0x2000006c   Data          36  spi.o(.data)
    PortSpi                                  0x20000090   Data           8  spi.o(.data)
    LE                                       0x20000098   Data           4  spi.o(.data)
    V_BR                                     0x2000009c   Data           8  spi.o(.data)
    gpio                                     0x200000a4   Data           8  usart.o(.data)
    sendData                                 0x200000ac   Data           8  usart.o(.data)
    bytesToSend                              0x200000b4   Data           1  usart.o(.data)
    sendDataCounter                          0x200000b5   Data           1  usart.o(.data)
    rx_wr_index                              0x200000b6   Data           2  usart.o(.data)
    rx_rd_index                              0x200000b8   Data           2  usart.o(.data)
    rx_counter                               0x200000ba   Data           2  usart.o(.data)
    rx_buffer_overflow                       0x200000bc   Data           1  usart.o(.data)
    tx_wr_index                              0x200000be   Data           2  usart.o(.data)
    tx_rd_index                              0x200000c0   Data           2  usart.o(.data)
    tx_counter                               0x200000c2   Data           2  usart.o(.data)
    NVIC_InitStructure                       0x200000c4   Data           3  usart.o(.data)
    Usart1Pin                                0x200000c8   Data           8  usart.o(.data)
    t                                        0x200000d0   Data           1  main.o(.data)
    L                                        0x200000d4   Data           4  main.o(.data)
    Temp                                     0x200000d8   Data           1  main.o(.data)
    crc                                      0x200000da   Data           2  main.o(.data)
    TransmitMass                             0x200000dc   Data           4  main.o(.data)
    TempMass                                 0x200000e0   Data           4  main.o(.data)
    m                                        0x200000e4   Data           4  main.o(.data)
    CurrentBR                                0x200000e8   Data           1  main.o(.data)
    LedTemp                                  0x200000e9   Data           1  main.o(.data)
    table_crc_hi                             0x200000eb   Data         256  crc_calc.o(.data)
    table_crc_lo                             0x200001eb   Data         256  crc_calc.o(.data)
    KeyStatus                                0x200002fc   Data          16  keyboard.o(.bss)
    StructClock                              0x200003c0   Data          12  clock.o(.bss)
    usart                                    0x200003cc   Data          24  usart.o(.bss)
    rx_buffer                                0x200003e4   Data         256  usart.o(.bss)
    tx_buffer                                0x200004e4   Data         256  usart.o(.bss)
    __libspace_start                         0x200005e4   Data          96  libspace.o(.bss)
    __temporary_stack_top$libspace           0x20000644   Data           0  libspace.o(.bss)



==============================================================================

Memory Map of the image

  Image Entry point : 0x080000c1

  Load Region LR_IROM1 (Base: 0x08000000, Size: 0x00003260, Max: 0x00008000, ABSOLUTE, COMPRESSED[0x00003104])

    Execution Region ER_IROM1 (Base: 0x08000000, Size: 0x00002f64, Max: 0x00008000, ABSOLUTE)

    Base Addr    Size         Type   Attr      Idx    E Section Name        Object

    0x08000000   0x000000c0   Data   RO            3    RESET               startup_stm32f0xx.o
    0x080000c0   0x00000008   Code   RO         1571  * !!!main             c_p.l(__main.o)
    0x080000c8   0x0000003c   Code   RO         1816    !!!scatter          c_p.l(__scatter.o)
    0x08000104   0x0000001c   Code   RO         1818    !!handler_zi        c_p.l(__scatter_zi.o)
    0x08000120   0x00000002   Code   RO         1752    .ARM.Collect$$libinit$$00000000  c_p.l(libinit.o)
    0x08000122   0x00000000   Code   RO         1637    .ARM.Collect$$libinit$$00000002  c_p.l(libinit2.o)
    0x08000122   0x00000000   Code   RO         1639    .ARM.Collect$$libinit$$00000004  c_p.l(libinit2.o)
    0x08000122   0x00000008   Code   RO         1640    .ARM.Collect$$libinit$$00000005  c_p.l(libinit2.o)
    0x0800012a   0x00000000   Code   RO         1642    .ARM.Collect$$libinit$$0000000A  c_p.l(libinit2.o)
    0x0800012a   0x00000000   Code   RO         1644    .ARM.Collect$$libinit$$0000000C  c_p.l(libinit2.o)
    0x0800012a   0x00000000   Code   RO         1646    .ARM.Collect$$libinit$$0000000E  c_p.l(libinit2.o)
    0x0800012a   0x00000000   Code   RO         1649    .ARM.Collect$$libinit$$00000011  c_p.l(libinit2.o)
    0x0800012a   0x00000000   Code   RO         1651    .ARM.Collect$$libinit$$00000013  c_p.l(libinit2.o)
    0x0800012a   0x00000000   Code   RO         1653    .ARM.Collect$$libinit$$00000015  c_p.l(libinit2.o)
    0x0800012a   0x00000000   Code   RO         1655    .ARM.Collect$$libinit$$00000017  c_p.l(libinit2.o)
    0x0800012a   0x00000000   Code   RO         1657    .ARM.Collect$$libinit$$00000019  c_p.l(libinit2.o)
    0x0800012a   0x00000000   Code   RO         1659    .ARM.Collect$$libinit$$0000001B  c_p.l(libinit2.o)
    0x0800012a   0x00000000   Code   RO         1661    .ARM.Collect$$libinit$$0000001D  c_p.l(libinit2.o)
    0x0800012a   0x00000000   Code   RO         1663    .ARM.Collect$$libinit$$0000001F  c_p.l(libinit2.o)
    0x0800012a   0x00000000   Code   RO         1665    .ARM.Collect$$libinit$$00000021  c_p.l(libinit2.o)
    0x0800012a   0x00000000   Code   RO         1667    .ARM.Collect$$libinit$$00000023  c_p.l(libinit2.o)
    0x0800012a   0x00000000   Code   RO         1669    .ARM.Collect$$libinit$$00000025  c_p.l(libinit2.o)
    0x0800012a   0x00000000   Code   RO         1673    .ARM.Collect$$libinit$$0000002C  c_p.l(libinit2.o)
    0x0800012a   0x00000000   Code   RO         1675    .ARM.Collect$$libinit$$0000002E  c_p.l(libinit2.o)
    0x0800012a   0x00000000   Code   RO         1677    .ARM.Collect$$libinit$$00000030  c_p.l(libinit2.o)
    0x0800012a   0x00000000   Code   RO         1679    .ARM.Collect$$libinit$$00000032  c_p.l(libinit2.o)
    0x0800012a   0x00000002   Code   RO         1680    .ARM.Collect$$libinit$$00000033  c_p.l(libinit2.o)
    0x0800012c   0x00000002   Code   RO         1811    .ARM.Collect$$libshutdown$$00000000  c_p.l(libshutdown.o)
    0x0800012e   0x00000000   Code   RO         1769    .ARM.Collect$$libshutdown$$00000002  c_p.l(libshutdown2.o)
    0x0800012e   0x00000000   Code   RO         1771    .ARM.Collect$$libshutdown$$00000004  c_p.l(libshutdown2.o)
    0x0800012e   0x00000000   Code   RO         1774    .ARM.Collect$$libshutdown$$00000007  c_p.l(libshutdown2.o)
    0x0800012e   0x00000000   Code   RO         1777    .ARM.Collect$$libshutdown$$0000000A  c_p.l(libshutdown2.o)
    0x0800012e   0x00000000   Code   RO         1779    .ARM.Collect$$libshutdown$$0000000C  c_p.l(libshutdown2.o)
    0x0800012e   0x00000000   Code   RO         1782    .ARM.Collect$$libshutdown$$0000000F  c_p.l(libshutdown2.o)
    0x0800012e   0x00000002   Code   RO         1783    .ARM.Collect$$libshutdown$$00000010  c_p.l(libshutdown2.o)
    0x08000130   0x00000000   Code   RO         1594    .ARM.Collect$$rtentry$$00000000  c_p.l(__rtentry.o)
    0x08000130   0x00000000   Code   RO         1688    .ARM.Collect$$rtentry$$00000002  c_p.l(__rtentry2.o)
    0x08000130   0x00000006   Code   RO         1700    .ARM.Collect$$rtentry$$00000004  c_p.l(__rtentry4.o)
    0x08000136   0x00000000   Code   RO         1690    .ARM.Collect$$rtentry$$00000009  c_p.l(__rtentry2.o)
    0x08000136   0x00000004   Code   RO         1691    .ARM.Collect$$rtentry$$0000000A  c_p.l(__rtentry2.o)
    0x0800013a   0x00000000   Code   RO         1693    .ARM.Collect$$rtentry$$0000000C  c_p.l(__rtentry2.o)
    0x0800013a   0x00000008   Code   RO         1694    .ARM.Collect$$rtentry$$0000000D  c_p.l(__rtentry2.o)
    0x08000142   0x00000002   Code   RO         1756    .ARM.Collect$$rtexit$$00000000  c_p.l(rtexit.o)
    0x08000144   0x00000000   Code   RO         1787    .ARM.Collect$$rtexit$$00000002  c_p.l(rtexit2.o)
    0x08000144   0x00000004   Code   RO         1788    .ARM.Collect$$rtexit$$00000003  c_p.l(rtexit2.o)
    0x08000148   0x00000006   Code   RO         1789    .ARM.Collect$$rtexit$$00000004  c_p.l(rtexit2.o)
    0x0800014e   0x00000002   PAD
    0x08000150   0x00000000   Code   RO         1706    .emb_text           c_p.l(maybetermalloc1.o)
    0x08000150   0x0000006c   Code   RO            4    .text               startup_stm32f0xx.o
    0x080001bc   0x00000062   Code   RO         1509    .text               c_p.l(h1_alloc.o)
    0x0800021e   0x00000040   Code   RO         1563    .text               c_p.l(rt_memclr.o)
    0x0800025e   0x0000015a   Code   RO         1565    .text               c_p.l(aeabi_sdiv.o)
    0x080003b8   0x00000006   Code   RO         1569    .text               c_p.l(heapauxi.o)
    0x080003be   0x00000002   PAD
    0x080003c0   0x0000007c   Code   RO         1573    .text               fz_ps.l(d2f.o)
    0x0800043c   0x00000448   Code   RO         1575    .text               fz_ps.l(ddiv.o)
    0x08000884   0x00000058   Code   RO         1580    .text               fz_ps.l(dflti.o)
    0x080008dc   0x00000248   Code   RO         1582    .text               fz_ps.l(dmul.o)
    0x08000b24   0x00000054   Code   RO         1584    .text               fz_ps.l(f2d.o)
    0x08000b78   0x00000030   Code   RO         1586    .text               fz_ps.l(ffixui.o)
    0x08000ba8   0x0000005e   Code   RO         1588    .text               fz_ps.l(fflti.o)
    0x08000c06   0x00000002   PAD
    0x08000c08   0x00000008   Code   RO         1602    .text               c_p.l(rt_heap_descriptor_intlibspace.o)
    0x08000c10   0x00000004   Code   RO         1604    .text               c_p.l(hguard.o)
    0x08000c14   0x00000088   Code   RO         1606    .text               c_p.l(init_alloc.o)
    0x08000c9c   0x0000000e   Code   RO         1612    .text               c_p.l(h1_init.o)
    0x08000caa   0x0000004c   Code   RO         1614    .text               c_p.l(h1_free.o)
    0x08000cf6   0x00000002   PAD
    0x08000cf8   0x00000008   Code   RO         1684    .text               c_p.l(libspace.o)
    0x08000d00   0x00000034   Code   RO         1708    .text               c_p.l(h1_extend.o)
    0x08000d34   0x0000000c   Code   RO         1712    .text               c_p.l(defsig_rtmem_outer.o)
    0x08000d40   0x00000002   Code   RO         1723    .text               c_p.l(use_no_semi.o)
    0x08000d42   0x00000000   Code   RO         1725    .text               c_p.l(indicate_semi.o)
    0x08000d42   0x0000003e   Code   RO         1726    .text               c_p.l(sys_stackheap_outer.o)
    0x08000d80   0x00000010   Code   RO         1733    .text               c_p.l(exit.o)
    0x08000d90   0x0000000c   Code   RO         1735    .text               c_p.l(defsig_exit.o)
    0x08000d9c   0x00000050   Code   RO         1741    .text               c_p.l(defsig_rtmem_inner.o)
    0x08000dec   0x0000000c   Code   RO         1753    .text               c_p.l(sys_exit.o)
    0x08000df8   0x00000034   Code   RO         1764    .text               c_p.l(defsig_general.o)
    0x08000e2c   0x0000000c   Code   RO         1784    .text               c_p.l(sys_wrch.o)
    0x08000e38   0x00000056   Code   RO         1814    .text               c_p.l(__dczerorl2.o)
    0x08000e8e   0x00000002   PAD
    0x08000e90   0x00000010   Code   RO          502    i.AHBPrescaler      clock.o
    0x08000ea0   0x00000010   Code   RO          503    i.APBPrescaler      clock.o
    0x08000eb0   0x0000004e   Code   RO          278    i.CalculationStartValue  pwm.o
    0x08000efe   0x00000002   Code   RO          591    i.CheckPressButton  spi.o
    0x08000f00   0x0000004c   Code   RO          504    i.ClockInit         clock.o
    0x08000f4c   0x00000074   Code   RO          505    i.ClockReset        clock.o
    0x08000fc0   0x0000004a   Code   RO           12    i.ConfigVirualPort  gpio_driver.o
    0x0800100a   0x00000002   PAD
    0x0800100c   0x00000084   Code   RO          193    i.DecodingScanCode  keyboard.o
    0x08001090   0x00000060   Code   RO          592    i.DirectLed         spi.o
    0x080010f0   0x00000052   Code   RO          279    i.GammaCorrection   pwm.o
    0x08001142   0x00000002   PAD
    0x08001144   0x00000018   Code   RO          506    i.InitClockStruct   clock.o
    0x0800115c   0x000000b4   Code   RO          507    i.InitHSE           clock.o
    0x08001210   0x00000070   Code   RO          508    i.InitHSI           clock.o
    0x08001280   0x00000058   Code   RO          695    i.InitWhiteLed      main.o
    0x080012d8   0x00000128   Code   RO          194    i.KeyboardInit      keyboard.o
    0x08001400   0x000001f0   Code   RO          195    i.KeyboardScan      keyboard.o
    0x080015f0   0x00000070   Code   RO         1475    i.NVIC_Init         stm32f0xx_misc.o
    0x08001660   0x00000078   Code   RO          391    i.NVIC_SetPriority  systick.o
    0x080016d8   0x00000054   Code   RO           14    i.PinAltFunc        gpio_driver.o
    0x0800172c   0x00000028   Code   RO           15    i.PinMode           gpio_driver.o
    0x08001754   0x00000022   Code   RO           16    i.PinModeVirtualPort  gpio_driver.o
    0x08001776   0x0000002a   Code   RO           19    i.PinPPorOD         gpio_driver.o
    0x080017a0   0x00000026   Code   RO           20    i.PinPUPD           gpio_driver.o
    0x080017c6   0x0000001e   Code   RO           24    i.Pin_Value         gpio_driver.o
    0x080017e4   0x00000080   Code   RO          280    i.PwmSetPersent     pwm.o
    0x08001864   0x00000020   Code   RO          910    i.RCC_APB2PeriphClockCmd  stm32f0xx_rcc.o
    0x08001884   0x00000248   Code   RO          920    i.RCC_GetClocksFreq  stm32f0xx_rcc.o
    0x08001acc   0x00000050   Code   RO          593    i.SPI1_ini          spi.o
    0x08001b1c   0x00000078   Code   RO          509    i.SelectBaseSystemSource  clock.o
    0x08001b94   0x00000024   Code   RO          510    i.SelectMultPLL     clock.o
    0x08001bb8   0x00000010   Code   RO          511    i.SelectPredivForPLL  clock.o
    0x08001bc8   0x00000044   Code   RO          512    i.SelectSourceForPLL  clock.o
    0x08001c0c   0x0000002c   Code   RO          696    i.SetBR             main.o
    0x08001c38   0x00000028   Code   RO           26    i.SetSpeedPin       gpio_driver.o
    0x08001c60   0x00000054   Code   RO          392    i.SysTick_Handler   systick.o
    0x08001cb4   0x00000080   Code   RO          393    i.SystickAddFunction  systick.o
    0x08001d34   0x00000080   Code   RO          395    i.SystickInit       systick.o
    0x08001db4   0x00000034   Code   RO          397    i.SystickScanEvent  systick.o
    0x08001de8   0x00000120   Code   RO           27    i.TalkPort          gpio_driver.o
    0x08001f08   0x00000012   Code   RO           28    i.TogglePin         gpio_driver.o
    0x08001f1a   0x00000002   PAD
    0x08001f1c   0x000000fc   Code   RO          643    i.USART1_IRQHandler  usart.o
    0x08002018   0x00000018   Code   RO         1174    i.USART_Cmd         stm32f0xx_usart.o
    0x08002030   0x00000014   Code   RO         1182    i.USART_GetFlagStatus  stm32f0xx_usart.o
    0x08002044   0x0000004e   Code   RO         1183    i.USART_GetITStatus  stm32f0xx_usart.o
    0x08002092   0x00000042   Code   RO         1185    i.USART_ITConfig    stm32f0xx_usart.o
    0x080020d4   0x000000f8   Code   RO         1186    i.USART_Init        stm32f0xx_usart.o
    0x080021cc   0x0000000a   Code   RO         1198    i.USART_ReceiveData  stm32f0xx_usart.o
    0x080021d6   0x00000008   Code   RO         1203    i.USART_SendData    stm32f0xx_usart.o
    0x080021de   0x00000002   PAD
    0x080021e0   0x00000090   Code   RO          644    i.UsartInit         usart.o
    0x08002270   0x00000464   Code   RO          697    i.UsartProcessing   main.o
    0x080026d4   0x00000010   Code   RO          462    i.WDTReset          wdt.o
    0x080026e4   0x00000074   Code   RO          464    i.WDTStart          wdt.o
    0x08002758   0x00000044   Code   RO          594    i.WriteShiftReg     spi.o
    0x0800279c   0x00000038   Code   RO          595    i.Write_SPI         spi.o
    0x080027d4   0x00000034   Code   RO          513    i.clock_GetAPB      clock.o
    0x08002808   0x0000000c   Code   RO          514    i.clock_GetSYS      clock.o
    0x08002814   0x00000038   Code   RO          790    i.crc16             crc_calc.o
    0x0800284c   0x00000064   Code   RO          645    i.get_char          usart.o
    0x080028b0   0x000000b0   Code   RO          698    i.main              main.o
    0x08002960   0x00000010   Code   RO           31    i.output_hight      gpio_driver.o
    0x08002970   0x00000012   Code   RO           32    i.output_low        gpio_driver.o
    0x08002982   0x00000002   PAD
    0x08002984   0x00000084   Code   RO          646    i.put_char          usart.o
    0x08002a08   0x00000018   Code   RO          281    i.pwm_GetChannel    pwm.o
    0x08002a20   0x00000022   Code   RO          282    i.pwm_Init          pwm.o
    0x08002a42   0x000001b2   Code   RO          283    i.pwm_InitChannel   pwm.o
    0x08002bf4   0x0000006c   Code   RO          284    i.pwm_InitTimer     pwm.o
    0x08002c60   0x00000030   Code   RO          286    i.pwm_SetValue      pwm.o
    0x08002c90   0x00000010   Code   RO          699    i.test              main.o
    0x08002ca0   0x000000b0   Code   RO         1590    x$fpl$fmul          fz_ps.l(fmul.o)
    0x08002d50   0x00000000   Code   RO         1681    x$fpl$usenofp       fz_ps.l(usenofp.o)
    0x08002d50   0x00000030   Data   RO          197    .constdata          keyboard.o
    0x08002d80   0x00000048   Data   RO          287    .constdata          pwm.o
    0x08002dc8   0x0000003c   Data   RO          516    .constdata          clock.o
    0x08002e04   0x000000a8   Data   RO          596    .constdata          spi.o
    0x08002eac   0x00000010   Data   RO          648    .constdata          usart.o
    0x08002ebc   0x00000008   Data   RO          700    .constdata          main.o
    0x08002ec4   0x00000080   Data   RO         1576    .constdata          fz_ps.l(ddiv.o)
    0x08002f44   0x00000020   Data   RO         1812    Region$$Table       anon$$obj.o


    Execution Region RW_IRAM1 (Base: 0x20000000, Size: 0x00000c48, Max: 0x00001000, ABSOLUTE, COMPRESSED[0x000001a0])

    Base Addr    Size         Type   Attr      Idx    E Section Name        Object

    0x20000000   0x0000002e   Data   RW          198    .data               keyboard.o
    0x2000002e   0x00000002   Data   RW          288    .data               pwm.o
    0x20000030   0x00000008   Data   RW          400    .data               systick.o
    0x20000038   0x00000004   Data   RW          517    .data               clock.o
    0x2000003c   0x00000068   Data   RW          597    .data               spi.o
    0x200000a4   0x0000002c   Data   RW          649    .data               usart.o
    0x200000d0   0x0000001b   Data   RW          701    .data               main.o
    0x200000eb   0x00000200   Data   RW          791    .data               crc_calc.o
    0x200002eb   0x00000010   Data   RW          946    .data               stm32f0xx_rcc.o
    0x200002fb   0x00000001   PAD
    0x200002fc   0x00000010   Zero   RW          196    .bss                keyboard.o
    0x2000030c   0x000000b4   Zero   RW          399    .bss                systick.o
    0x200003c0   0x0000000c   Zero   RW          515    .bss                clock.o
    0x200003cc   0x00000218   Zero   RW          647    .bss                usart.o
    0x200005e4   0x00000060   Zero   RW         1685    .bss                c_p.l(libspace.o)
    0x20000644   0x00000004   PAD
    0x20000648   0x00000200   Zero   RW            2    HEAP                startup_stm32f0xx.o
    0x20000848   0x00000400   Zero   RW            1    STACK               startup_stm32f0xx.o


==============================================================================

Image component sizes


      Code (inc. data)   RO Data    RW Data    ZI Data      Debug   Object Name

       844         92         60          4         12       6208   clock.o
        56         10          0        512          0       1104   crc_calc.o
       722         24          0          0          0     186890   gpio_driver.o
       924         48         48         46         16       5735   keyboard.o
      1448         96          8         27          0       3922   main.o
         0          0          0          0          0        996   platform_delay.o
       936         22         72          2          0       5877   pwm.o
       302         32        168        104          0       4502   spi.o
       108         52        192          0       1536        720   startup_stm32f0xx.o
       112          6          0          0          0        876   stm32f0xx_misc.o
       616         34          0         16          0       2381   stm32f0xx_rcc.o
       454         22          0          0          0       5185   stm32f0xx_usart.o
       512         58          0          8        180       8972   systick.o
       628        118         16         44        536      13616   usart.o
       132         32          0          0          0        942   wdt.o

    ----------------------------------------------------------------------
      7804        646        596        764       2280     247926   Object Totals
         0          0         32          0          0          0   (incl. Generated)
        10          0          0          1          0          0   (incl. Padding)

    ----------------------------------------------------------------------

      Code (inc. data)   RO Data    RW Data    ZI Data      Debug   Library Member Name

        86          0          0          0          0          0   __dczerorl2.o
         8          0          0          0          0         68   __main.o
         0          0          0          0          0          0   __rtentry.o
        12          0          0          0          0          0   __rtentry2.o
         6          0          0          0          0          0   __rtentry4.o
        60          8          0          0          0          0   __scatter.o
        28          0          0          0          0          0   __scatter_zi.o
       346          0          0          0          0         92   aeabi_sdiv.o
        12          0          0          0          0         68   defsig_exit.o
        52          0          0          0          0         72   defsig_general.o
        80         58          0          0          0         68   defsig_rtmem_inner.o
        12          0          0          0          0         68   defsig_rtmem_outer.o
        16          0          0          0          0         68   exit.o
        98          0          0          0          0         72   h1_alloc.o
        52          0          0          0          0         68   h1_extend.o
        76          0          0          0          0         72   h1_free.o
        14          0          0          0          0         76   h1_init.o
         6          0          0          0          0        136   heapauxi.o
         4          0          0          0          0        120   hguard.o
         0          0          0          0          0          0   indicate_semi.o
       136          0          0          0          0        160   init_alloc.o
         2          0          0          0          0          0   libinit.o
        10          0          0          0          0          0   libinit2.o
         2          0          0          0          0          0   libshutdown.o
         2          0          0          0          0          0   libshutdown2.o
         8          4          0          0         96         68   libspace.o
         0          0          0          0          0          0   maybetermalloc1.o
         8          4          0          0          0         68   rt_heap_descriptor_intlibspace.o
        64          0          0          0          0        108   rt_memclr.o
         2          0          0          0          0          0   rtexit.o
        10          0          0          0          0          0   rtexit2.o
        12          4          0          0          0         60   sys_exit.o
        62          0          0          0          0         80   sys_stackheap_outer.o
        12          0          0          0          0         68   sys_wrch.o
         2          0          0          0          0         68   use_no_semi.o
       124          4          0          0          0         72   d2f.o
      1096         26        128          0          0        112   ddiv.o
        88          0          0          0          0         92   dflti.o
       584         26          0          0          0         84   dmul.o
        84          4          0          0          0         60   f2d.o
        48          0          0          0          0         60   ffixui.o
        94          0          0          0          0         92   fflti.o
       176          4          0          0          0         80   fmul.o
         0          0          0          0          0          0   usenofp.o

    ----------------------------------------------------------------------
      3604        142        128          0        100       2380   Library Totals
        10          0          0          0          4          0   (incl. Padding)

    ----------------------------------------------------------------------

      Code (inc. data)   RO Data    RW Data    ZI Data      Debug   Library Name

      1300         78          0          0         96       1728   c_p.l
      2294         64        128          0          0        652   fz_ps.l

    ----------------------------------------------------------------------
      3604        142        128          0        100       2380   Library Totals

    ----------------------------------------------------------------------

==============================================================================


      Code (inc. data)   RO Data    RW Data    ZI Data      Debug   

     11408        788        724        764       2380     246366   Grand Totals
     11408        788        724        416       2380     246366   ELF Image Totals (compressed)
     11408        788        724        416          0          0   ROM Totals

==============================================================================

    Total RO  Size (Code + RO Data)                12132 (  11.85kB)
    Total RW  Size (RW Data + ZI Data)              3144 (   3.07kB)
    Total ROM Size (Code + RO Data + RW Data)      12548 (  12.25kB)

==============================================================================

