Component: ARM Compiler 5.06 (build 20) Tool: armlink [4d35a3]

==============================================================================

Section Cross References

    startup_stm32f0xx.o(STACK) refers (Special) to heapauxi.o(.text) for __use_two_region_memory
    startup_stm32f0xx.o(HEAP) refers (Special) to heapauxi.o(.text) for __use_two_region_memory
    startup_stm32f0xx.o(RESET) refers (Special) to heapauxi.o(.text) for __use_two_region_memory
    startup_stm32f0xx.o(RESET) refers to startup_stm32f0xx.o(STACK) for __initial_sp
    startup_stm32f0xx.o(RESET) refers to startup_stm32f0xx.o(.text) for Reset_Handler
    startup_stm32f0xx.o(RESET) refers to systick.o(i.SysTick_Handler) for SysTick_Handler
    startup_stm32f0xx.o(RESET) refers to usart.o(i.USART1_IRQHandler) for USART1_IRQHandler
    startup_stm32f0xx.o(.text) refers (Special) to heapauxi.o(.text) for __use_two_region_memory
    startup_stm32f0xx.o(.text) refers to startup_stm32f0xx.o(STACK) for __initial_sp
    startup_stm32f0xx.o(.text) refers to __main.o(!!!main) for __main
    startup_stm32f0xx.o(.text) refers to startup_stm32f0xx.o(HEAP) for Heap_Mem
    gpio_driver.o(i.ConfigVirualPort) refers to gpio_driver.o(i.TalkPort) for TalkPort
    gpio_driver.o(i.ConfigVirualPort) refers to gpio_driver.o(i.PinMode) for PinMode
    gpio_driver.o(i.ConfigVirualPort) refers to gpio_driver.o(i.SetSpeedPin) for SetSpeedPin
    gpio_driver.o(i.ConfigVirualPort) refers to gpio_driver.o(i.PinPUPD) for PinPUPD
    gpio_driver.o(i.ConfigVirualPort) refers to gpio_driver.o(i.PinPPorOD) for PinPPorOD
    gpio_driver.o(i.ConfigVirualPortDinamic) refers to gpio_driver.o(i.TalkPort) for TalkPort
    gpio_driver.o(i.ConfigVirualPortDinamic) refers to gpio_driver.o(i.PinMode) for PinMode
    gpio_driver.o(i.ConfigVirualPortDinamic) refers to gpio_driver.o(i.SetSpeedPin) for SetSpeedPin
    gpio_driver.o(i.ConfigVirualPortDinamic) refers to gpio_driver.o(i.PinPUPD) for PinPUPD
    gpio_driver.o(i.ConfigVirualPortDinamic) refers to gpio_driver.o(i.PinPPorOD) for PinPPorOD
    gpio_driver.o(i.PinModeVirtualPort) refers to gpio_driver.o(i.PinMode) for PinMode
    gpio_driver.o(i.WriteToVirtualPort) refers to gpio_driver.o(i.output_hight) for output_hight
    gpio_driver.o(i.WriteToVirtualPort) refers to gpio_driver.o(i.output_low) for output_low
    keyboard.o(i.DecodingScanCode) refers to keyboard.o(.bss) for KeyStatus
    keyboard.o(i.KeyboardInit) refers to gpio_driver.o(i.ConfigVirualPort) for ConfigVirualPort
    keyboard.o(i.KeyboardInit) refers to h1_alloc.o(.text) for malloc
    keyboard.o(i.KeyboardInit) refers to keyboard.o(.data) for KeyboardParametrs
    keyboard.o(i.KeyboardInit) refers to keyboard.o(.bss) for KeyStatus
    keyboard.o(i.KeyboardScan) refers to gpio_driver.o(i.PinModeVirtualPort) for PinModeVirtualPort
    keyboard.o(i.KeyboardScan) refers to gpio_driver.o(i.PinMode) for PinMode
    keyboard.o(i.KeyboardScan) refers to gpio_driver.o(i.output_low) for output_low
    keyboard.o(i.KeyboardScan) refers to gpio_driver.o(i.Pin_Value) for Pin_Value
    keyboard.o(i.KeyboardScan) refers to aeabi_sdiv.o(.text) for __aeabi_idivmod
    keyboard.o(i.KeyboardScan) refers to keyboard.o(.data) for i
    keyboard.o(i.KeyboardScan) refers to keyboard.o(.bss) for KeyStatus
    keyboard.o(.data) refers to keyboard.o(.constdata) for Row0
    platform_delay.o(i.delay_ms) refers to platform_delay.o(i.delay_us) for delay_us
    platform_delay.o(i.delay_us) refers to dflti.o(.text) for __aeabi_ui2d
    platform_delay.o(i.delay_us) refers to clock.o(i.clock_GetSYS) for clock_GetSYS
    platform_delay.o(i.delay_us) refers to ddiv.o(.text) for __aeabi_ddiv
    platform_delay.o(i.delay_us) refers to dmul.o(.text) for __aeabi_dmul
    platform_delay.o(i.delay_us) refers to dfixui.o(.text) for __aeabi_d2uiz
    pwm.o(i.CalculationStartValue) refers to pwm.o(i.GammaCorrection) for GammaCorrection
    pwm.o(i.CalculationStartValue) refers to fflti.o(.text) for __aeabi_ui2f
    pwm.o(i.CalculationStartValue) refers to fmul.o(x$fpl$fmul) for __aeabi_fmul
    pwm.o(i.CalculationStartValue) refers to ffixui.o(.text) for __aeabi_f2uiz
    pwm.o(i.GammaCorrection) refers to fflti.o(.text) for __aeabi_ui2f
    pwm.o(i.GammaCorrection) refers to f2d.o(.text) for __aeabi_f2d
    pwm.o(i.GammaCorrection) refers to dflti.o(.text) for __aeabi_ui2d
    pwm.o(i.GammaCorrection) refers to ddiv.o(.text) for __aeabi_ddiv
    pwm.o(i.GammaCorrection) refers to dmul.o(.text) for __aeabi_dmul
    pwm.o(i.GammaCorrection) refers to d2f.o(.text) for __aeabi_d2f
    pwm.o(i.PwmSetPersent) refers to pwm.o(i.pwm_GetChannel) for pwm_GetChannel
    pwm.o(i.PwmSetPersent) refers to pwm.o(i.pwm_SetValue) for pwm_SetValue
    pwm.o(i.PwmSetPersent) refers to pwm.o(i.GammaCorrection) for GammaCorrection
    pwm.o(i.PwmSetPersent) refers to fflti.o(.text) for __aeabi_ui2f
    pwm.o(i.PwmSetPersent) refers to fmul.o(x$fpl$fmul) for __aeabi_fmul
[...]
    heap2mt.o(i._posix_memalign$realtime$concurrent) refers to rt_heap_descriptor_intlibspace.o(.text) for __rt_heap_descriptor
    heap2mt.o(i._posix_memalign$realtime$concurrent) refers to fdtree.o(i._FDTree_FindFirst) for _FDTree_FindFirst
    heap2mt.o(i._posix_memalign$realtime$concurrent) refers to init_alloc.o(.text) for __Heap_Full
    heap2mt.o(i._posix_memalign$realtime$concurrent) refers to fdtree.o(i._FDTree_RemoveNode) for _FDTree_RemoveNode
    heap2mt.o(i._posix_memalign$realtime$concurrent) refers to fdtree.o(i._FDTree_Insert) for _FDTree_Insert
    heap2mt.o(i._realloc$realtime$concurrent) refers to rt_heap_descriptor_intlibspace.o(.text) for __rt_heap_descriptor
    heap2mt.o(i._realloc$realtime$concurrent) refers to h1_free.o(.text) for free
    heap2mt.o(i._realloc$realtime$concurrent) refers to h1_alloc.o(.text) for malloc
    heap2mt.o(i._realloc$realtime$concurrent) refers to fdtree.o(i._FDTree_Delete) for _FDTree_Delete
    heap2mt.o(i._realloc$realtime$concurrent) refers to fdtree.o(i._FDTree_Insert) for _FDTree_Insert
    heap2mt.o(i._realloc$realtime$concurrent) refers to rt_memcpy.o(.emb_text) for __aeabi_memcpy4
    __main.o(!!!main) refers to __rtentry.o(.ARM.Collect$$rtentry$$00000000) for __rt_entry
    d2f.o(.text) refers (Special) to usenofp.o(x$fpl$usenofp) for __I$use$fp
    ddiv.o(.text) refers (Special) to usenofp.o(x$fpl$usenofp) for __I$use$fp
    ddiv.o(.text) refers to ddiv.o(.constdata) for .constdata
    ddiv.o(.constdata) refers (Special) to usenofp.o(x$fpl$usenofp) for __I$use$fp
    dfixui.o(.text) refers (Special) to usenofp.o(x$fpl$usenofp) for __I$use$fp
    dflti.o(.text) refers (Special) to usenofp.o(x$fpl$usenofp) for __I$use$fp
    dmul.o(.text) refers (Special) to usenofp.o(x$fpl$usenofp) for __I$use$fp
    f2d.o(.text) refers (Special) to usenofp.o(x$fpl$usenofp) for __I$use$fp
    ffixui.o(.text) refers (Special) to usenofp.o(x$fpl$usenofp) for __I$use$fp
    fflti.o(.text) refers (Special) to usenofp.o(x$fpl$usenofp) for __I$use$fp
    fmul.o(x$fpl$fmul) refers (Special) to usenofp.o(x$fpl$usenofp) for __I$use$fp
    __rtentry.o(.ARM.Collect$$rtentry$$00000000) refers (Special) to __rtentry2.o(.ARM.Collect$$rtentry$$0000000A) for __rt_entry_li
    __rtentry.o(.ARM.Collect$$rtentry$$00000000) refers (Special) to __rtentry2.o(.ARM.Collect$$rtentry$$0000000D) for __rt_entry_main
    __rtentry.o(.ARM.Collect$$rtentry$$00000000) refers (Special) to __rtentry2.o(.ARM.Collect$$rtentry$$0000000C) for __rt_entry_postli_1
    __rtentry.o(.ARM.Collect$$rtentry$$00000000) refers (Special) to __rtentry2.o(.ARM.Collect$$rtentry$$00000009) for __rt_entry_postsh_1
    __rtentry.o(.ARM.Collect$$rtentry$$00000000) refers (Special) to __rtentry2.o(.ARM.Collect$$rtentry$$00000002) for __rt_entry_presh_1
    __rtentry.o(.ARM.Collect$$rtentry$$00000000) refers (Special) to __rtentry4.o(.ARM.Collect$$rtentry$$00000004) for __rt_entry_sh
    aeabi_idiv0_sigfpe.o(.text) refers to rt_div0.o(.text) for __rt_div0
    rt_heap_descriptor.o(.text) refers to rt_heap_descriptor.o(.bss) for __rt_heap_descriptor_data
    rt_heap_descriptor_intlibspace.o(.text) refers to libspace.o(.bss) for __libspace_start
    init_alloc.o(.text) refers (Special) to hguard.o(.text) for __heap$guard
    init_alloc.o(.text) refers (Special) to libinit2.o(.ARM.Collect$$libinit$$00000005) for __rt_lib_init_heap_2
    init_alloc.o(.text) refers (Special) to maybetermalloc1.o(.emb_text) for _maybe_terminate_alloc
    init_alloc.o(.text) refers to h1_extend.o(.text) for __Heap_ProvideMemory
    init_alloc.o(.text) refers to defsig_rtmem_outer.o(.text) for __rt_SIGRTMEM
    init_alloc.o(.text) refers to rt_heap_descriptor_intlibspace.o(.text) for __rt_heap_descriptor
    init_alloc.o(.text) refers to h1_init.o(.text) for __Heap_Initialize
    free.o(.text) refers (Special) to hguard.o(.text) for __heap$guard
    free.o(.text) refers to rt_heap_descriptor_intlibspace.o(.text) for __rt_heap_descriptor
    h1_free.o(.text) refers to rt_heap_descriptor_intlibspace.o(.text) for __rt_heap_descriptor
    h1_free_mt.o(.text) refers to rt_heap_descriptor_intlibspace.o(.text) for __rt_heap_descriptor
    rt_memcpy.o(.text) refers to rt_memcpy.o(.emb_text) for __aeabi_memcpy4
    _get_argv.o(.text) refers (Special) to hrguard.o(.text) for __heap_region$guard
    _get_argv.o(.text) refers to h1_alloc.o(.text) for malloc
    _get_argv.o(.text) refers to defsig_rtmem_outer.o(.text) for __rt_SIGRTMEM
    _get_argv.o(.text) refers to sys_command.o(.text) for _sys_command_string
    libinit2.o(.ARM.Collect$$libinit$$00000005) refers (Weak) to init_alloc.o(.text) for _init_alloc
    libinit2.o(.ARM.Collect$$libinit$$00000010) refers to libinit2.o(.ARM.Collect$$libinit$$0000000F) for .ARM.Collect$$libinit$$0000000F
    libinit2.o(.ARM.Collect$$libinit$$00000012) refers to libinit2.o(.ARM.Collect$$libinit$$0000000F) for .ARM.Collect$$libinit$$0000000F
    libinit2.o(.ARM.Collect$$libinit$$00000014) refers to libinit2.o(.ARM.Collect$$libinit$$0000000F) for .ARM.Collect$$libinit$$0000000F
    libinit2.o(.ARM.Collect$$libinit$$00000016) refers to libinit2.o(.ARM.Collect$$libinit$$0000000F) for .ARM.Collect$$libinit$$0000000F
    libinit2.o(.ARM.Collect$$libinit$$00000018) refers to libinit2.o(.ARM.Collect$$libinit$$0000000F) for .ARM.Collect$$libinit$$0000000F
    libinit2.o(.ARM.Collect$$libinit$$00000026) refers to argv_veneer.o(.text) for __ARM_argv_veneer
    libinit2.o(.ARM.Collect$$libinit$$00000027) refers to argv_veneer.o(.text) for __ARM_argv_veneer
    sys_command.o(.text) refers (Special) to use_no_semi.o(.text) for __I$use$semihosting
    sys_command.o(.text) refers (Special) to indicate_semi.o(.text) for __semihosting_library_function
    libspace.o(.text) refers to libspace.o(.bss) for __libspace_start
    __rtentry2.o(.ARM.Collect$$rtentry$$00000008) refers to boardinit2.o(.text) for _platform_post_stackheap_init
    __rtentry2.o(.ARM.Collect$$rtentry$$0000000A) refers to libinit.o(.ARM.Collect$$libinit$$00000000) for __rt_lib_init
    __rtentry2.o(.ARM.Collect$$rtentry$$0000000B) refers to boardinit3.o(.text) for _platform_post_lib_init
    __rtentry2.o(.ARM.Collect$$rtentry$$0000000D) refers to main.o(i.main) for main
    __rtentry2.o(.ARM.Collect$$rtentry$$0000000D) refers to exit.o(.text) for exit
    __rtentry2.o(.ARM.exidx) refers to __rtentry2.o(.ARM.Collect$$rtentry$$00000001) for .ARM.Collect$$rtentry$$00000001
    __rtentry2.o(.ARM.exidx) refers to __rtentry2.o(.ARM.Collect$$rtentry$$00000008) for .ARM.Collect$$rtentry$$00000008
    __rtentry2.o(.ARM.exidx) refers to __rtentry2.o(.ARM.Collect$$rtentry$$0000000A) for .ARM.Collect$$rtentry$$0000000A
    __rtentry2.o(.ARM.exidx) refers to __rtentry2.o(.ARM.Collect$$rtentry$$0000000B) for .ARM.Collect$$rtentry$$0000000B
    __rtentry2.o(.ARM.exidx) refers to __rtentry2.o(.ARM.Collect$$rtentry$$0000000D) for .ARM.Collect$$rtentry$$0000000D
    __rtentry4.o(.ARM.Collect$$rtentry$$00000004) refers to sys_stackheap_outer.o(.text) for __user_setup_stackheap
    __rtentry4.o(.ARM.exidx) refers to __rtentry4.o(.ARM.Collect$$rtentry$$00000004) for .ARM.Collect$$rtentry$$00000004
    rt_div0.o(.text) refers to defsig_fpe_outer.o(.text) for __rt_SIGFPE
    maybetermalloc2.o(.emb_text) refers (Special) to term_alloc.o(.text) for _terminate_alloc
    h1_extend.o(.text) refers to h1_free.o(.text) for free
    h1_extend_mt.o(.text) refers to h1_free_mt.o(.text) for _free_internal
    defsig_rtmem_outer.o(.text) refers to defsig_rtmem_inner.o(.text) for __rt_SIGRTMEM_inner
    defsig_rtmem_outer.o(.text) refers to defsig_exit.o(.text) for __sig_exit
    defsig_rtmem_formal.o(.text) refers to rt_raise.o(.text) for __rt_raise
    heapauxa.o(.text) refers to heapauxa.o(.data) for .data
    sys_stackheap_outer.o(.text) refers to libspace.o(.text) for __user_perproc_libspace
    sys_stackheap_outer.o(.text) refers to startup_stm32f0xx.o(.text) for __user_initial_stackheap
    sys_stackheap_outer.o(__vectab_stack_and_reset_area) refers to tempstk.o(.text) for __temporary_stack_top
    sys_stackheap_outer.o(__vectab_stack_and_reset_area) refers to __main.o(!!!main) for __main
    rt_raise.o(.text) refers to __raise.o(.text) for __raise
    rt_raise.o(.text) refers to sys_exit.o(.text) for _sys_exit
    term_alloc.o(.text) refers (Special) to libshutdown2.o(.ARM.Collect$$libshutdown$$0000000E) for __rt_lib_shutdown_heap_2
    term_alloc.o(.text) refers to rt_heap_descriptor_intlibspace.o(.text) for __rt_heap_descriptor
    exit.o(.text) refers to rtexit.o(.ARM.Collect$$rtexit$$00000000) for __rt_exit
    defsig_exit.o(.text) refers to sys_exit.o(.text) for _sys_exit
    defsig_fpe_outer.o(.text) refers to defsig_fpe_inner.o(.text) for __rt_SIGFPE_inner
    defsig_fpe_outer.o(.text) refers to defsig_exit.o(.text) for __sig_exit
    defsig_fpe_formal.o(.text) refers to rt_raise.o(.text) for __rt_raise
    defsig_rtmem_inner.o(.text) refers to defsig_general.o(.text) for __default_signal_display
    _get_argv_nomalloc.o(.text) refers (Special) to hrguard.o(.text) for __heap_region$guard
    _get_argv_nomalloc.o(.text) refers to defsig_rtmem_outer.o(.text) for __rt_SIGRTMEM
    _get_argv_nomalloc.o(.text) refers to sys_command.o(.text) for _sys_command_string
    libinit.o(.ARM.Collect$$libinit$$00000000) refers (Special) to libinit2.o(.ARM.Collect$$libinit$$0000002E) for __rt_lib_init_alloca_1
    libinit.o(.ARM.Collect$$libinit$$00000000) refers (Special) to libinit2.o(.ARM.Collect$$libinit$$0000002C) for __rt_lib_init_argv_1
    libinit.o(.ARM.Collect$$libinit$$00000000) refers (Special) to libinit2.o(.ARM.Collect$$libinit$$0000001B) for __rt_lib_init_atexit_1
    libinit.o(.ARM.Collect$$libinit$$00000000) refers (Special) to libinit2.o(.ARM.Collect$$libinit$$00000021) for __rt_lib_init_clock_1
    libinit.o(.ARM.Collect$$libinit$$00000000) refers (Special) to libinit2.o(.ARM.Collect$$libinit$$00000032) for __rt_lib_init_cpp_1
    libinit.o(.ARM.Collect$$libinit$$00000000) refers (Special) to libinit2.o(.ARM.Collect$$libinit$$00000030) for __rt_lib_init_exceptions_1
    libinit.o(.ARM.Collect$$libinit$$00000000) refers (Special) to libinit2.o(.ARM.Collect$$libinit$$00000002) for __rt_lib_init_fp_1
    libinit.o(.ARM.Collect$$libinit$$00000000) refers (Special) to libinit2.o(.ARM.Collect$$libinit$$0000001F) for __rt_lib_init_fp_trap_1
    libinit.o(.ARM.Collect$$libinit$$00000000) refers (Special) to libinit2.o(.ARM.Collect$$libinit$$00000023) for __rt_lib_init_getenv_1
    libinit.o(.ARM.Collect$$libinit$$00000000) refers (Special) to libinit2.o(.ARM.Collect$$libinit$$0000000A) for __rt_lib_init_heap_1
    libinit.o(.ARM.Collect$$libinit$$00000000) refers (Special) to libinit2.o(.ARM.Collect$$libinit$$00000011) for __rt_lib_init_lc_collate_1
    libinit.o(.ARM.Collect$$libinit$$00000000) refers (Special) to libinit2.o(.ARM.Collect$$libinit$$00000013) for __rt_lib_init_lc_ctype_1
    libinit.o(.ARM.Collect$$libinit$$00000000) refers (Special) to libinit2.o(.ARM.Collect$$libinit$$00000015) for __rt_lib_init_lc_monetary_1
    libinit.o(.ARM.Collect$$libinit$$00000000) refers (Special) to libinit2.o(.ARM.Collect$$libinit$$00000017) for __rt_lib_init_lc_numeric_1
    libinit.o(.ARM.Collect$$libinit$$00000000) refers (Special) to libinit2.o(.ARM.Collect$$libinit$$00000019) for __rt_lib_init_lc_time_1
    libinit.o(.ARM.Collect$$libinit$$00000000) refers (Special) to libinit2.o(.ARM.Collect$$libinit$$00000004) for __rt_lib_init_preinit_1
    libinit.o(.ARM.Collect$$libinit$$00000000) refers (Special) to libinit2.o(.ARM.Collect$$libinit$$0000000E) for __rt_lib_init_rand_1
    libinit.o(.ARM.Collect$$libinit$$00000000) refers (Special) to libinit2.o(.ARM.Collect$$libinit$$00000033) for __rt_lib_init_return
    libinit.o(.ARM.Collect$$libinit$$00000000) refers (Special) to libinit2.o(.ARM.Collect$$libinit$$0000001D) for __rt_lib_init_signal_1
    libinit.o(.ARM.Collect$$libinit$$00000000) refers (Special) to libinit2.o(.ARM.Collect$$libinit$$00000025) for __rt_lib_init_stdio_1
    libinit.o(.ARM.Collect$$libinit$$00000000) refers (Special) to libinit2.o(.ARM.Collect$$libinit$$0000000C) for __rt_lib_init_user_alloc_1
    sys_exit.o(.text) refers (Special) to use_no_semi.o(.text) for __I$use$semihosting
    sys_exit.o(.text) refers (Special) to indicate_semi.o(.text) for __semihosting_library_function
    rtexit.o(.ARM.Collect$$rtexit$$00000000) refers (Special) to rtexit2.o(.ARM.Collect$$rtexit$$00000004) for __rt_exit_exit
    rtexit.o(.ARM.Collect$$rtexit$$00000000) refers (Special) to rtexit2.o(.ARM.Collect$$rtexit$$00000003) for __rt_exit_ls
    rtexit.o(.ARM.Collect$$rtexit$$00000000) refers (Special) to rtexit2.o(.ARM.Collect$$rtexit$$00000002) for __rt_exit_prels_1
    rtexit.o(.ARM.exidx) refers (Special) to rtexit2.o(.ARM.Collect$$rtexit$$00000004) for __rt_exit_exit
    rtexit.o(.ARM.exidx) refers (Special) to rtexit2.o(.ARM.Collect$$rtexit$$00000003) for __rt_exit_ls
    rtexit.o(.ARM.exidx) refers (Special) to rtexit2.o(.ARM.Collect$$rtexit$$00000002) for __rt_exit_prels_1
    rtexit.o(.ARM.exidx) refers to rtexit.o(.ARM.Collect$$rtexit$$00000000) for .ARM.Collect$$rtexit$$00000000
    __raise.o(.text) refers to defsig.o(CL$$defsig) for __default_signal_handler
    defsig_general.o(.text) refers to sys_wrch.o(.text) for _ttywrch
    defsig_fpe_inner.o(.text) refers to defsig_general.o(.text) for __default_signal_display
    libshutdown2.o(.ARM.Collect$$libshutdown$$0000000D) refers (Weak) to term_alloc.o(.text) for _terminate_alloc
    sys_wrch.o(.text) refers (Special) to use_no_semi.o(.text) for __I$use$semihosting
    sys_wrch.o(.text) refers (Special) to indicate_semi.o(.text) for __semihosting_library_function
    rtexit2.o(.ARM.Collect$$rtexit$$00000003) refers to libshutdown.o(.ARM.Collect$$libshutdown$$00000000) for __rt_lib_shutdown
    rtexit2.o(.ARM.Collect$$rtexit$$00000004) refers to sys_exit.o(.text) for _sys_exit
    rtexit2.o(.ARM.exidx) refers to rtexit2.o(.ARM.Collect$$rtexit$$00000001) for .ARM.Collect$$rtexit$$00000001
    rtexit2.o(.ARM.exidx) refers to rtexit2.o(.ARM.Collect$$rtexit$$00000003) for .ARM.Collect$$rtexit$$00000003
    rtexit2.o(.ARM.exidx) refers to rtexit2.o(.ARM.Collect$$rtexit$$00000004) for .ARM.Collect$$rtexit$$00000004
    defsig.o(CL$$defsig) refers to defsig_fpe_inner.o(.text) for __rt_SIGFPE_inner
    defsig.o(CL$$defsig) refers to defsig_rtmem_inner.o(.text) for __rt_SIGRTMEM_inner
    defsig_abrt_inner.o(.text) refers to defsig_general.o(.text) for __default_signal_display
    defsig_rtred_inner.o(.text) refers to defsig_general.o(.text) for __default_signal_display
    defsig_stak_inner.o(.text) refers to defsig_general.o(.text) for __default_signal_display
    defsig_pvfn_inner.o(.text) refers to defsig_general.o(.text) for __default_signal_display
    defsig_cppl_inner.o(.text) refers to defsig_general.o(.text) for __default_signal_display
    defsig_segv_inner.o(.text) refers to defsig_general.o(.text) for __default_signal_display
    defsig_other.o(.text) refers to defsig_general.o(.text) for __default_signal_display
    libshutdown.o(.ARM.Collect$$libshutdown$$00000000) refers (Special) to libshutdown2.o(.ARM.Collect$$libshutdown$$00000002) for __rt_lib_shutdown_cpp_1
    libshutdown.o(.ARM.Collect$$libshutdown$$00000000) refers (Special) to libshutdown2.o(.ARM.Collect$$libshutdown$$00000007) for __rt_lib_shutdown_fp_trap_1
    libshutdown.o(.ARM.Collect$$libshutdown$$00000000) refers (Special) to libshutdown2.o(.ARM.Collect$$libshutdown$$0000000F) for __rt_lib_shutdown_heap_1
    libshutdown.o(.ARM.Collect$$libshutdown$$00000000) refers (Special) to libshutdown2.o(.ARM.Collect$$libshutdown$$00000010) for __rt_lib_shutdown_return
    libshutdown.o(.ARM.Collect$$libshutdown$$00000000) refers (Special) to libshutdown2.o(.ARM.Collect$$libshutdown$$0000000A) for __rt_lib_shutdown_signal_1
    libshutdown.o(.ARM.Collect$$libshutdown$$00000000) refers (Special) to libshutdown2.o(.ARM.Collect$$libshutdown$$00000004) for __rt_lib_shutdown_stdio_1
    libshutdown.o(.ARM.Collect$$libshutdown$$00000000) refers (Special) to libshutdown2.o(.ARM.Collect$$libshutdown$$0000000C) for __rt_lib_shutdown_user_alloc_1


==============================================================================

Removing Unused input sections from the image.

    Removing gpio_driver.o(.rev16_text), (4 bytes).
    Removing gpio_driver.o(.revsh_text), (4 bytes).
    Removing gpio_driver.o(i.ConfigVirualPortDinamic), (74 bytes).
    Removing gpio_driver.o(i.PinModeVirtualPort), (34 bytes).
    Removing gpio_driver.o(i.PinNoPUPD), (34 bytes).
    Removing gpio_driver.o(i.PinOpenDrain), (18 bytes).
    Removing gpio_driver.o(i.PinPullDown), (34 bytes).
    Removing gpio_driver.o(i.PinPullUp), (34 bytes).
    Removing gpio_driver.o(i.PinPushPull), (18 bytes).
    Removing gpio_driver.o(i.Pin_Value), (30 bytes).
    Removing gpio_driver.o(i.SetPinValue), (38 bytes).
    Removing gpio_driver.o(i.TogglePin), (18 bytes).
    Removing gpio_driver.o(i.WriteToVirtualPort), (52 bytes).
    Removing gpio_driver.o(i.gpio_DigitalInput), (20 bytes).
    Removing gpio_driver.o(i.output_hight), (16 bytes).
    Removing gpio_driver.o(i.output_low), (18 bytes).
    Removing keyboard.o(.rev16_text), (4 bytes).
    Removing keyboard.o(.revsh_text), (4 bytes).
    Removing keyboard.o(i.DecodingScanCode), (132 bytes).
    Removing keyboard.o(i.KeyboardInit), (296 bytes).
    Removing keyboard.o(i.KeyboardScan), (496 bytes).
    Removing keyboard.o(.bss), (16 bytes).
    Removing keyboard.o(.constdata), (48 bytes).
    Removing keyboard.o(.data), (46 bytes).
    Removing platform_delay.o(.rev16_text), (4 bytes).
    Removing platform_delay.o(.revsh_text), (4 bytes).
    Removing platform_delay.o(i.delay_ms), (18 bytes).
    Removing platform_delay.o(i.delay_us), (80 bytes).
    Removing pwm.o(.rev16_text), (4 bytes).
    Removing pwm.o(.revsh_text), (4 bytes).
    Removing pwm.o(i.PwmSetPersent), (128 bytes).
    Removing ringbuffer.o(.rev16_text), (4 bytes).
    Removing ringbuffer.o(.revsh_text), (4 bytes).
    Removing ringbuffer.o(i.ReadFromRingBuff), (48 bytes).
    Removing ringbuffer.o(i.RingBuffEmpty), (28 bytes).
    Removing ringbuffer.o(i.SizeWriteDataToRingBuff), (24 bytes).
    Removing ringbuffer.o(i.WriteToRingBuff), (40 bytes).
    Removing ringbuffer.o(.data), (10 bytes).
    Removing systick.o(.rev16_text), (4 bytes).
    Removing systick.o(.revsh_text), (4 bytes).
    Removing systick.o(i.SystickAddFunction), (128 bytes).
    Removing systick.o(i.SystickChangeFrequency), (84 bytes).
    Removing systick.o(i.SystickResume), (48 bytes).
    Removing systick.o(i.SystickScanEvent), (52 bytes).
    Removing systick.o(i.SystickStop), (56 bytes).
    Removing wdt.o(.rev16_text), (4 bytes).
    Removing wdt.o(.revsh_text), (4 bytes).
    Removing wdt.o(i.WDTDisable), (2 bytes).
    Removing wdt.o(i.WDTReset), (16 bytes).
    Removing wdt.o(i.WDTResetBy), (20 bytes).
    Removing wdt.o(i.WDTStart), (116 bytes).
    Removing clock.o(.rev16_text), (4 bytes).
    Removing clock.o(.revsh_text), (4 bytes).
    Removing spi.o(.rev16_text), (4 bytes).
    Removing spi.o(.revsh_text), (4 bytes).
    Removing spi.o(i.CheckPressButton), (2 bytes).
    Removing spi.o(i.DirectLed), (96 bytes).
    Removing spi.o(i.SPI1_ini), (80 bytes).
    Removing spi.o(i.WriteShiftReg), (68 bytes).
    Removing spi.o(i.Write_SPI), (56 bytes).
    Removing spi.o(.constdata), (168 bytes).
    Removing spi.o(.data), (104 bytes).
    Removing usart.o(.rev16_text), (4 bytes).
    Removing usart.o(.revsh_text), (4 bytes).
    Removing usart.o(i.UsartInit), (144 bytes).
    Removing usart.o(i.get_char), (100 bytes).
    Removing usart.o(i.put_char), (132 bytes).
    Removing main.o(.rev16_text), (4 bytes).
    Removing main.o(.revsh_text), (4 bytes).
    Removing crc_calc.o(.rev16_text), (4 bytes).
    Removing crc_calc.o(.revsh_text), (4 bytes).
    Removing crc_calc.o(i.crc16), (56 bytes).
    Removing crc_calc.o(.data), (512 bytes).
    Removing adc1.o(.rev16_text), (4 bytes).
    Removing adc1.o(.revsh_text), (4 bytes).
    Removing adc1.o(i.adc_setup), (264 bytes).
    Removing adc1.o(i.getADCval), (424 bytes).
    Removing adc1.o(.bss), (108 bytes).
    Removing adc1.o(.data), (8 bytes).
    Removing stm32f0xx_gpio.o(.rev16_text), (4 bytes).
    Removing stm32f0xx_gpio.o(.revsh_text), (4 bytes).
    Removing stm32f0xx_gpio.o(i.GPIO_DeInit), (176 bytes).
    Removing stm32f0xx_gpio.o(i.GPIO_Init), (144 bytes).
    Removing stm32f0xx_gpio.o(i.GPIO_PinAFConfig), (68 bytes).
    Removing stm32f0xx_gpio.o(i.GPIO_PinLockConfig), (34 bytes).
    Removing stm32f0xx_gpio.o(i.GPIO_ReadInputData), (6 bytes).
    Removing stm32f0xx_gpio.o(i.GPIO_ReadInputDataBit), (20 bytes).
    Removing stm32f0xx_gpio.o(i.GPIO_ReadOutputData), (6 bytes).
    Removing stm32f0xx_gpio.o(i.GPIO_ReadOutputDataBit), (20 bytes).
    Removing stm32f0xx_gpio.o(i.GPIO_ResetBits), (4 bytes).
    Removing stm32f0xx_gpio.o(i.GPIO_SetBits), (4 bytes).
    Removing stm32f0xx_gpio.o(i.GPIO_StructInit), (24 bytes).
    Removing stm32f0xx_gpio.o(i.GPIO_Write), (4 bytes).
    Removing stm32f0xx_gpio.o(i.GPIO_WriteBit), (12 bytes).
    Removing stm32f0xx_rcc.o(.rev16_text), (4 bytes).
    Removing stm32f0xx_rcc.o(.revsh_text), (4 bytes).
    Removing stm32f0xx_rcc.o(i.RCC_ADCCLKConfig), (56 bytes).
    Removing stm32f0xx_rcc.o(i.RCC_AHBPeriphClockCmd), (32 bytes).
    Removing stm32f0xx_rcc.o(i.RCC_AHBPeriphResetCmd), (32 bytes).
    Removing stm32f0xx_rcc.o(i.RCC_APB1PeriphClockCmd), (32 bytes).
    Removing stm32f0xx_rcc.o(i.RCC_APB1PeriphResetCmd), (32 bytes).
    Removing stm32f0xx_rcc.o(i.RCC_APB2PeriphClockCmd), (32 bytes).
    Removing stm32f0xx_rcc.o(i.RCC_APB2PeriphResetCmd), (32 bytes).
    Removing stm32f0xx_rcc.o(i.RCC_AdjustHSI14CalibrationValue), (32 bytes).
    Removing stm32f0xx_rcc.o(i.RCC_AdjustHSICalibrationValue), (32 bytes).
    Removing stm32f0xx_rcc.o(i.RCC_BackupResetCmd), (40 bytes).
    Removing stm32f0xx_rcc.o(i.RCC_CECCLKConfig), (28 bytes).
    Removing stm32f0xx_rcc.o(i.RCC_ClearFlag), (20 bytes).
    Removing stm32f0xx_rcc.o(i.RCC_ClearITPendingBit), (12 bytes).
    Removing stm32f0xx_rcc.o(i.RCC_ClockSecuritySystemCmd), (40 bytes).
    Removing stm32f0xx_rcc.o(i.RCC_DeInit), (120 bytes).
    Removing stm32f0xx_rcc.o(i.RCC_GetClocksFreq), (584 bytes).
    Removing stm32f0xx_rcc.o(i.RCC_GetFlagStatus), (72 bytes).
    Removing stm32f0xx_rcc.o(i.RCC_GetITStatus), (28 bytes).
    Removing stm32f0xx_rcc.o(i.RCC_GetSYSCLKSource), (16 bytes).
    Removing stm32f0xx_rcc.o(i.RCC_HCLKConfig), (32 bytes).
    Removing stm32f0xx_rcc.o(i.RCC_HSEConfig), (16 bytes).
    Removing stm32f0xx_rcc.o(i.RCC_HSI14ADCRequestCmd), (36 bytes).
    Removing stm32f0xx_rcc.o(i.RCC_HSI14Cmd), (36 bytes).
    Removing stm32f0xx_rcc.o(i.RCC_HSI48Cmd), (40 bytes).
    Removing stm32f0xx_rcc.o(i.RCC_HSICmd), (36 bytes).
    Removing stm32f0xx_rcc.o(i.RCC_I2CCLKConfig), (28 bytes).
    Removing stm32f0xx_rcc.o(i.RCC_ITConfig), (32 bytes).
    Removing stm32f0xx_rcc.o(i.RCC_LSEConfig), (40 bytes).
    Removing stm32f0xx_rcc.o(i.RCC_LSEDriveConfig), (28 bytes).
    Removing stm32f0xx_rcc.o(i.RCC_LSICmd), (36 bytes).
    Removing stm32f0xx_rcc.o(i.RCC_MCOConfig), (28 bytes).
    Removing stm32f0xx_rcc.o(i.RCC_PCLKConfig), (36 bytes).
    Removing stm32f0xx_rcc.o(i.RCC_PLLCmd), (40 bytes).
    Removing stm32f0xx_rcc.o(i.RCC_PLLConfig), (36 bytes).
    Removing stm32f0xx_rcc.o(i.RCC_PREDIV1Config), (28 bytes).
    Removing stm32f0xx_rcc.o(i.RCC_RTCCLKCmd), (40 bytes).
    Removing stm32f0xx_rcc.o(i.RCC_RTCCLKConfig), (16 bytes).
    Removing stm32f0xx_rcc.o(i.RCC_SYSCLKConfig), (28 bytes).
    Removing stm32f0xx_rcc.o(i.RCC_USARTCLKConfig), (72 bytes).
    Removing stm32f0xx_rcc.o(i.RCC_USBCLKConfig), (28 bytes).
    Removing stm32f0xx_rcc.o(i.RCC_WaitForHSEStartUp), (60 bytes).
    Removing stm32f0xx_rcc.o(.data), (16 bytes).
    Removing stm32f0xx_usart.o(.rev16_text), (4 bytes).
    Removing stm32f0xx_usart.o(.revsh_text), (4 bytes).
    Removing stm32f0xx_usart.o(i.USART_AddressDetectionConfig), (16 bytes).
    Removing stm32f0xx_usart.o(i.USART_AutoBaudRateCmd), (28 bytes).
    Removing stm32f0xx_usart.o(i.USART_AutoBaudRateConfig), (18 bytes).
    Removing stm32f0xx_usart.o(i.USART_ClearFlag), (4 bytes).
    Removing stm32f0xx_usart.o(i.USART_ClearITPendingBit), (18 bytes).
    Removing stm32f0xx_usart.o(i.USART_ClockInit), (36 bytes).
    Removing stm32f0xx_usart.o(i.USART_ClockStructInit), (12 bytes).
    Removing stm32f0xx_usart.o(i.USART_Cmd), (24 bytes).
    Removing stm32f0xx_usart.o(i.USART_DECmd), (28 bytes).
    Removing stm32f0xx_usart.o(i.USART_DEPolarityConfig), (18 bytes).
    Removing stm32f0xx_usart.o(i.USART_DMACmd), (20 bytes).
    Removing stm32f0xx_usart.o(i.USART_DMAReceptionErrorConfig), (18 bytes).
    Removing stm32f0xx_usart.o(i.USART_DataInvCmd), (28 bytes).
    Removing stm32f0xx_usart.o(i.USART_DeInit), (240 bytes).
    Removing stm32f0xx_usart.o(i.USART_DirectionModeCmd), (20 bytes).
    Removing stm32f0xx_usart.o(i.USART_GetFlagStatus), (20 bytes).
    Removing stm32f0xx_usart.o(i.USART_HalfDuplexCmd), (24 bytes).
    Removing stm32f0xx_usart.o(i.USART_Init), (248 bytes).
    Removing stm32f0xx_usart.o(i.USART_InvPinCmd), (20 bytes).
    Removing stm32f0xx_usart.o(i.USART_IrDACmd), (24 bytes).
    Removing stm32f0xx_usart.o(i.USART_IrDAConfig), (16 bytes).
    Removing stm32f0xx_usart.o(i.USART_LINBreakDetectLengthConfig), (16 bytes).
    Removing stm32f0xx_usart.o(i.USART_LINCmd), (28 bytes).
    Removing stm32f0xx_usart.o(i.USART_MSBFirstCmd), (28 bytes).
    Removing stm32f0xx_usart.o(i.USART_MuteModeCmd), (28 bytes).
    Removing stm32f0xx_usart.o(i.USART_MuteModeWakeUpConfig), (18 bytes).
    Removing stm32f0xx_usart.o(i.USART_OneBitMethodCmd), (28 bytes).
    Removing stm32f0xx_usart.o(i.USART_OverSampling8Cmd), (28 bytes).
    Removing stm32f0xx_usart.o(i.USART_OverrunDetectionConfig), (18 bytes).
    Removing stm32f0xx_usart.o(i.USART_ReceiverTimeOutCmd), (28 bytes).
    Removing stm32f0xx_usart.o(i.USART_RequestCmd), (20 bytes).
    Removing stm32f0xx_usart.o(i.USART_STOPModeCmd), (24 bytes).
    Removing stm32f0xx_usart.o(i.USART_SWAPPinCmd), (28 bytes).
    Removing stm32f0xx_usart.o(i.USART_SetAddress), (18 bytes).
    Removing stm32f0xx_usart.o(i.USART_SetAutoRetryCount), (20 bytes).
    Removing stm32f0xx_usart.o(i.USART_SetBlockLength), (18 bytes).
    Removing stm32f0xx_usart.o(i.USART_SetDEAssertionTime), (20 bytes).
    Removing stm32f0xx_usart.o(i.USART_SetDEDeassertionTime), (20 bytes).
    Removing stm32f0xx_usart.o(i.USART_SetGuardTime), (16 bytes).
    Removing stm32f0xx_usart.o(i.USART_SetPrescaler), (18 bytes).
    Removing stm32f0xx_usart.o(i.USART_SetReceiverTimeOut), (16 bytes).
    Removing stm32f0xx_usart.o(i.USART_SmartCardCmd), (24 bytes).
    Removing stm32f0xx_usart.o(i.USART_SmartCardNACKCmd), (24 bytes).
    Removing stm32f0xx_usart.o(i.USART_StopModeWakeUpSourceConfig), (18 bytes).
    Removing stm32f0xx_usart.o(i.USART_StructInit), (24 bytes).
    Removing stm32f0xx_misc.o(.rev16_text), (4 bytes).
    Removing stm32f0xx_misc.o(.revsh_text), (4 bytes).
    Removing stm32f0xx_misc.o(i.NVIC_Init), (112 bytes).
    Removing stm32f0xx_misc.o(i.NVIC_SystemLPConfig), (32 bytes).
    Removing stm32f0xx_misc.o(i.SysTick_CLKSourceConfig), (36 bytes).

190 unused section(s) (total 8998 bytes) removed from the image.

==============================================================================

Image Symbol Table

    Local Symbols

    Symbol Name                              Value     Ov Type        Size  Object(Section)

    ../clib/angel/boardlib.s                 0x00000000   Number         0  boardinit3.o ABSOLUTE
    ../clib/angel/boardlib.s                 0x00000000   Number         0  boardshut.o ABSOLUTE
    ../clib/angel/boardlib.s                 0x00000000   Number         0  boardinit2.o ABSOLUTE
    ../clib/angel/boardlib.s                 0x00000000   Number         0  boardinit1.o ABSOLUTE
    ../clib/angel/handlers.s                 0x00000000   Number         0  __scatter_copy.o ABSOLUTE
    ../clib/angel/handlers.s                 0x00000000   Number         0  __scatter_zi.o ABSOLUTE
    ../clib/angel/kernel.s                   0x00000000   Number         0  rtexit.o ABSOLUTE
    ../clib/angel/kernel.s                   0x00000000   Number         0  __rtentry.o ABSOLUTE
    ../clib/angel/kernel.s                   0x00000000   Number         0  __rtentry2.o ABSOLUTE
    ../clib/angel/kernel.s                   0x00000000   Number         0  __rtentry4.o ABSOLUTE
    ../clib/angel/kernel.s                   0x00000000   Number         0  rtexit2.o ABSOLUTE
    ../clib/angel/rt.s                       0x00000000   Number         0  rt_heap_descriptor.o ABSOLUTE
    ../clib/angel/rt.s                       0x00000000   Number         0  rt_heap_descriptor_intlibspace.o ABSOLUTE
    ../clib/angel/rt.s                       0x00000000   Number         0  aeabi_idiv0.o ABSOLUTE
    ../clib/angel/rt.s                       0x00000000   Number         0  aeabi_idiv0_sigfpe.o ABSOLUTE
    ../clib/angel/rt.s                       0x00000000   Number         0  rt_raise.o ABSOLUTE
    ../clib/angel/rt.s                       0x00000000   Number         0  rt_div0.o ABSOLUTE
    ../clib/angel/scatterp.s                 0x00000000   Number         0  __scatter.o ABSOLUTE
    ../clib/angel/startup.s                  0x00000000   Number         0  __main.o ABSOLUTE
    ../clib/angel/sys.s                      0x00000000   Number         0  libspace.o ABSOLUTE
    ../clib/angel/sys.s                      0x00000000   Number         0  mutex_dummy.o ABSOLUTE
    ../clib/angel/sys.s                      0x00000000   Number         0  use_no_semi.o ABSOLUTE
    ../clib/angel/sys.s                      0x00000000   Number         0  indicate_semi.o ABSOLUTE
    ../clib/angel/sys.s                      0x00000000   Number         0  sys_stackheap_outer.o ABSOLUTE
    ../clib/angel/sys.s                      0x00000000   Number         0  tempstk.o ABSOLUTE
    ../clib/angel/sysapp.c                   0x00000000   Number         0  sys_wrch.o ABSOLUTE
    ../clib/angel/sysapp.c                   0x00000000   Number         0  sys_exit.o ABSOLUTE
    ../clib/angel/sysapp.c                   0x00000000   Number         0  sys_command.o ABSOLUTE
    ../clib/armsys.c                         0x00000000   Number         0  argv_veneer.o ABSOLUTE
    ../clib/armsys.c                         0x00000000   Number         0  no_argv.o ABSOLUTE
    ../clib/armsys.c                         0x00000000   Number         0  _get_argv_nomalloc.o ABSOLUTE
    ../clib/armsys.c                         0x00000000   Number         0  _get_argv.o ABSOLUTE
    ../clib/division.s                       0x00000000   Number         0  aeabi_sdiv_div0.o ABSOLUTE
    ../clib/division.s                       0x00000000   Number         0  aeabi_sdiv.o ABSOLUTE
    ../clib/heap1.c                          0x00000000   Number         0  h1_free_mt.o ABSOLUTE
    ../clib/heap1.c                          0x00000000   Number         0  h1_free.o ABSOLUTE
    ../clib/heap1.c                          0x00000000   Number         0  h1_init.o ABSOLUTE
    ../clib/heap1.c                          0x00000000   Number         0  h1_extend.o ABSOLUTE
    ../clib/heap1.c                          0x00000000   Number         0  h1_final.o ABSOLUTE
    ../clib/heap1.c                          0x00000000   Number         0  h1_extend_mt.o ABSOLUTE
    ../clib/heap1.c                          0x00000000   Number         0  h1_alloc_mt.o ABSOLUTE
    ../clib/heap1.c                          0x00000000   Number         0  h1_alloc.o ABSOLUTE
    ../clib/heap1.c                          0x00000000   Number         0  h1_final_mt.o ABSOLUTE
    ../clib/heap1.c                          0x00000000   Number         0  h1_init_mt.o ABSOLUTE
    ../clib/heap2.c                          0x00000000   Number         0  fdtree.o ABSOLUTE
    ../clib/heap2.c                          0x00000000   Number         0  heap2mt.o ABSOLUTE
    ../clib/heap2.c                          0x00000000   Number         0  heap2.o ABSOLUTE
    ../clib/heapalloc.c                      0x00000000   Number         0  init_alloc.o ABSOLUTE
    ../clib/heapalloc.c                      0x00000000   Number         0  hguard.o ABSOLUTE
    ../clib/heapalloc.c                      0x00000000   Number         0  maybetermalloc2.o ABSOLUTE
    ../clib/heapalloc.c                      0x00000000   Number         0  malloc.o ABSOLUTE
    ../clib/heapalloc.c                      0x00000000   Number         0  term_alloc.o ABSOLUTE
    ../clib/heapalloc.c                      0x00000000   Number         0  maybetermalloc2.o ABSOLUTE
    ../clib/heapalloc.c                      0x00000000   Number         0  maybetermalloc1.o ABSOLUTE
    ../clib/heapalloc.c                      0x00000000   Number         0  maybetermalloc1.o ABSOLUTE
    ../clib/heapalloc.c                      0x00000000   Number         0  hrguard.o ABSOLUTE
    ../clib/heapalloc.c                      0x00000000   Number         0  heapstubs.o ABSOLUTE
    ../clib/heapalloc.c                      0x00000000   Number         0  free.o ABSOLUTE
    ../clib/heapaux.c                        0x00000000   Number         0  heapauxa.o ABSOLUTE
    ../clib/heapaux.c                        0x00000000   Number         0  heapauxi.o ABSOLUTE
    ../clib/libinit.s                        0x00000000   Number         0  libshutdown.o ABSOLUTE
    ../clib/libinit.s                        0x00000000   Number         0  libinit2.o ABSOLUTE
    ../clib/libinit.s                        0x00000000   Number         0  libinit.o ABSOLUTE
    ../clib/libinit.s                        0x00000000   Number         0  libshutdown2.o ABSOLUTE
    ../clib/memcpset.c                       0x00000000   Number         0  rt_memcpy.o ABSOLUTE
    ../clib/memcpset.c                       0x00000000   Number         0  rt_memclr.o ABSOLUTE
    ../clib/memcpset.c                       0x00000000   Number         0  rt_memcpy.o ABSOLUTE
    ../clib/signal.c                         0x00000000   Number         0  defsig_pvfn_inner.o ABSOLUTE
    ../clib/signal.c                         0x00000000   Number         0  defsig_cppl_inner.o ABSOLUTE
    ../clib/signal.c                         0x00000000   Number         0  defsig_segv_inner.o ABSOLUTE
    ../clib/signal.c                         0x00000000   Number         0  defsig_rtmem_inner.o ABSOLUTE
    ../clib/signal.c                         0x00000000   Number         0  defsig_fpe_formal.o ABSOLUTE
    ../clib/signal.c                         0x00000000   Number         0  defsig_fpe_outer.o ABSOLUTE
    ../clib/signal.c                         0x00000000   Number         0  defsig_exit.o ABSOLUTE
    ../clib/signal.c                         0x00000000   Number         0  defsig_abrt_inner.o ABSOLUTE
    ../clib/signal.c                         0x00000000   Number         0  defsig_rtred_inner.o ABSOLUTE
    ../clib/signal.c                         0x00000000   Number         0  defsig_fpe_inner.o ABSOLUTE
    ../clib/signal.c                         0x00000000   Number         0  defsig_general.o ABSOLUTE
    ../clib/signal.c                         0x00000000   Number         0  defsig_rtmem_formal.o ABSOLUTE
    ../clib/signal.c                         0x00000000   Number         0  __raise.o ABSOLUTE
    ../clib/signal.c                         0x00000000   Number         0  defsig_other.o ABSOLUTE
    ../clib/signal.c                         0x00000000   Number         0  defsig_stak_inner.o ABSOLUTE
    ../clib/signal.c                         0x00000000   Number         0  defsig_rtmem_outer.o ABSOLUTE
    ../clib/signal.s                         0x00000000   Number         0  defsig.o ABSOLUTE
    ../clib/stdlib.c                         0x00000000   Number         0  exit.o ABSOLUTE
    ../fplib/cfplib/d2f.c                    0x00000000   Number         0  d2f.o ABSOLUTE
    ../fplib/cfplib/ddiv.c                   0x00000000   Number         0  ddiv.o ABSOLUTE
    ../fplib/cfplib/dmul.c                   0x00000000   Number         0  dmul.o ABSOLUTE
    ../fplib/cfplib/f2d.c                    0x00000000   Number         0  f2d.o ABSOLUTE
    ../fplib/cfplib/ffix.c                   0x00000000   Number         0  ffixui.o ABSOLUTE
    ../fplib/cfplib/ffix.c                   0x00000000   Number         0  dfixui.o ABSOLUTE
    ../fplib/cfplib/fflt.c                   0x00000000   Number         0  fflti.o ABSOLUTE
    ../fplib/cfplib/fflt.c                   0x00000000   Number         0  dflti.o ABSOLUTE
    ../fplib/cfplib/fpinit.c                 0x00000000   Number         0  fpinit.o ABSOLUTE
    ../fplib/fmul6m.s                        0x00000000   Number         0  fmul.o ABSOLUTE
    ../fplib/usenofp.s                       0x00000000   Number         0  usenofp.o ABSOLUTE
    CMSIS\Device\ST\STM32F0xx\Source\Templates\arm\startup_stm32f0xx.s 0x00000000   Number         0  startup_stm32f0xx.o ABSOLUTE
    STM32F0xx_StdPeriph_Driver\\src\\stm32f0xx_gpio.c 0x00000000   Number         0  stm32f0xx_gpio.o ABSOLUTE
    STM32F0xx_StdPeriph_Driver\\src\\stm32f0xx_misc.c 0x00000000   Number         0  stm32f0xx_misc.o ABSOLUTE
    STM32F0xx_StdPeriph_Driver\\src\\stm32f0xx_rcc.c 0x00000000   Number         0  stm32f0xx_rcc.o ABSOLUTE
    STM32F0xx_StdPeriph_Driver\\src\\stm32f0xx_usart.c 0x00000000   Number         0  stm32f0xx_usart.o ABSOLUTE
    STM32F0xx_StdPeriph_Driver\src\stm32f0xx_gpio.c 0x00000000   Number         0  stm32f0xx_gpio.o ABSOLUTE
    STM32F0xx_StdPeriph_Driver\src\stm32f0xx_misc.c 0x00000000   Number         0  stm32f0xx_misc.o ABSOLUTE
    STM32F0xx_StdPeriph_Driver\src\stm32f0xx_rcc.c 0x00000000   Number         0  stm32f0xx_rcc.o ABSOLUTE
    STM32F0xx_StdPeriph_Driver\src\stm32f0xx_usart.c 0x00000000   Number         0  stm32f0xx_usart.o ABSOLUTE
    User\\src\\Keyboard.c                    0x00000000   Number         0  keyboard.o ABSOLUTE
    User\\src\\RingBuffer.c                  0x00000000   Number         0  ringbuffer.o ABSOLUTE
    User\\src\\Spi.c                         0x00000000   Number         0  spi.o ABSOLUTE
    User\\src\\WDT.c                         0x00000000   Number         0  wdt.o ABSOLUTE
    User\\src\\adc1.c                        0x00000000   Number         0  adc1.o ABSOLUTE
    User\\src\\clock.c                       0x00000000   Number         0  clock.o ABSOLUTE
    User\\src\\crc_calc.c                    0x00000000   Number         0  crc_calc.o ABSOLUTE
    User\\src\\gpio_driver.c                 0x00000000   Number         0  gpio_driver.o ABSOLUTE
    User\\src\\main.c                        0x00000000   Number         0  main.o ABSOLUTE
    User\\src\\platform_delay.c              0x00000000   Number         0  platform_delay.o ABSOLUTE
    User\\src\\pwm.c                         0x00000000   Number         0  pwm.o ABSOLUTE
    User\\src\\systick.c                     0x00000000   Number         0  systick.o ABSOLUTE
    User\\src\\usart.c                       0x00000000   Number         0  usart.o ABSOLUTE
    User\src\Keyboard.c                      0x00000000   Number         0  keyboard.o ABSOLUTE
    User\src\RingBuffer.c                    0x00000000   Number         0  ringbuffer.o ABSOLUTE
    User\src\Spi.c                           0x00000000   Number         0  spi.o ABSOLUTE
    User\src\WDT.c                           0x00000000   Number         0  wdt.o ABSOLUTE
    User\src\adc1.c                          0x00000000   Number         0  adc1.o ABSOLUTE
    User\src\clock.c                         0x00000000   Number         0  clock.o ABSOLUTE
    User\src\crc_calc.c                      0x00000000   Number         0  crc_calc.o ABSOLUTE
    User\src\gpio_driver.c                   0x00000000   Number         0  gpio_driver.o ABSOLUTE
    User\src\main.c                          0x00000000   Number         0  main.o ABSOLUTE
    User\src\platform_delay.c                0x00000000   Number         0  platform_delay.o ABSOLUTE
    User\src\pwm.c                           0x00000000   Number         0  pwm.o ABSOLUTE
    User\src\systick.c                       0x00000000   Number         0  systick.o ABSOLUTE
    User\src\usart.c                         0x00000000   Number         0  usart.o ABSOLUTE
    dc.s                                     0x00000000   Number         0  dc.o ABSOLUTE
    RESET                                    0x08000000   Section      192  startup_stm32f0xx.o(RESET)
    !!!main                                  0x080000c0   Section        8  __main.o(!!!main)
    !!!scatter                               0x080000c8   Section       60  __scatter.o(!!!scatter)
    !!handler_copy                           0x08000104   Section       26  __scatter_copy.o(!!handler_copy)
    !!handler_zi                             0x08000120   Section       28  __scatter_zi.o(!!handler_zi)
    .ARM.Collect$$libinit$$00000000          0x0800013c   Section        2  libinit.o(.ARM.Collect$$libinit$$00000000)
    .ARM.Collect$$libinit$$00000002          0x0800013e   Section        0  libinit2.o(.ARM.Collect$$libinit$$00000002)
    .ARM.Collect$$libinit$$00000004          0x0800013e   Section        0  libinit2.o(.ARM.Collect$$libinit$$00000004)
    .ARM.Collect$$libinit$$0000000A          0x0800013e   Section        0  libinit2.o(.ARM.Collect$$libinit$$0000000A)
    .ARM.Collect$$libinit$$0000000C          0x0800013e   Section        0  libinit2.o(.ARM.Collect$$libinit$$0000000C)
    .ARM.Collect$$libinit$$0000000E          0x0800013e   Section        0  libinit2.o(.ARM.Collect$$libinit$$0000000E)
    .ARM.Collect$$libinit$$00000011          0x0800013e   Section        0  libinit2.o(.ARM.Collect$$libinit$$00000011)
    .ARM.Collect$$libinit$$00000013          0x0800013e   Section        0  libinit2.o(.ARM.Collect$$libinit$$00000013)
    .ARM.Collect$$libinit$$00000015          0x0800013e   Section        0  libinit2.o(.ARM.Collect$$libinit$$00000015)
    .ARM.Collect$$libinit$$00000017          0x0800013e   Section        0  libinit2.o(.ARM.Collect$$libinit$$00000017)
    .ARM.Collect$$libinit$$00000019          0x0800013e   Section        0  libinit2.o(.ARM.Collect$$libinit$$00000019)
    .ARM.Collect$$libinit$$0000001B          0x0800013e   Section        0  libinit2.o(.ARM.Collect$$libinit$$0000001B)
    .ARM.Collect$$libinit$$0000001D          0x0800013e   Section        0  libinit2.o(.ARM.Collect$$libinit$$0000001D)
    .ARM.Collect$$libinit$$0000001F          0x0800013e   Section        0  libinit2.o(.ARM.Collect$$libinit$$0000001F)
    .ARM.Collect$$libinit$$00000021          0x0800013e   Section        0  libinit2.o(.ARM.Collect$$libinit$$00000021)
    .ARM.Collect$$libinit$$00000023          0x0800013e   Section        0  libinit2.o(.ARM.Collect$$libinit$$00000023)
    .ARM.Collect$$libinit$$00000025          0x0800013e   Section        0  libinit2.o(.ARM.Collect$$libinit$$00000025)
    .ARM.Collect$$libinit$$0000002C          0x0800013e   Section        0  libinit2.o(.ARM.Collect$$libinit$$0000002C)
    .ARM.Collect$$libinit$$0000002E          0x0800013e   Section        0  libinit2.o(.ARM.Collect$$libinit$$0000002E)
    .ARM.Collect$$libinit$$00000030          0x0800013e   Section        0  libinit2.o(.ARM.Collect$$libinit$$00000030)
    .ARM.Collect$$libinit$$00000032          0x0800013e   Section        0  libinit2.o(.ARM.Collect$$libinit$$00000032)
    .ARM.Collect$$libinit$$00000033          0x0800013e   Section        2  libinit2.o(.ARM.Collect$$libinit$$00000033)
    .ARM.Collect$$libshutdown$$00000000      0x08000140   Section        2  libshutdown.o(.ARM.Collect$$libshutdown$$00000000)
    .ARM.Collect$$libshutdown$$00000002      0x08000142   Section        0  libshutdown2.o(.ARM.Collect$$libshutdown$$00000002)
    .ARM.Collect$$libshutdown$$00000004      0x08000142   Section        0  libshutdown2.o(.ARM.Collect$$libshutdown$$00000004)
    .ARM.Collect$$libshutdown$$00000007      0x08000142   Section        0  libshutdown2.o(.ARM.Collect$$libshutdown$$00000007)
    .ARM.Collect$$libshutdown$$0000000A      0x08000142   Section        0  libshutdown2.o(.ARM.Collect$$libshutdown$$0000000A)
    .ARM.Collect$$libshutdown$$0000000C      0x08000142   Section        0  libshutdown2.o(.ARM.Collect$$libshutdown$$0000000C)
    .ARM.Collect$$libshutdown$$0000000F      0x08000142   Section        0  libshutdown2.o(.ARM.Collect$$libshutdown$$0000000F)
    .ARM.Collect$$libshutdown$$00000010      0x08000142   Section        2  libshutdown2.o(.ARM.Collect$$libshutdown$$00000010)
    .ARM.Collect$$rtentry$$00000000          0x08000144   Section        0  __rtentry.o(.ARM.Collect$$rtentry$$00000000)
    .ARM.Collect$$rtentry$$00000002          0x08000144   Section        0  __rtentry2.o(.ARM.Collect$$rtentry$$00000002)
    .ARM.Collect$$rtentry$$00000004          0x08000144   Section        6  __rtentry4.o(.ARM.Collect$$rtentry$$00000004)
    .ARM.Collect$$rtentry$$00000009          0x0800014a   Section        0  __rtentry2.o(.ARM.Collect$$rtentry$$00000009)
    .ARM.Collect$$rtentry$$0000000A          0x0800014a   Section        4  __rtentry2.o(.ARM.Collect$$rtentry$$0000000A)
    .ARM.Collect$$rtentry$$0000000C          0x0800014e   Section        0  __rtentry2.o(.ARM.Collect$$rtentry$$0000000C)
    .ARM.Collect$$rtentry$$0000000D          0x0800014e   Section        8  __rtentry2.o(.ARM.Collect$$rtentry$$0000000D)
    .ARM.Collect$$rtexit$$00000000           0x08000156   Section        2  rtexit.o(.ARM.Collect$$rtexit$$00000000)
    .ARM.Collect$$rtexit$$00000002           0x08000158   Section        0  rtexit2.o(.ARM.Collect$$rtexit$$00000002)
    .ARM.Collect$$rtexit$$00000003           0x08000158   Section        4  rtexit2.o(.ARM.Collect$$rtexit$$00000003)
    .ARM.Collect$$rtexit$$00000004           0x0800015c   Section        6  rtexit2.o(.ARM.Collect$$rtexit$$00000004)
    .text                                    0x08000164   Section      108  startup_stm32f0xx.o(.text)
    .text                                    0x080001d0   Section        0  rt_memclr.o(.text)
    .text                                    0x08000210   Section      346  aeabi_sdiv.o(.text)
    .text                                    0x0800036a   Section        0  heapauxi.o(.text)
    .text                                    0x08000370   Section        0  d2f.o(.text)
    .text                                    0x080003ec   Section        0  ddiv.o(.text)
    .text                                    0x08000834   Section        0  dflti.o(.text)
    .text                                    0x0800088c   Section        0  dmul.o(.text)
    .text                                    0x08000ad4   Section        0  f2d.o(.text)
    .text                                    0x08000b28   Section        0  ffixui.o(.text)
    .text                                    0x08000b58   Section        0  fflti.o(.text)
    .text                                    0x08000bb8   Section        8  libspace.o(.text)
    .text                                    0x08000bc0   Section        2  use_no_semi.o(.text)
    .text                                    0x08000bc2   Section        0  indicate_semi.o(.text)
    .text                                    0x08000bc2   Section       62  sys_stackheap_outer.o(.text)
    .text                                    0x08000c00   Section        0  exit.o(.text)
    .text                                    0x08000c10   Section        0  sys_exit.o(.text)
    i.AHBPrescaler                           0x08000c1c   Section        0  clock.o(i.AHBPrescaler)
    i.APBPrescaler                           0x08000c2c   Section        0  clock.o(i.APBPrescaler)
    i.CalculationStartValue                  0x08000c3c   Section        0  pwm.o(i.CalculationStartValue)
    CalculationStartValue                    0x08000c3d   Thumb Code    78  pwm.o(i.CalculationStartValue)
    i.ClockInit                              0x08000c8c   Section        0  clock.o(i.ClockInit)
    i.ClockReset                             0x08000cd8   Section        0  clock.o(i.ClockReset)
    ClockReset                               0x08000cd9   Thumb Code   104  clock.o(i.ClockReset)
    i.ConfigVirualPort                       0x08000d4c   Section        0  gpio_driver.o(i.ConfigVirualPort)
    i.GammaCorrection                        0x08000d96   Section        0  pwm.o(i.GammaCorrection)
    i.InitClockStruct                        0x08000de8   Section        0  clock.o(i.InitClockStruct)
    InitClockStruct                          0x08000de9   Thumb Code    18  clock.o(i.InitClockStruct)
    i.InitHSE                                0x08000e00   Section        0  clock.o(i.InitHSE)
    InitHSE                                  0x08000e01   Thumb Code   172  clock.o(i.InitHSE)
    i.InitHSI                                0x08000eb4   Section        0  clock.o(i.InitHSI)
    InitHSI                                  0x08000eb5   Thumb Code   102  clock.o(i.InitHSI)
    i.NVIC_SetPriority                       0x08000f24   Section        0  systick.o(i.NVIC_SetPriority)
    NVIC_SetPriority                         0x08000f25   Thumb Code   110  systick.o(i.NVIC_SetPriority)
    i.PinAltFunc                             0x08000f9c   Section        0  gpio_driver.o(i.PinAltFunc)
    i.PinMode                                0x08000ff0   Section        0  gpio_driver.o(i.PinMode)
    i.PinPPorOD                              0x08001018   Section        0  gpio_driver.o(i.PinPPorOD)
    i.PinPUPD                                0x08001042   Section        0  gpio_driver.o(i.PinPUPD)
    i.SelectBaseSystemSource                 0x08001068   Section        0  clock.o(i.SelectBaseSystemSource)
    SelectBaseSystemSource                   0x08001069   Thumb Code   116  clock.o(i.SelectBaseSystemSource)
    i.SelectMultPLL                          0x080010e0   Section        0  clock.o(i.SelectMultPLL)
    SelectMultPLL                            0x080010e1   Thumb Code    28  clock.o(i.SelectMultPLL)
    i.SelectPredivForPLL                     0x08001104   Section        0  clock.o(i.SelectPredivForPLL)
    SelectPredivForPLL                       0x08001105   Thumb Code    12  clock.o(i.SelectPredivForPLL)
    i.SelectSourceForPLL                     0x08001114   Section        0  clock.o(i.SelectSourceForPLL)
    SelectSourceForPLL                       0x08001115   Thumb Code    62  clock.o(i.SelectSourceForPLL)
    i.SetSpeedPin                            0x08001158   Section        0  gpio_driver.o(i.SetSpeedPin)
    i.SysTick_Handler                        0x08001180   Section        0  systick.o(i.SysTick_Handler)
    i.SystickInit                            0x080011d4   Section        0  systick.o(i.SystickInit)
    i.TalkPort                               0x08001254   Section        0  gpio_driver.o(i.TalkPort)
    i.USART1_IRQHandler                      0x08001374   Section        0  usart.o(i.USART1_IRQHandler)
    i.USART_GetITStatus                      0x08001470   Section        0  stm32f0xx_usart.o(i.USART_GetITStatus)
    i.USART_ITConfig                         0x080014be   Section        0  stm32f0xx_usart.o(i.USART_ITConfig)
    i.USART_ReceiveData                      0x08001500   Section        0  stm32f0xx_usart.o(i.USART_ReceiveData)
    i.USART_SendData                         0x0800150a   Section        0  stm32f0xx_usart.o(i.USART_SendData)
    i.clock_GetAPB                           0x08001514   Section        0  clock.o(i.clock_GetAPB)
    i.clock_GetSYS                           0x08001548   Section        0  clock.o(i.clock_GetSYS)
    i.main                                   0x08001554   Section        0  main.o(i.main)
    i.pwm_GetChannel                         0x080015b4   Section        0  pwm.o(i.pwm_GetChannel)
    pwm_GetChannel                           0x080015b5   Thumb Code    20  pwm.o(i.pwm_GetChannel)
    i.pwm_Init                               0x080015cc   Section        0  pwm.o(i.pwm_Init)
    i.pwm_InitChannel                        0x080015ee   Section        0  pwm.o(i.pwm_InitChannel)
    pwm_InitChannel                          0x080015ef   Thumb Code   434  pwm.o(i.pwm_InitChannel)
    i.pwm_InitTimer                          0x080017a0   Section        0  pwm.o(i.pwm_InitTimer)
    pwm_InitTimer                            0x080017a1   Thumb Code    98  pwm.o(i.pwm_InitTimer)
    i.pwm_Set                                0x0800180c   Section        0  pwm.o(i.pwm_Set)
    i.pwm_SetValue                           0x0800182e   Section        0  pwm.o(i.pwm_SetValue)
    pwm_SetValue                             0x0800182f   Thumb Code    48  pwm.o(i.pwm_SetValue)
    x$fpl$fmul                               0x08001860   Section      176  fmul.o(x$fpl$fmul)
    .constdata                               0x08001910   Section       72  pwm.o(.constdata)
    x$fpl$usenofp                            0x08001910   Section        0  usenofp.o(x$fpl$usenofp)
    Channels                                 0x08001910   Data          72  pwm.o(.constdata)
    .constdata                               0x08001958   Section       60  clock.o(.constdata)
    .constdata                               0x08001994   Section       16  usart.o(.constdata)
    .constdata                               0x080019a4   Section       48  main.o(.constdata)
    .constdata                               0x080019d4   Section      128  ddiv.o(.constdata)
    ddiv_reciptbl                            0x080019d4   Data         128  ddiv.o(.constdata)
    .data                                    0x20000000   Section        2  pwm.o(.data)
    StartValue                               0x20000000   Data           2  pwm.o(.data)
    .data                                    0x20000004   Section        8  systick.o(.data)
    TimerFrequency                           0x20000004   Data           4  systick.o(.data)
    TimerCount                               0x20000008   Data           4  systick.o(.data)
    .data                                    0x2000000c   Section        4  clock.o(.data)
    .data                                    0x20000010   Section       44  usart.o(.data)
    .data                                    0x2000003c   Section       24  main.o(.data)
    .bss                                     0x20000054   Section      180  systick.o(.bss)
    Handlers                                 0x20000054   Data         180  systick.o(.bss)
    .bss                                     0x20000108   Section       12  clock.o(.bss)
    .bss                                     0x20000114   Section      536  usart.o(.bss)
    .bss                                     0x2000032c   Section       96  libspace.o(.bss)
    HEAP                                     0x20000390   Section      512  startup_stm32f0xx.o(HEAP)
    Heap_Mem                                 0x20000390   Data         512  startup_stm32f0xx.o(HEAP)
    STACK                                    0x20000590   Section     1024  startup_stm32f0xx.o(STACK)
    Stack_Mem                                0x20000590   Data        1024  startup_stm32f0xx.o(STACK)
    __initial_sp                             0x20000990   Data           0  startup_stm32f0xx.o(STACK)

    Global Symbols

    Symbol Name                              Value     Ov Type        Size  Object(Section)

    BuildAttributes$$THM_ISAv3M$S$PE$A:L22$X:L11$S22$IEEE1$IW$USESV6$~STKCKD$USESV7$~SHL$OTIME$ROPI$EBA8$UX$STANDARDLIB$REQ8$PRES8$EABIv2 0x00000000   Number         0  anon$$obj.o ABSOLUTE
    __ARM_use_no_argv                        0x00000000   Number         0  main.o ABSOLUTE
    __ARM_exceptions_init                     - Undefined Weak Reference
    __alloca_initialize                       - Undefined Weak Reference
    __arm_preinit_                            - Undefined Weak Reference
    __cpp_initialize__aeabi_                  - Undefined Weak Reference
    __cxa_finalize                            - Undefined Weak Reference
    __rt_locale                               - Undefined Weak Reference
    __sigvec_lookup                           - Undefined Weak Reference
    __user_heap_extent                        - Undefined Weak Reference
    _atexit_init                              - Undefined Weak Reference
    _call_atexit_fns                          - Undefined Weak Reference
    _clock_init                               - Undefined Weak Reference
    _fp_trap_init                             - Undefined Weak Reference
    _fp_trap_shutdown                         - Undefined Weak Reference
    _get_lc_collate                           - Undefined Weak Reference
    _get_lc_ctype                             - Undefined Weak Reference
    _get_lc_monetary                          - Undefined Weak Reference
    _get_lc_numeric                           - Undefined Weak Reference
    _get_lc_time                              - Undefined Weak Reference
    _getenv_init                              - Undefined Weak Reference
    _handle_redirection                       - Undefined Weak Reference
    _initio                                   - Undefined Weak Reference
    _mutex_acquire                            - Undefined Weak Reference
    _mutex_free                               - Undefined Weak Reference
    _mutex_release                            - Undefined Weak Reference
    _rand_init                                - Undefined Weak Reference
    _signal_finish                            - Undefined Weak Reference
    _signal_init                              - Undefined Weak Reference
    _terminateio                              - Undefined Weak Reference
    __Vectors_Size                           0x000000c0   Number         0  startup_stm32f0xx.o ABSOLUTE
    __Vectors                                0x08000000   Data           4  startup_stm32f0xx.o(RESET)
    __Vectors_End                            0x080000c0   Data           0  startup_stm32f0xx.o(RESET)
    __main                                   0x080000c1   Thumb Code     8  __main.o(!!!main)
    __scatterload                            0x080000c9   Thumb Code     0  __scatter.o(!!!scatter)
    __scatterload_rt2                        0x080000c9   Thumb Code    52  __scatter.o(!!!scatter)
    __scatterload_rt2_thumb_only             0x080000c9   Thumb Code     0  __scatter.o(!!!scatter)
    __scatterload_null                       0x080000d9   Thumb Code     0  __scatter.o(!!!scatter)
    __scatterload_copy                       0x08000105   Thumb Code    26  __scatter_copy.o(!!handler_copy)
    __scatterload_zeroinit                   0x08000121   Thumb Code    28  __scatter_zi.o(!!handler_zi)
    __rt_lib_init                            0x0800013d   Thumb Code     0  libinit.o(.ARM.Collect$$libinit$$00000000)
    __rt_lib_init_alloca_1                   0x0800013f   Thumb Code     0  libinit2.o(.ARM.Collect$$libinit$$0000002E)
    __rt_lib_init_argv_1                     0x0800013f   Thumb Code     0  libinit2.o(.ARM.Collect$$libinit$$0000002C)
    __rt_lib_init_atexit_1                   0x0800013f   Thumb Code     0  libinit2.o(.ARM.Collect$$libinit$$0000001B)
    __rt_lib_init_clock_1                    0x0800013f   Thumb Code     0  libinit2.o(.ARM.Collect$$libinit$$00000021)
    __rt_lib_init_cpp_1                      0x0800013f   Thumb Code     0  libinit2.o(.ARM.Collect$$libinit$$00000032)
    __rt_lib_init_exceptions_1               0x0800013f   Thumb Code     0  libinit2.o(.ARM.Collect$$libinit$$00000030)
    __rt_lib_init_fp_1                       0x0800013f   Thumb Code     0  libinit2.o(.ARM.Collect$$libinit$$00000002)
    __rt_lib_init_fp_trap_1                  0x0800013f   Thumb Code     0  libinit2.o(.ARM.Collect$$libinit$$0000001F)
    __rt_lib_init_getenv_1                   0x0800013f   Thumb Code     0  libinit2.o(.ARM.Collect$$libinit$$00000023)
    __rt_lib_init_heap_1                     0x0800013f   Thumb Code     0  libinit2.o(.ARM.Collect$$libinit$$0000000A)
    __rt_lib_init_lc_collate_1               0x0800013f   Thumb Code     0  libinit2.o(.ARM.Collect$$libinit$$00000011)
    __rt_lib_init_lc_ctype_1                 0x0800013f   Thumb Code     0  libinit2.o(.ARM.Collect$$libinit$$00000013)
    __rt_lib_init_lc_monetary_1              0x0800013f   Thumb Code     0  libinit2.o(.ARM.Collect$$libinit$$00000015)
    __rt_lib_init_lc_numeric_1               0x0800013f   Thumb Code     0  libinit2.o(.ARM.Collect$$libinit$$00000017)
    __rt_lib_init_lc_time_1                  0x0800013f   Thumb Code     0  libinit2.o(.ARM.Collect$$libinit$$00000019)
    __rt_lib_init_preinit_1                  0x0800013f   Thumb Code     0  libinit2.o(.ARM.Collect$$libinit$$00000004)
    __rt_lib_init_rand_1                     0x0800013f   Thumb Code     0  libinit2.o(.ARM.Collect$$libinit$$0000000E)
    __rt_lib_init_return                     0x0800013f   Thumb Code     0  libinit2.o(.ARM.Collect$$libinit$$00000033)
    __rt_lib_init_signal_1                   0x0800013f   Thumb Code     0  libinit2.o(.ARM.Collect$$libinit$$0000001D)
    __rt_lib_init_stdio_1                    0x0800013f   Thumb Code     0  libinit2.o(.ARM.Collect$$libinit$$00000025)
    __rt_lib_init_user_alloc_1               0x0800013f   Thumb Code     0  libinit2.o(.ARM.Collect$$libinit$$0000000C)
    __rt_lib_shutdown                        0x08000141   Thumb Code     0  libshutdown.o(.ARM.Collect$$libshutdown$$00000000)
    __rt_lib_shutdown_cpp_1                  0x08000143   Thumb Code     0  libshutdown2.o(.ARM.Collect$$libshutdown$$00000002)
    __rt_lib_shutdown_fp_trap_1              0x08000143   Thumb Code     0  libshutdown2.o(.ARM.Collect$$libshutdown$$00000007)
    __rt_lib_shutdown_heap_1                 0x08000143   Thumb Code     0  libshutdown2.o(.ARM.Collect$$libshutdown$$0000000F)
    __rt_lib_shutdown_return                 0x08000143   Thumb Code     0  libshutdown2.o(.ARM.Collect$$libshutdown$$00000010)
    __rt_lib_shutdown_signal_1               0x08000143   Thumb Code     0  libshutdown2.o(.ARM.Collect$$libshutdown$$0000000A)
    __rt_lib_shutdown_stdio_1                0x08000143   Thumb Code     0  libshutdown2.o(.ARM.Collect$$libshutdown$$00000004)
    __rt_lib_shutdown_user_alloc_1           0x08000143   Thumb Code     0  libshutdown2.o(.ARM.Collect$$libshutdown$$0000000C)
    __rt_entry                               0x08000145   Thumb Code     0  __rtentry.o(.ARM.Collect$$rtentry$$00000000)
    __rt_entry_presh_1                       0x08000145   Thumb Code     0  __rtentry2.o(.ARM.Collect$$rtentry$$00000002)
    __rt_entry_sh                            0x08000145   Thumb Code     0  __rtentry4.o(.ARM.Collect$$rtentry$$00000004)
    __rt_entry_li                            0x0800014b   Thumb Code     0  __rtentry2.o(.ARM.Collect$$rtentry$$0000000A)
    __rt_entry_postsh_1                      0x0800014b   Thumb Code     0  __rtentry2.o(.ARM.Collect$$rtentry$$00000009)
    __rt_entry_main                          0x0800014f   Thumb Code     0  __rtentry2.o(.ARM.Collect$$rtentry$$0000000D)
    __rt_entry_postli_1                      0x0800014f   Thumb Code     0  __rtentry2.o(.ARM.Collect$$rtentry$$0000000C)
    __rt_exit                                0x08000157   Thumb Code     0  rtexit.o(.ARM.Collect$$rtexit$$00000000)
    __rt_exit_ls                             0x08000159   Thumb Code     0  rtexit2.o(.ARM.Collect$$rtexit$$00000003)
    __rt_exit_prels_1                        0x08000159   Thumb Code     0  rtexit2.o(.ARM.Collect$$rtexit$$00000002)
    __rt_exit_exit                           0x0800015d   Thumb Code     0  rtexit2.o(.ARM.Collect$$rtexit$$00000004)
    Reset_Handler                            0x08000165   Thumb Code    34  startup_stm32f0xx.o(.text)
    NMI_Handler                              0x08000187   Thumb Code     2  startup_stm32f0xx.o(.text)
    HardFault_Handler                        0x08000189   Thumb Code     2  startup_stm32f0xx.o(.text)
    SVC_Handler                              0x0800018b   Thumb Code     2  startup_stm32f0xx.o(.text)
    PendSV_Handler                           0x0800018d   Thumb Code     2  startup_stm32f0xx.o(.text)
    ADC1_COMP_IRQHandler                     0x08000191   Thumb Code     0  startup_stm32f0xx.o(.text)
    CEC_IRQHandler                           0x08000191   Thumb Code     0  startup_stm32f0xx.o(.text)
    DMA1_Channel1_IRQHandler                 0x08000191   Thumb Code     0  startup_stm32f0xx.o(.text)
    DMA1_Channel2_3_IRQHandler               0x08000191   Thumb Code     0  startup_stm32f0xx.o(.text)
    DMA1_Channel4_5_IRQHandler               0x08000191   Thumb Code     0  startup_stm32f0xx.o(.text)
    EXTI0_1_IRQHandler                       0x08000191   Thumb Code     0  startup_stm32f0xx.o(.text)
    EXTI2_3_IRQHandler                       0x08000191   Thumb Code     0  startup_stm32f0xx.o(.text)
    EXTI4_15_IRQHandler                      0x08000191   Thumb Code     0  startup_stm32f0xx.o(.text)
    FLASH_IRQHandler                         0x08000191   Thumb Code     0  startup_stm32f0xx.o(.text)
    I2C1_IRQHandler                          0x08000191   Thumb Code     0  startup_stm32f0xx.o(.text)
    I2C2_IRQHandler                          0x08000191   Thumb Code     0  startup_stm32f0xx.o(.text)
    PVD_IRQHandler                           0x08000191   Thumb Code     0  startup_stm32f0xx.o(.text)
    RCC_IRQHandler                           0x08000191   Thumb Code     0  startup_stm32f0xx.o(.text)
    RTC_IRQHandler                           0x08000191   Thumb Code     0  startup_stm32f0xx.o(.text)
    SPI1_IRQHandler                          0x08000191   Thumb Code     0  startup_stm32f0xx.o(.text)
    SPI2_IRQHandler                          0x08000191   Thumb Code     0  startup_stm32f0xx.o(.text)
    TIM14_IRQHandler                         0x08000191   Thumb Code     0  startup_stm32f0xx.o(.text)
    TIM15_IRQHandler                         0x08000191   Thumb Code     0  startup_stm32f0xx.o(.text)
    TIM16_IRQHandler                         0x08000191   Thumb Code     0  startup_stm32f0xx.o(.text)
    TIM17_IRQHandler                         0x08000191   Thumb Code     0  startup_stm32f0xx.o(.text)
    TIM1_BRK_UP_TRG_COM_IRQHandler           0x08000191   Thumb Code     0  startup_stm32f0xx.o(.text)
    TIM1_CC_IRQHandler                       0x08000191   Thumb Code     0  startup_stm32f0xx.o(.text)
    TIM2_IRQHandler                          0x08000191   Thumb Code     0  startup_stm32f0xx.o(.text)
    TIM3_IRQHandler                          0x08000191   Thumb Code     0  startup_stm32f0xx.o(.text)
    TIM6_DAC_IRQHandler                      0x08000191   Thumb Code     0  startup_stm32f0xx.o(.text)
    TS_IRQHandler                            0x08000191   Thumb Code     0  startup_stm32f0xx.o(.text)
    USART2_IRQHandler                        0x08000191   Thumb Code     0  startup_stm32f0xx.o(.text)
    WWDG_IRQHandler                          0x08000191   Thumb Code     0  startup_stm32f0xx.o(.text)
    __user_initial_stackheap                 0x08000195   Thumb Code     0  startup_stm32f0xx.o(.text)
    _memset_w                                0x080001d1   Thumb Code    26  rt_memclr.o(.text)
    _memset                                  0x080001eb   Thumb Code    30  rt_memclr.o(.text)
    __aeabi_memclr                           0x08000209   Thumb Code     4  rt_memclr.o(.text)
    __rt_memclr                              0x08000209   Thumb Code     0  rt_memclr.o(.text)
    __aeabi_memclr4                          0x0800020d   Thumb Code     0  rt_memclr.o(.text)
    __aeabi_memclr8                          0x0800020d   Thumb Code     0  rt_memclr.o(.text)
    __rt_memclr_w                            0x0800020d   Thumb Code     4  rt_memclr.o(.text)
    __aeabi_uidiv                            0x08000211   Thumb Code     0  aeabi_sdiv.o(.text)
    __aeabi_uidivmod                         0x08000211   Thumb Code    20  aeabi_sdiv.o(.text)
    __aeabi_idiv                             0x08000225   Thumb Code     0  aeabi_sdiv.o(.text)
    __aeabi_idivmod                          0x08000225   Thumb Code   326  aeabi_sdiv.o(.text)
    __use_two_region_memory                  0x0800036b   Thumb Code     2  heapauxi.o(.text)
    __rt_heap_escrow                         0x0800036d   Thumb Code     2  heapauxi.o(.text)
    __rt_heap_expand                         0x0800036f   Thumb Code     2  heapauxi.o(.text)
    __aeabi_d2f                              0x08000371   Thumb Code     0  d2f.o(.text)
    _d2f                                     0x08000371   Thumb Code   120  d2f.o(.text)
    __aeabi_ddiv                             0x080003ed   Thumb Code     0  ddiv.o(.text)
    _ddiv                                    0x080003ed   Thumb Code  1072  ddiv.o(.text)
    _drdiv                                   0x0800081d   Thumb Code    20  ddiv.o(.text)
    __aeabi_i2d_normalise                    0x08000835   Thumb Code    66  dflti.o(.text)
    __aeabi_i2d                              0x08000877   Thumb Code    16  dflti.o(.text)
    _dflt                                    0x08000877   Thumb Code     0  dflti.o(.text)
    __aeabi_ui2d                             0x08000887   Thumb Code     6  dflti.o(.text)
    _dfltu                                   0x08000887   Thumb Code     0  dflti.o(.text)
    __aeabi_dmul                             0x0800088d   Thumb Code     0  dmul.o(.text)
    _dmul                                    0x0800088d   Thumb Code   558  dmul.o(.text)
    __aeabi_f2d                              0x08000ad5   Thumb Code     0  f2d.o(.text)
    _f2d                                     0x08000ad5   Thumb Code    80  f2d.o(.text)
    __aeabi_f2uiz                            0x08000b29   Thumb Code     0  ffixui.o(.text)
    _ffixu                                   0x08000b29   Thumb Code    48  ffixui.o(.text)
    __aeabi_i2f_normalise                    0x08000b59   Thumb Code    72  fflti.o(.text)
    __aeabi_i2f                              0x08000ba1   Thumb Code    16  fflti.o(.text)
    _fflt                                    0x08000ba1   Thumb Code     0  fflti.o(.text)
    __aeabi_ui2f                             0x08000bb1   Thumb Code     6  fflti.o(.text)
    _ffltu                                   0x08000bb1   Thumb Code     0  fflti.o(.text)
    __user_libspace                          0x08000bb9   Thumb Code     8  libspace.o(.text)
    __user_perproc_libspace                  0x08000bb9   Thumb Code     0  libspace.o(.text)
    __user_perthread_libspace                0x08000bb9   Thumb Code     0  libspace.o(.text)
    __I$use$semihosting                      0x08000bc1   Thumb Code     0  use_no_semi.o(.text)
    __use_no_semihosting_swi                 0x08000bc1   Thumb Code     2  use_no_semi.o(.text)
    __semihosting_library_function           0x08000bc3   Thumb Code     0  indicate_semi.o(.text)
    __user_setup_stackheap                   0x08000bc3   Thumb Code    62  sys_stackheap_outer.o(.text)
    exit                                     0x08000c01   Thumb Code    16  exit.o(.text)
    _sys_exit                                0x08000c11   Thumb Code     8  sys_exit.o(.text)
    AHBPrescaler                             0x08000c1d   Thumb Code    12  clock.o(i.AHBPrescaler)
    APBPrescaler                             0x08000c2d   Thumb Code    12  clock.o(i.APBPrescaler)
    ClockInit                                0x08000c8d   Thumb Code    66  clock.o(i.ClockInit)
    ConfigVirualPort                         0x08000d4d   Thumb Code    74  gpio_driver.o(i.ConfigVirualPort)
    GammaCorrection                          0x08000d97   Thumb Code    82  pwm.o(i.GammaCorrection)
    PinAltFunc                               0x08000f9d   Thumb Code    84  gpio_driver.o(i.PinAltFunc)
    PinMode                                  0x08000ff1   Thumb Code    40  gpio_driver.o(i.PinMode)
    PinPPorOD                                0x08001019   Thumb Code    42  gpio_driver.o(i.PinPPorOD)
    PinPUPD                                  0x08001043   Thumb Code    38  gpio_driver.o(i.PinPUPD)
    SetSpeedPin                              0x08001159   Thumb Code    40  gpio_driver.o(i.SetSpeedPin)
    SysTick_Handler                          0x08001181   Thumb Code    80  systick.o(i.SysTick_Handler)
    SystickInit                              0x080011d5   Thumb Code   102  systick.o(i.SystickInit)
    TalkPort                                 0x08001255   Thumb Code   264  gpio_driver.o(i.TalkPort)
    USART1_IRQHandler                        0x08001375   Thumb Code   206  usart.o(i.USART1_IRQHandler)
    USART_GetITStatus                        0x08001471   Thumb Code    78  stm32f0xx_usart.o(i.USART_GetITStatus)
    USART_ITConfig                           0x080014bf   Thumb Code    66  stm32f0xx_usart.o(i.USART_ITConfig)
    USART_ReceiveData                        0x08001501   Thumb Code    10  stm32f0xx_usart.o(i.USART_ReceiveData)
    USART_SendData                           0x0800150b   Thumb Code     8  stm32f0xx_usart.o(i.USART_SendData)
    clock_GetAPB                             0x08001515   Thumb Code    42  clock.o(i.clock_GetAPB)
    clock_GetSYS                             0x08001549   Thumb Code     6  clock.o(i.clock_GetSYS)
    main                                     0x08001555   Thumb Code    78  main.o(i.main)
    pwm_Init                                 0x080015cd   Thumb Code    34  pwm.o(i.pwm_Init)
    pwm_Set                                  0x0800180d   Thumb Code    34  pwm.o(i.pwm_Set)
    __aeabi_fmul                             0x08001861   Thumb Code     0  fmul.o(x$fpl$fmul)
    _fmul                                    0x08001861   Thumb Code   172  fmul.o(x$fpl$fmul)
    __I$use$fp                               0x08001910   Number         0  usenofp.o(x$fpl$usenofp)
    massMultPLL                              0x08001958   Data          60  clock.o(.constdata)
    TX                                       0x08001994   Data           8  usart.o(.constdata)
    RX                                       0x0800199c   Data           8  usart.o(.constdata)
    A0                                       0x080019a4   Data           8  main.o(.constdata)
    A1                                       0x080019ac   Data           8  main.o(.constdata)
    A2                                       0x080019b4   Data           8  main.o(.constdata)
    A3                                       0x080019bc   Data           8  main.o(.constdata)
    A13                                      0x080019c4   Data           8  main.o(.constdata)
    A14                                      0x080019cc   Data           8  main.o(.constdata)
    Region$$Table$$Base                      0x08001a54   Number         0  anon$$obj.o(Region$$Table)
    Region$$Table$$Limit                     0x08001a74   Number         0  anon$$obj.o(Region$$Table)
    CoreValue                                0x2000000c   Data           4  clock.o(.data)
    gpio                                     0x20000010   Data           8  usart.o(.data)
    sendData                                 0x20000018   Data           8  usart.o(.data)
    bytesToSend                              0x20000020   Data           1  usart.o(.data)
    sendDataCounter                          0x20000021   Data           1  usart.o(.data)
    rx_wr_index                              0x20000022   Data           2  usart.o(.data)
    rx_rd_index                              0x20000024   Data           2  usart.o(.data)
    rx_counter                               0x20000026   Data           2  usart.o(.data)
    rx_buffer_overflow                       0x20000028   Data           1  usart.o(.data)
    tx_wr_index                              0x2000002a   Data           2  usart.o(.data)
    tx_rd_index                              0x2000002c   Data           2  usart.o(.data)
    tx_counter                               0x2000002e   Data           2  usart.o(.data)
    NVIC_InitStructure                       0x20000030   Data           3  usart.o(.data)
    Usart1Pin                                0x20000034   Data           8  usart.o(.data)
    SimpleAnalogInput                        0x2000003c   Data          16  main.o(.data)
    ExtAnalogInput                           0x2000004c   Data           8  main.o(.data)
    StructClock                              0x20000108   Data          12  clock.o(.bss)
    usart                                    0x20000114   Data          24  usart.o(.bss)
    rx_buffer                                0x2000012c   Data         256  usart.o(.bss)
    tx_buffer                                0x2000022c   Data         256  usart.o(.bss)
    __libspace_start                         0x2000032c   Data          96  libspace.o(.bss)
    __temporary_stack_top$libspace           0x2000038c   Data           0  libspace.o(.bss)



==============================================================================

Memory Map of the image

  Image Entry point : 0x080000c1

  Load Region LR_IROM1 (Base: 0x08000000, Size: 0x00001ac8, Max: 0x00010000, ABSOLUTE)

    Execution Region ER_IROM1 (Base: 0x08000000, Size: 0x00001a74, Max: 0x00010000, ABSOLUTE)

    Base Addr    Size         Type   Attr      Idx    E Section Name        Object

    0x08000000   0x000000c0   Data   RO            3    RESET               startup_stm32f0xx.o
    0x080000c0   0x00000008   Code   RO         1580  * !!!main             c_p.l(__main.o)
    0x080000c8   0x0000003c   Code   RO         1823    !!!scatter          c_p.l(__scatter.o)
    0x08000104   0x0000001a   Code   RO         1825    !!handler_copy      c_p.l(__scatter_copy.o)
    0x0800011e   0x00000002   PAD
    0x08000120   0x0000001c   Code   RO         1827    !!handler_zi        c_p.l(__scatter_zi.o)
    0x0800013c   0x00000002   Code   RO         1761    .ARM.Collect$$libinit$$00000000  c_p.l(libinit.o)
    0x0800013e   0x00000000   Code   RO         1646    .ARM.Collect$$libinit$$00000002  c_p.l(libinit2.o)
    0x0800013e   0x00000000   Code   RO         1648    .ARM.Collect$$libinit$$00000004  c_p.l(libinit2.o)
    0x0800013e   0x00000000   Code   RO         1651    .ARM.Collect$$libinit$$0000000A  c_p.l(libinit2.o)
    0x0800013e   0x00000000   Code   RO         1653    .ARM.Collect$$libinit$$0000000C  c_p.l(libinit2.o)
    0x0800013e   0x00000000   Code   RO         1655    .ARM.Collect$$libinit$$0000000E  c_p.l(libinit2.o)
    0x0800013e   0x00000000   Code   RO         1658    .ARM.Collect$$libinit$$00000011  c_p.l(libinit2.o)
    0x0800013e   0x00000000   Code   RO         1660    .ARM.Collect$$libinit$$00000013  c_p.l(libinit2.o)
    0x0800013e   0x00000000   Code   RO         1662    .ARM.Collect$$libinit$$00000015  c_p.l(libinit2.o)
    0x0800013e   0x00000000   Code   RO         1664    .ARM.Collect$$libinit$$00000017  c_p.l(libinit2.o)
    0x0800013e   0x00000000   Code   RO         1666    .ARM.Collect$$libinit$$00000019  c_p.l(libinit2.o)
    0x0800013e   0x00000000   Code   RO         1668    .ARM.Collect$$libinit$$0000001B  c_p.l(libinit2.o)
    0x0800013e   0x00000000   Code   RO         1670    .ARM.Collect$$libinit$$0000001D  c_p.l(libinit2.o)
    0x0800013e   0x00000000   Code   RO         1672    .ARM.Collect$$libinit$$0000001F  c_p.l(libinit2.o)
    0x0800013e   0x00000000   Code   RO         1674    .ARM.Collect$$libinit$$00000021  c_p.l(libinit2.o)
    0x0800013e   0x00000000   Code   RO         1676    .ARM.Collect$$libinit$$00000023  c_p.l(libinit2.o)
    0x0800013e   0x00000000   Code   RO         1678    .ARM.Collect$$libinit$$00000025  c_p.l(libinit2.o)
    0x0800013e   0x00000000   Code   RO         1682    .ARM.Collect$$libinit$$0000002C  c_p.l(libinit2.o)
    0x0800013e   0x00000000   Code   RO         1684    .ARM.Collect$$libinit$$0000002E  c_p.l(libinit2.o)
    0x0800013e   0x00000000   Code   RO         1686    .ARM.Collect$$libinit$$00000030  c_p.l(libinit2.o)
    0x0800013e   0x00000000   Code   RO         1688    .ARM.Collect$$libinit$$00000032  c_p.l(libinit2.o)
    0x0800013e   0x00000002   Code   RO         1689    .ARM.Collect$$libinit$$00000033  c_p.l(libinit2.o)
    0x08000140   0x00000002   Code   RO         1820    .ARM.Collect$$libshutdown$$00000000  c_p.l(libshutdown.o)
    0x08000142   0x00000000   Code   RO         1778    .ARM.Collect$$libshutdown$$00000002  c_p.l(libshutdown2.o)
    0x08000142   0x00000000   Code   RO         1780    .ARM.Collect$$libshutdown$$00000004  c_p.l(libshutdown2.o)
    0x08000142   0x00000000   Code   RO         1783    .ARM.Collect$$libshutdown$$00000007  c_p.l(libshutdown2.o)
    0x08000142   0x00000000   Code   RO         1786    .ARM.Collect$$libshutdown$$0000000A  c_p.l(libshutdown2.o)
    0x08000142   0x00000000   Code   RO         1788    .ARM.Collect$$libshutdown$$0000000C  c_p.l(libshutdown2.o)
    0x08000142   0x00000000   Code   RO         1791    .ARM.Collect$$libshutdown$$0000000F  c_p.l(libshutdown2.o)
    0x08000142   0x00000002   Code   RO         1792    .ARM.Collect$$libshutdown$$00000010  c_p.l(libshutdown2.o)
    0x08000144   0x00000000   Code   RO         1603    .ARM.Collect$$rtentry$$00000000  c_p.l(__rtentry.o)
    0x08000144   0x00000000   Code   RO         1697    .ARM.Collect$$rtentry$$00000002  c_p.l(__rtentry2.o)
    0x08000144   0x00000006   Code   RO         1709    .ARM.Collect$$rtentry$$00000004  c_p.l(__rtentry4.o)
    0x0800014a   0x00000000   Code   RO         1699    .ARM.Collect$$rtentry$$00000009  c_p.l(__rtentry2.o)
    0x0800014a   0x00000004   Code   RO         1700    .ARM.Collect$$rtentry$$0000000A  c_p.l(__rtentry2.o)
    0x0800014e   0x00000000   Code   RO         1702    .ARM.Collect$$rtentry$$0000000C  c_p.l(__rtentry2.o)
    0x0800014e   0x00000008   Code   RO         1703    .ARM.Collect$$rtentry$$0000000D  c_p.l(__rtentry2.o)
    0x08000156   0x00000002   Code   RO         1765    .ARM.Collect$$rtexit$$00000000  c_p.l(rtexit.o)
    0x08000158   0x00000000   Code   RO         1796    .ARM.Collect$$rtexit$$00000002  c_p.l(rtexit2.o)
    0x08000158   0x00000004   Code   RO         1797    .ARM.Collect$$rtexit$$00000003  c_p.l(rtexit2.o)
    0x0800015c   0x00000006   Code   RO         1798    .ARM.Collect$$rtexit$$00000004  c_p.l(rtexit2.o)
    0x08000162   0x00000002   PAD
    0x08000164   0x0000006c   Code   RO            4    .text               startup_stm32f0xx.o
    0x080001d0   0x00000040   Code   RO         1572    .text               c_p.l(rt_memclr.o)
    0x08000210   0x0000015a   Code   RO         1574    .text               c_p.l(aeabi_sdiv.o)
    0x0800036a   0x00000006   Code   RO         1578    .text               c_p.l(heapauxi.o)
    0x08000370   0x0000007c   Code   RO         1582    .text               fz_ps.l(d2f.o)
    0x080003ec   0x00000448   Code   RO         1584    .text               fz_ps.l(ddiv.o)
    0x08000834   0x00000058   Code   RO         1589    .text               fz_ps.l(dflti.o)
    0x0800088c   0x00000248   Code   RO         1591    .text               fz_ps.l(dmul.o)
    0x08000ad4   0x00000054   Code   RO         1593    .text               fz_ps.l(f2d.o)
    0x08000b28   0x00000030   Code   RO         1595    .text               fz_ps.l(ffixui.o)
    0x08000b58   0x0000005e   Code   RO         1597    .text               fz_ps.l(fflti.o)
    0x08000bb6   0x00000002   PAD
    0x08000bb8   0x00000008   Code   RO         1693    .text               c_p.l(libspace.o)
    0x08000bc0   0x00000002   Code   RO         1732    .text               c_p.l(use_no_semi.o)
    0x08000bc2   0x00000000   Code   RO         1734    .text               c_p.l(indicate_semi.o)
    0x08000bc2   0x0000003e   Code   RO         1735    .text               c_p.l(sys_stackheap_outer.o)
    0x08000c00   0x00000010   Code   RO         1742    .text               c_p.l(exit.o)
    0x08000c10   0x0000000c   Code   RO         1762    .text               c_p.l(sys_exit.o)
    0x08000c1c   0x00000010   Code   RO          502    i.AHBPrescaler      clock.o
    0x08000c2c   0x00000010   Code   RO          503    i.APBPrescaler      clock.o
    0x08000c3c   0x0000004e   Code   RO          278    i.CalculationStartValue  pwm.o
    0x08000c8a   0x00000002   PAD
    0x08000c8c   0x0000004c   Code   RO          504    i.ClockInit         clock.o
    0x08000cd8   0x00000074   Code   RO          505    i.ClockReset        clock.o
    0x08000d4c   0x0000004a   Code   RO           12    i.ConfigVirualPort  gpio_driver.o
    0x08000d96   0x00000052   Code   RO          279    i.GammaCorrection   pwm.o
    0x08000de8   0x00000018   Code   RO          506    i.InitClockStruct   clock.o
    0x08000e00   0x000000b4   Code   RO          507    i.InitHSE           clock.o
    0x08000eb4   0x00000070   Code   RO          508    i.InitHSI           clock.o
    0x08000f24   0x00000078   Code   RO          391    i.NVIC_SetPriority  systick.o
    0x08000f9c   0x00000054   Code   RO           14    i.PinAltFunc        gpio_driver.o
    0x08000ff0   0x00000028   Code   RO           15    i.PinMode           gpio_driver.o
    0x08001018   0x0000002a   Code   RO           19    i.PinPPorOD         gpio_driver.o
    0x08001042   0x00000026   Code   RO           20    i.PinPUPD           gpio_driver.o
    0x08001068   0x00000078   Code   RO          509    i.SelectBaseSystemSource  clock.o
    0x080010e0   0x00000024   Code   RO          510    i.SelectMultPLL     clock.o
    0x08001104   0x00000010   Code   RO          511    i.SelectPredivForPLL  clock.o
    0x08001114   0x00000044   Code   RO          512    i.SelectSourceForPLL  clock.o
    0x08001158   0x00000028   Code   RO           26    i.SetSpeedPin       gpio_driver.o
    0x08001180   0x00000054   Code   RO          392    i.SysTick_Handler   systick.o
    0x080011d4   0x00000080   Code   RO          395    i.SystickInit       systick.o
    0x08001254   0x00000120   Code   RO           27    i.TalkPort          gpio_driver.o
    0x08001374   0x000000fc   Code   RO          643    i.USART1_IRQHandler  usart.o
    0x08001470   0x0000004e   Code   RO         1192    i.USART_GetITStatus  stm32f0xx_usart.o
    0x080014be   0x00000042   Code   RO         1194    i.USART_ITConfig    stm32f0xx_usart.o
    0x08001500   0x0000000a   Code   RO         1207    i.USART_ReceiveData  stm32f0xx_usart.o
    0x0800150a   0x00000008   Code   RO         1212    i.USART_SendData    stm32f0xx_usart.o
    0x08001512   0x00000002   PAD
    0x08001514   0x00000034   Code   RO          513    i.clock_GetAPB      clock.o
    0x08001548   0x0000000c   Code   RO          514    i.clock_GetSYS      clock.o
    0x08001554   0x00000060   Code   RO          695    i.main              main.o
    0x080015b4   0x00000018   Code   RO          281    i.pwm_GetChannel    pwm.o
    0x080015cc   0x00000022   Code   RO          282    i.pwm_Init          pwm.o
    0x080015ee   0x000001b2   Code   RO          283    i.pwm_InitChannel   pwm.o
    0x080017a0   0x0000006c   Code   RO          284    i.pwm_InitTimer     pwm.o
    0x0800180c   0x00000022   Code   RO          285    i.pwm_Set           pwm.o
    0x0800182e   0x00000030   Code   RO          286    i.pwm_SetValue      pwm.o
    0x0800185e   0x00000002   PAD
    0x08001860   0x000000b0   Code   RO         1599    x$fpl$fmul          fz_ps.l(fmul.o)
    0x08001910   0x00000000   Code   RO         1690    x$fpl$usenofp       fz_ps.l(usenofp.o)
    0x08001910   0x00000048   Data   RO          287    .constdata          pwm.o
    0x08001958   0x0000003c   Data   RO          516    .constdata          clock.o
    0x08001994   0x00000010   Data   RO          648    .constdata          usart.o
    0x080019a4   0x00000030   Data   RO          696    .constdata          main.o
    0x080019d4   0x00000080   Data   RO         1585    .constdata          fz_ps.l(ddiv.o)
    0x08001a54   0x00000020   Data   RO         1821    Region$$Table       anon$$obj.o


    Execution Region RW_IRAM1 (Base: 0x20000000, Size: 0x00000990, Max: 0x00004000, ABSOLUTE)

    Base Addr    Size         Type   Attr      Idx    E Section Name        Object

    0x20000000   0x00000002   Data   RW          288    .data               pwm.o
    0x20000002   0x00000002   PAD
    0x20000004   0x00000008   Data   RW          400    .data               systick.o
    0x2000000c   0x00000004   Data   RW          517    .data               clock.o
    0x20000010   0x0000002c   Data   RW          649    .data               usart.o
    0x2000003c   0x00000018   Data   RW          697    .data               main.o
    0x20000054   0x000000b4   Zero   RW          399    .bss                systick.o
    0x20000108   0x0000000c   Zero   RW          515    .bss                clock.o
    0x20000114   0x00000218   Zero   RW          647    .bss                usart.o
    0x2000032c   0x00000060   Zero   RW         1694    .bss                c_p.l(libspace.o)
    0x2000038c   0x00000004   PAD
    0x20000390   0x00000200   Zero   RW            2    HEAP                startup_stm32f0xx.o
    0x20000590   0x00000400   Zero   RW            1    STACK               startup_stm32f0xx.o


==============================================================================

Image component sizes


      Code (inc. data)   RO Data    RW Data    ZI Data      Debug   Object Name

       844         92         60          4         12       6036   clock.o
       606         24          0          0          0     171789   gpio_driver.o
        96         18         48         24          0       1050   main.o
         0          0          0          0          0        984   platform_delay.o
       842         14         72          2          0       5567   pwm.o
       108         52        192          0       1536        712   startup_stm32f0xx.o
       162          0          0          0          0       3202   stm32f0xx_usart.o
       332         40          0          8        180       7852   systick.o
       252         46         16         44        536      12178   usart.o

    ----------------------------------------------------------------------
      3248        286        420         84       2264     209370   Object Totals
         0          0         32          0          0          0   (incl. Generated)
         6          0          0          2          0          0   (incl. Padding)

    ----------------------------------------------------------------------

      Code (inc. data)   RO Data    RW Data    ZI Data      Debug   Library Member Name

         8          0          0          0          0         68   __main.o
         0          0          0          0          0          0   __rtentry.o
        12          0          0          0          0          0   __rtentry2.o
         6          0          0          0          0          0   __rtentry4.o
        60          8          0          0          0          0   __scatter.o
        26          0          0          0          0          0   __scatter_copy.o
        28          0          0          0          0          0   __scatter_zi.o
       346          0          0          0          0         92   aeabi_sdiv.o
        16          0          0          0          0         68   exit.o
         6          0          0          0          0        136   heapauxi.o
         0          0          0          0          0          0   indicate_semi.o
         2          0          0          0          0          0   libinit.o
         2          0          0          0          0          0   libinit2.o
         2          0          0          0          0          0   libshutdown.o
         2          0          0          0          0          0   libshutdown2.o
         8          4          0          0         96         68   libspace.o
        64          0          0          0          0        108   rt_memclr.o
         2          0          0          0          0          0   rtexit.o
        10          0          0          0          0          0   rtexit2.o
        12          4          0          0          0         60   sys_exit.o
        62          0          0          0          0         80   sys_stackheap_outer.o
         2          0          0          0          0         68   use_no_semi.o
       124          4          0          0          0         72   d2f.o
      1096         26        128          0          0        112   ddiv.o
        88          0          0          0          0         92   dflti.o
       584         26          0          0          0         84   dmul.o
        84          4          0          0          0         60   f2d.o
        48          0          0          0          0         60   ffixui.o
        94          0          0          0          0         92   fflti.o
       176          4          0          0          0         80   fmul.o
         0          0          0          0          0          0   usenofp.o

    ----------------------------------------------------------------------
      2976         80        128          0        100       1400   Library Totals
         6          0          0          0          4          0   (incl. Padding)

    ----------------------------------------------------------------------

      Code (inc. data)   RO Data    RW Data    ZI Data      Debug   Library Name

       676         16          0          0         96        748   c_p.l
      2294         64        128          0          0        652   fz_ps.l

    ----------------------------------------------------------------------
      2976         80        128          0        100       1400   Library Totals

    ----------------------------------------------------------------------

==============================================================================


      Code (inc. data)   RO Data    RW Data    ZI Data      Debug   

      6224        366        548         84       2364     208726   Grand Totals
      6224        366        548         84       2364     208726   ELF Image Totals
      6224        366        548         84          0          0   ROM Totals

==============================================================================

    Total RO  Size (Code + RO Data)                 6772 (   6.61kB)
    Total RW  Size (RW Data + ZI Data)              2448 (   2.39kB)
    Total ROM Size (Code + RO Data + RW Data)       6856 (   6.70kB)

==============================================================================

